Copyright 1986-2022 Xilinx, Inc. All Rights Reserved.
---------------------------------------------------------------------------------------------------------------------------------------
| Tool Version : Vivado v.2022.2 (win64) Build 3671981 Fri Oct 14 05:00:03 MDT 2022
| Date         : Mon Dec  9 01:55:41 2024
| Host         : Curtis-Laptop running 64-bit major release  (build 9200)
| Command      : report_drc -file mb_usb_hdmi_top_drc_routed.rpt -pb mb_usb_hdmi_top_drc_routed.pb -rpx mb_usb_hdmi_top_drc_routed.rpx
| Design       : mb_usb_hdmi_top
| Device       : xc7s50csga324-1
| Speed File   : -1
| Design State : Fully Routed
---------------------------------------------------------------------------------------------------------------------------------------

Report DRC

Table of Contents
-----------------
1. REPORT SUMMARY
2. REPORT DETAILS

1. REPORT SUMMARY
-----------------
            Netlist: netlist
          Floorplan: design_1
      Design limits: <entire design considered>
           Ruledeck: default
             Max violations: <unlimited>
             Violations found: 45
+----------+----------+-----------------------------------------------------+------------+
| Rule     | Severity | Description                                         | Violations |
+----------+----------+-----------------------------------------------------+------------+
| CFGBVS-1 | Warning  | Missing CFGBVS and CONFIG_VOLTAGE Design Properties | 1          |
| DPIP-1   | Warning  | Input pipelining                                    | 12         |
| PDRC-153 | Warning  | Gated clock check                                   | 32         |
+----------+----------+-----------------------------------------------------+------------+

2. REPORT DETAILS
-----------------
CFGBVS-1#1 Warning
Missing CFGBVS and CONFIG_VOLTAGE Design Properties  
Neither the CFGBVS nor CONFIG_VOLTAGE voltage property is set in the current_design.  Configuration bank voltage select (CFGBVS) must be set to VCCO or GND, and CONFIG_VOLTAGE must be set to the correct configuration voltage, in order to determine the I/O voltage support for the pins in bank 0.  It is suggested to specify these either using the 'Edit Device Properties' function in the GUI or directly in the XDC file using the following syntax:

 set_property CFGBVS value1 [current_design]
 #where value1 is either VCCO or GND

 set_property CONFIG_VOLTAGE value2 [current_design]
 #where value2 is the voltage provided to configuration bank 0

Refer to the device configuration user guide for more information.
Related violations: <none>

DPIP-1#1 Warning
Input pipelining  
DSP arrow_instance/ball_on2 input arrow_instance/ball_on2/A[29:0] is not pipelined. Pipelining DSP48 input will improve performance.
Related violations: <none>

DPIP-1#2 Warning
Input pipelining  
DSP arrow_instance/ball_on2 input arrow_instance/ball_on2/B[17:0] is not pipelined. Pipelining DSP48 input will improve performance.
Related violations: <none>

DPIP-1#3 Warning
Input pipelining  
DSP arrow_instance/ball_on2__0 input arrow_instance/ball_on2__0/A[29:0] is not pipelined. Pipelining DSP48 input will improve performance.
Related violations: <none>

DPIP-1#4 Warning
Input pipelining  
DSP arrow_instance/ball_on2__0 input arrow_instance/ball_on2__0/B[17:0] is not pipelined. Pipelining DSP48 input will improve performance.
Related violations: <none>

DPIP-1#5 Warning
Input pipelining  
DSP arrow_instance/ball_on2__1 input arrow_instance/ball_on2__1/A[29:0] is not pipelined. Pipelining DSP48 input will improve performance.
Related violations: <none>

DPIP-1#6 Warning
Input pipelining  
DSP arrow_instance/ball_on2__1 input arrow_instance/ball_on2__1/B[17:0] is not pipelined. Pipelining DSP48 input will improve performance.
Related violations: <none>

DPIP-1#7 Warning
Input pipelining  
DSP arrow_instance/ball_on3 input arrow_instance/ball_on3/A[29:0] is not pipelined. Pipelining DSP48 input will improve performance.
Related violations: <none>

DPIP-1#8 Warning
Input pipelining  
DSP arrow_instance/ball_on3 input arrow_instance/ball_on3/B[17:0] is not pipelined. Pipelining DSP48 input will improve performance.
Related violations: <none>

DPIP-1#9 Warning
Input pipelining  
DSP arrow_instance/ball_on3__0 input arrow_instance/ball_on3__0/A[29:0] is not pipelined. Pipelining DSP48 input will improve performance.
Related violations: <none>

DPIP-1#10 Warning
Input pipelining  
DSP arrow_instance/ball_on3__0 input arrow_instance/ball_on3__0/B[17:0] is not pipelined. Pipelining DSP48 input will improve performance.
Related violations: <none>

DPIP-1#11 Warning
Input pipelining  
DSP arrow_instance/ball_on3__1 input arrow_instance/ball_on3__1/A[29:0] is not pipelined. Pipelining DSP48 input will improve performance.
Related violations: <none>

DPIP-1#12 Warning
Input pipelining  
DSP arrow_instance/ball_on3__1 input arrow_instance/ball_on3__1/B[17:0] is not pipelined. Pipelining DSP48 input will improve performance.
Related violations: <none>

PDRC-153#1 Warning
Gated clock check  
Net arrow1/arrow_y_reg[0]_LDC_i_1_n_0 is a gated clock net sourced by a combinational pin arrow1/arrow_y_reg[0]_LDC_i_1/O, cell arrow1/arrow_y_reg[0]_LDC_i_1. This is not good design practice and will likely impact performance. For SLICE registers, for example, use the CE pin to control the loading of data.
Related violations: <none>

PDRC-153#2 Warning
Gated clock check  
Net arrow1/arrow_y_reg[10]_LDC_i_1_n_0 is a gated clock net sourced by a combinational pin arrow1/arrow_y_reg[10]_LDC_i_1/O, cell arrow1/arrow_y_reg[10]_LDC_i_1. This is not good design practice and will likely impact performance. For SLICE registers, for example, use the CE pin to control the loading of data.
Related violations: <none>

PDRC-153#3 Warning
Gated clock check  
Net arrow1/arrow_y_reg[11]_LDC_i_1_n_0 is a gated clock net sourced by a combinational pin arrow1/arrow_y_reg[11]_LDC_i_1/O, cell arrow1/arrow_y_reg[11]_LDC_i_1. This is not good design practice and will likely impact performance. For SLICE registers, for example, use the CE pin to control the loading of data.
Related violations: <none>

PDRC-153#4 Warning
Gated clock check  
Net arrow1/arrow_y_reg[12]_LDC_i_1_n_0 is a gated clock net sourced by a combinational pin arrow1/arrow_y_reg[12]_LDC_i_1/O, cell arrow1/arrow_y_reg[12]_LDC_i_1. This is not good design practice and will likely impact performance. For SLICE registers, for example, use the CE pin to control the loading of data.
Related violations: <none>

PDRC-153#5 Warning
Gated clock check  
Net arrow1/arrow_y_reg[13]_LDC_i_1_n_0 is a gated clock net sourced by a combinational pin arrow1/arrow_y_reg[13]_LDC_i_1/O, cell arrow1/arrow_y_reg[13]_LDC_i_1. This is not good design practice and will likely impact performance. For SLICE registers, for example, use the CE pin to control the loading of data.
Related violations: <none>

PDRC-153#6 Warning
Gated clock check  
Net arrow1/arrow_y_reg[14]_LDC_i_1_n_0 is a gated clock net sourced by a combinational pin arrow1/arrow_y_reg[14]_LDC_i_1/O, cell arrow1/arrow_y_reg[14]_LDC_i_1. This is not good design practice and will likely impact performance. For SLICE registers, for example, use the CE pin to control the loading of data.
Related violations: <none>

PDRC-153#7 Warning
Gated clock check  
Net arrow1/arrow_y_reg[15]_LDC_i_1_n_0 is a gated clock net sourced by a combinational pin arrow1/arrow_y_reg[15]_LDC_i_1/O, cell arrow1/arrow_y_reg[15]_LDC_i_1. This is not good design practice and will likely impact performance. For SLICE registers, for example, use the CE pin to control the loading of data.
Related violations: <none>

PDRC-153#8 Warning
Gated clock check  
Net arrow1/arrow_y_reg[16]_LDC_i_1_n_0 is a gated clock net sourced by a combinational pin arrow1/arrow_y_reg[16]_LDC_i_1/O, cell arrow1/arrow_y_reg[16]_LDC_i_1. This is not good design practice and will likely impact performance. For SLICE registers, for example, use the CE pin to control the loading of data.
Related violations: <none>

PDRC-153#9 Warning
Gated clock check  
Net arrow1/arrow_y_reg[17]_LDC_i_1_n_0 is a gated clock net sourced by a combinational pin arrow1/arrow_y_reg[17]_LDC_i_1/O, cell arrow1/arrow_y_reg[17]_LDC_i_1. This is not good design practice and will likely impact performance. For SLICE registers, for example, use the CE pin to control the loading of data.
Related violations: <none>

PDRC-153#10 Warning
Gated clock check  
Net arrow1/arrow_y_reg[18]_LDC_i_1_n_0 is a gated clock net sourced by a combinational pin arrow1/arrow_y_reg[18]_LDC_i_1/O, cell arrow1/arrow_y_reg[18]_LDC_i_1. This is not good design practice and will likely impact performance. For SLICE registers, for example, use the CE pin to control the loading of data.
Related violations: <none>

PDRC-153#11 Warning
Gated clock check  
Net arrow1/arrow_y_reg[19]_LDC_i_1_n_0 is a gated clock net sourced by a combinational pin arrow1/arrow_y_reg[19]_LDC_i_1/O, cell arrow1/arrow_y_reg[19]_LDC_i_1. This is not good design practice and will likely impact performance. For SLICE registers, for example, use the CE pin to control the loading of data.
Related violations: <none>

PDRC-153#12 Warning
Gated clock check  
Net arrow1/arrow_y_reg[1]_LDC_i_1_n_0 is a gated clock net sourced by a combinational pin arrow1/arrow_y_reg[1]_LDC_i_1/O, cell arrow1/arrow_y_reg[1]_LDC_i_1. This is not good design practice and will likely impact performance. For SLICE registers, for example, use the CE pin to control the loading of data.
Related violations: <none>

PDRC-153#13 Warning
Gated clock check  
Net arrow1/arrow_y_reg[20]_LDC_i_1_n_0 is a gated clock net sourced by a combinational pin arrow1/arrow_y_reg[20]_LDC_i_1/O, cell arrow1/arrow_y_reg[20]_LDC_i_1. This is not good design practice and will likely impact performance. For SLICE registers, for example, use the CE pin to control the loading of data.
Related violations: <none>

PDRC-153#14 Warning
Gated clock check  
Net arrow1/arrow_y_reg[21]_LDC_i_1_n_0 is a gated clock net sourced by a combinational pin arrow1/arrow_y_reg[21]_LDC_i_1/O, cell arrow1/arrow_y_reg[21]_LDC_i_1. This is not good design practice and will likely impact performance. For SLICE registers, for example, use the CE pin to control the loading of data.
Related violations: <none>

PDRC-153#15 Warning
Gated clock check  
Net arrow1/arrow_y_reg[22]_LDC_i_1_n_0 is a gated clock net sourced by a combinational pin arrow1/arrow_y_reg[22]_LDC_i_1/O, cell arrow1/arrow_y_reg[22]_LDC_i_1. This is not good design practice and will likely impact performance. For SLICE registers, for example, use the CE pin to control the loading of data.
Related violations: <none>

PDRC-153#16 Warning
Gated clock check  
Net arrow1/arrow_y_reg[23]_LDC_i_1_n_0 is a gated clock net sourced by a combinational pin arrow1/arrow_y_reg[23]_LDC_i_1/O, cell arrow1/arrow_y_reg[23]_LDC_i_1. This is not good design practice and will likely impact performance. For SLICE registers, for example, use the CE pin to control the loading of data.
Related violations: <none>

PDRC-153#17 Warning
Gated clock check  
Net arrow1/arrow_y_reg[24]_LDC_i_1_n_0 is a gated clock net sourced by a combinational pin arrow1/arrow_y_reg[24]_LDC_i_1/O, cell arrow1/arrow_y_reg[24]_LDC_i_1. This is not good design practice and will likely impact performance. For SLICE registers, for example, use the CE pin to control the loading of data.
Related violations: <none>

PDRC-153#18 Warning
Gated clock check  
Net arrow1/arrow_y_reg[25]_LDC_i_1_n_0 is a gated clock net sourced by a combinational pin arrow1/arrow_y_reg[25]_LDC_i_1/O, cell arrow1/arrow_y_reg[25]_LDC_i_1. This is not good design practice and will likely impact performance. For SLICE registers, for example, use the CE pin to control the loading of data.
Related violations: <none>

PDRC-153#19 Warning
Gated clock check  
Net arrow1/arrow_y_reg[26]_LDC_i_1_n_0 is a gated clock net sourced by a combinational pin arrow1/arrow_y_reg[26]_LDC_i_1/O, cell arrow1/arrow_y_reg[26]_LDC_i_1. This is not good design practice and will likely impact performance. For SLICE registers, for example, use the CE pin to control the loading of data.
Related violations: <none>

PDRC-153#20 Warning
Gated clock check  
Net arrow1/arrow_y_reg[27]_LDC_i_1_n_0 is a gated clock net sourced by a combinational pin arrow1/arrow_y_reg[27]_LDC_i_1/O, cell arrow1/arrow_y_reg[27]_LDC_i_1. This is not good design practice and will likely impact performance. For SLICE registers, for example, use the CE pin to control the loading of data.
Related violations: <none>

PDRC-153#21 Warning
Gated clock check  
Net arrow1/arrow_y_reg[28]_LDC_i_1_n_0 is a gated clock net sourced by a combinational pin arrow1/arrow_y_reg[28]_LDC_i_1/O, cell arrow1/arrow_y_reg[28]_LDC_i_1. This is not good design practice and will likely impact performance. For SLICE registers, for example, use the CE pin to control the loading of data.
Related violations: <none>

PDRC-153#22 Warning
Gated clock check  
Net arrow1/arrow_y_reg[29]_LDC_i_1_n_0 is a gated clock net sourced by a combinational pin arrow1/arrow_y_reg[29]_LDC_i_1/O, cell arrow1/arrow_y_reg[29]_LDC_i_1. This is not good design practice and will likely impact performance. For SLICE registers, for example, use the CE pin to control the loading of data.
Related violations: <none>

PDRC-153#23 Warning
Gated clock check  
Net arrow1/arrow_y_reg[2]_LDC_i_1_n_0 is a gated clock net sourced by a combinational pin arrow1/arrow_y_reg[2]_LDC_i_1/O, cell arrow1/arrow_y_reg[2]_LDC_i_1. This is not good design practice and will likely impact performance. For SLICE registers, for example, use the CE pin to control the loading of data.
Related violations: <none>

PDRC-153#24 Warning
Gated clock check  
Net arrow1/arrow_y_reg[30]_LDC_i_1_n_0 is a gated clock net sourced by a combinational pin arrow1/arrow_y_reg[30]_LDC_i_1/O, cell arrow1/arrow_y_reg[30]_LDC_i_1. This is not good design practice and will likely impact performance. For SLICE registers, for example, use the CE pin to control the loading of data.
Related violations: <none>

PDRC-153#25 Warning
Gated clock check  
Net arrow1/arrow_y_reg[31]_LDC_i_1_n_0 is a gated clock net sourced by a combinational pin arrow1/arrow_y_reg[31]_LDC_i_1/O, cell arrow1/arrow_y_reg[31]_LDC_i_1. This is not good design practice and will likely impact performance. For SLICE registers, for example, use the CE pin to control the loading of data.
Related violations: <none>

PDRC-153#26 Warning
Gated clock check  
Net arrow1/arrow_y_reg[3]_LDC_i_1_n_0 is a gated clock net sourced by a combinational pin arrow1/arrow_y_reg[3]_LDC_i_1/O, cell arrow1/arrow_y_reg[3]_LDC_i_1. This is not good design practice and will likely impact performance. For SLICE registers, for example, use the CE pin to control the loading of data.
Related violations: <none>

PDRC-153#27 Warning
Gated clock check  
Net arrow1/arrow_y_reg[4]_LDC_i_1_n_0 is a gated clock net sourced by a combinational pin arrow1/arrow_y_reg[4]_LDC_i_1/O, cell arrow1/arrow_y_reg[4]_LDC_i_1. This is not good design practice and will likely impact performance. For SLICE registers, for example, use the CE pin to control the loading of data.
Related violations: <none>

PDRC-153#28 Warning
Gated clock check  
Net arrow1/arrow_y_reg[5]_LDC_i_1_n_0 is a gated clock net sourced by a combinational pin arrow1/arrow_y_reg[5]_LDC_i_1/O, cell arrow1/arrow_y_reg[5]_LDC_i_1. This is not good design practice and will likely impact performance. For SLICE registers, for example, use the CE pin to control the loading of data.
Related violations: <none>

PDRC-153#29 Warning
Gated clock check  
Net arrow1/arrow_y_reg[6]_LDC_i_1_n_0 is a gated clock net sourced by a combinational pin arrow1/arrow_y_reg[6]_LDC_i_1/O, cell arrow1/arrow_y_reg[6]_LDC_i_1. This is not good design practice and will likely impact performance. For SLICE registers, for example, use the CE pin to control the loading of data.
Related violations: <none>

PDRC-153#30 Warning
Gated clock check  
Net arrow1/arrow_y_reg[7]_LDC_i_1_n_0 is a gated clock net sourced by a combinational pin arrow1/arrow_y_reg[7]_LDC_i_1/O, cell arrow1/arrow_y_reg[7]_LDC_i_1. This is not good design practice and will likely impact performance. For SLICE registers, for example, use the CE pin to control the loading of data.
Related violations: <none>

PDRC-153#31 Warning
Gated clock check  
Net arrow1/arrow_y_reg[8]_LDC_i_1_n_0 is a gated clock net sourced by a combinational pin arrow1/arrow_y_reg[8]_LDC_i_1/O, cell arrow1/arrow_y_reg[8]_LDC_i_1. This is not good design practice and will likely impact performance. For SLICE registers, for example, use the CE pin to control the loading of data.
Related violations: <none>

PDRC-153#32 Warning
Gated clock check  
Net arrow1/arrow_y_reg[9]_LDC_i_1_n_0 is a gated clock net sourced by a combinational pin arrow1/arrow_y_reg[9]_LDC_i_1/O, cell arrow1/arrow_y_reg[9]_LDC_i_1. This is not good design practice and will likely impact performance. For SLICE registers, for example, use the CE pin to control the loading of data.
Related violations: <none>


