Copyright 1986-2022 Xilinx, Inc. All Rights Reserved.
-------------------------------------------------------------------------------------------------------------------------------------------------------------------
| Tool Version     : Vivado v.2022.2 (win64) Build 3671981 Fri Oct 14 05:00:03 MDT 2022
| Date             : Fri Dec 13 10:27:21 2024
| Host             : Curtis-Laptop running 64-bit major release  (build 9200)
| Command          : report_power -file mb_usb_hdmi_top_power_routed.rpt -pb mb_usb_hdmi_top_power_summary_routed.pb -rpx mb_usb_hdmi_top_power_routed.rpx
| Design           : mb_usb_hdmi_top
| Device           : xc7s50csga324-1
| Design State     : routed
| Grade            : commercial
| Process          : typical
| Characterization : Production
-------------------------------------------------------------------------------------------------------------------------------------------------------------------

Power Report

Table of Contents
-----------------
1. Summary
1.1 On-Chip Components
1.2 Power Supply Summary
1.3 Confidence Level
2. Settings
2.1 Environment
2.2 Clock Constraints
3. Detailed Reports
3.1 By Hierarchy

1. Summary
----------

+--------------------------+--------------+
| Total On-Chip Power (W)  | 0.932        |
| Design Power Budget (W)  | Unspecified* |
| Power Budget Margin (W)  | NA           |
| Dynamic (W)              | 0.856        |
| Device Static (W)        | 0.077        |
| Effective TJA (C/W)      | 4.9          |
| Max Ambient (C)          | 80.4         |
| Junction Temperature (C) | 29.6         |
| Confidence Level         | Low          |
| Setting File             | ---          |
| Simulation Activity File | ---          |
| Design Nets Matched      | NA           |
+--------------------------+--------------+
* Specify Design Power Budget using, set_operating_conditions -design_power_budget <value in Watts>


1.1 On-Chip Components
----------------------

+--------------------------+-----------+----------+-----------+-----------------+
| On-Chip                  | Power (W) | Used     | Available | Utilization (%) |
+--------------------------+-----------+----------+-----------+-----------------+
| Clocks                   |     0.017 |       12 |       --- |             --- |
| Slice Logic              |     0.240 |    40247 |       --- |             --- |
|   LUT as Logic           |     0.221 |    24331 |     32600 |           74.63 |
|   CARRY4                 |     0.016 |     3829 |      8150 |           46.98 |
|   F7/F8 Muxes            |     0.001 |     1105 |     32600 |            3.39 |
|   Register               |     0.001 |     4809 |     65200 |            7.38 |
|   LUT as Distributed RAM |    <0.001 |      172 |      9600 |            1.79 |
|   LUT as Shift Register  |    <0.001 |      112 |      9600 |            1.17 |
|   BUFG                   |    <0.001 |        1 |        32 |            3.13 |
|   Others                 |     0.000 |      801 |       --- |             --- |
| Signals                  |     0.231 |    29666 |       --- |             --- |
| Block RAM                |     0.009 |       12 |        75 |           16.00 |
| MMCM                     |     0.212 |        2 |         5 |           40.00 |
| DSPs                     |     0.003 |        5 |       120 |            4.17 |
| I/O                      |     0.143 |       42 |       210 |           20.00 |
| Static Power             |     0.077 |          |           |                 |
| Total                    |     0.932 |          |           |                 |
+--------------------------+-----------+----------+-----------+-----------------+


1.2 Power Supply Summary
------------------------

+-----------+-------------+-----------+-------------+------------+-------------+-------------+------------+
| Source    | Voltage (V) | Total (A) | Dynamic (A) | Static (A) | Powerup (A) | Budget (A)  | Margin (A) |
+-----------+-------------+-----------+-------------+------------+-------------+-------------+------------+
| Vccint    |       1.000 |     0.513 |       0.501 |      0.012 |       NA    | Unspecified | NA         |
| Vccaux    |       1.800 |     0.130 |       0.118 |      0.013 |       NA    | Unspecified | NA         |
| Vcco33    |       3.300 |     0.041 |       0.040 |      0.001 |       NA    | Unspecified | NA         |
| Vcco25    |       2.500 |     0.004 |       0.003 |      0.001 |       NA    | Unspecified | NA         |
| Vcco18    |       1.800 |     0.000 |       0.000 |      0.000 |       NA    | Unspecified | NA         |
| Vcco15    |       1.500 |     0.000 |       0.000 |      0.000 |       NA    | Unspecified | NA         |
| Vcco135   |       1.350 |     0.000 |       0.000 |      0.000 |       NA    | Unspecified | NA         |
| Vcco12    |       1.200 |     0.000 |       0.000 |      0.000 |       NA    | Unspecified | NA         |
| Vccaux_io |       1.800 |     0.000 |       0.000 |      0.000 |       NA    | Unspecified | NA         |
| Vccbram   |       1.000 |     0.001 |       0.001 |      0.000 |       NA    | Unspecified | NA         |
| Vccadc    |       1.800 |     0.020 |       0.000 |      0.020 |       NA    | Unspecified | NA         |
+-----------+-------------+-----------+-------------+------------+-------------+-------------+------------+


1.3 Confidence Level
--------------------

+-----------------------------+------------+--------------------------------------------------------+--------------------------------------------------------------------------------------------------------------------+
| User Input Data             | Confidence | Details                                                | Action                                                                                                             |
+-----------------------------+------------+--------------------------------------------------------+--------------------------------------------------------------------------------------------------------------------+
| Design implementation state | High       | Design is routed                                       |                                                                                                                    |
| Clock nodes activity        | Low        | User specified less than 75% of clocks                 | Provide missing clock activity with a constraint file, simulation results or by editing the "By Clock Domain" view |
| I/O nodes activity          | Low        | More than 75% of inputs are missing user specification | Provide missing input activity with simulation results or by editing the "By Resource Type -> I/Os" view           |
| Internal nodes activity     | Medium     | User specified less than 25% of internal nodes         | Provide missing internal nodes activity with simulation results or by editing the "By Resource Type" views         |
| Device models               | High       | Device models are Production                           |                                                                                                                    |
|                             |            |                                                        |                                                                                                                    |
| Overall confidence level    | Low        |                                                        |                                                                                                                    |
+-----------------------------+------------+--------------------------------------------------------+--------------------------------------------------------------------------------------------------------------------+


2. Settings
-----------

2.1 Environment
---------------

+-----------------------+--------------------------+
| Ambient Temp (C)      | 25.0                     |
| ThetaJA (C/W)         | 4.9                      |
| Airflow (LFM)         | 250                      |
| Heat Sink             | medium (Medium Profile)  |
| ThetaSA (C/W)         | 4.6                      |
| Board Selection       | medium (10"x10")         |
| # of Board Layers     | 12to15 (12 to 15 Layers) |
| Board Temperature (C) | 25.0                     |
+-----------------------+--------------------------+


2.2 Clock Constraints
---------------------

+------------------------------------------------------------+---------------------------------------------------------+-----------------+
| Clock                                                      | Domain                                                  | Constraint (ns) |
+------------------------------------------------------------+---------------------------------------------------------+-----------------+
| clk_100                                                    | Clk                                                     |            10.0 |
| clk_100                                                    | Clk_IBUF_BUFG                                           |            10.0 |
| clk_out1_clk_wiz_0                                         | clk_wiz/inst/clk_out1_clk_wiz_0                         |            40.0 |
| clk_out1_mb_block_clk_wiz_1_0                              | mb_block_i/clk_wiz_1/inst/clk_out1_mb_block_clk_wiz_1_0 |            10.0 |
| clk_out2_clk_wiz_0                                         | clk_wiz/inst/clk_out2_clk_wiz_0                         |             8.0 |
| clkfbout_clk_wiz_0                                         | clk_wiz/inst/clkfbout_clk_wiz_0                         |            10.0 |
| clkfbout_mb_block_clk_wiz_1_0                              | mb_block_i/clk_wiz_1/inst/clkfbout_mb_block_clk_wiz_1_0 |            10.0 |
| mb_block_i/mdm_1/U0/Use_E2.BSCAN_I/Use_E2.BSCANE2_I/DRCK   | mb_block_i/mdm_1/U0/Use_E2.BSCAN_I/DRCK                 |            33.3 |
| mb_block_i/mdm_1/U0/Use_E2.BSCAN_I/Use_E2.BSCANE2_I/UPDATE | mb_block_i/mdm_1/U0/Use_E2.BSCAN_I/Dbg_Update_0         |            33.3 |
+------------------------------------------------------------+---------------------------------------------------------+-----------------+


3. Detailed Reports
-------------------

3.1 By Hierarchy
----------------

+-----------------------------+-----------+
| Name                        | Power (W) |
+-----------------------------+-----------+
| mb_usb_hdmi_top             |     0.856 |
|   arrow_instance            |     0.012 |
|     bg1                     |     0.012 |
|       background1_rom       |     0.010 |
|   clk_wiz                   |     0.106 |
|     inst                    |     0.106 |
|   mb_block_i                |     0.135 |
|     clk_wiz_1               |     0.106 |
|       inst                  |     0.106 |
|     gpio_usb_keycode        |     0.001 |
|       U0                    |     0.001 |
|     microblaze_0            |     0.015 |
|       U0                    |     0.015 |
|     microblaze_0_axi_intc   |     0.002 |
|       U0                    |     0.002 |
|     microblaze_0_axi_periph |     0.001 |
|       xbar                  |     0.001 |
|     spi_usb                 |     0.005 |
|       U0                    |     0.005 |
|     timer_usb_axi           |     0.002 |
|       U0                    |     0.002 |
|   vga                       |     0.003 |
|   vga_to_hdmi               |     0.133 |
|     inst                    |     0.133 |
+-----------------------------+-----------+


