
*** Running vivado
    with args -log background1_rom.vds -m64 -product Vivado -mode batch -messageDb vivado.pb -notrace -source background1_rom.tcl



****** Vivado v2022.2 (64-bit)
  **** SW Build 3671981 on Fri Oct 14 05:00:03 MDT 2022
  **** IP Build 3669848 on Fri Oct 14 08:30:02 MDT 2022
    ** Copyright 1986-2022 Xilinx, Inc. All Rights Reserved.

source background1_rom.tcl -notrace
create_project: Time (s): cpu = 00:00:05 ; elapsed = 00:00:05 . Memory (MB): peak = 372.879 ; gain = 62.039
INFO: [IP_Flow 19-234] Refreshing IP repositories
INFO: [IP_Flow 19-1700] Loaded user IP repository 'c:/Users/curti/OneDrive/Documents/UIUC/Duplicate/ECE-385/Vivado_Projects/Final_Project/RD_hdmi_ip2020'.
INFO: [IP_Flow 19-2313] Loaded Vivado IP repository 'C:/Xilinx/Vivado/2022.2/data/ip'.
WARNING: [IP_Flow 19-4995] The host OS only allows 260 characters in a normal path. The IP cache path is more than 80 characters. If you experience issues with IP caching, please consider changing the IP cache to a location with a shorter path. Alternately consider using the OS subst command to map part of the path to a drive letter. 
Current IP cache path is c:/Users/curti/OneDrive/Documents/UIUC/Duplicate/ECE-385/Vivado_Projects/Final_Project/lab_6.cache/ip 
INFO: [IP_Flow 19-6924] IPCACHE: Running cache check for IP inst: background1_rom
INFO: [IP_Flow 19-6922] IPCACHE: Exporting cached entry ccc5de4957c5249a to dir: C:/Users/curti/OneDrive/Documents/UIUC/Duplicate/ECE-385/Vivado_Projects/Final_Project/lab_6.runs/background1_rom_synth_1
INFO: [IP_Flow 19-6928] IPCACHE: copied cached file c:/Users/curti/OneDrive/Documents/UIUC/Duplicate/ECE-385/Vivado_Projects/Final_Project/lab_6.cache/ip/2022.2/c/c/ccc5de4957c5249a/background1_rom.dcp to C:/Users/curti/OneDrive/Documents/UIUC/Duplicate/ECE-385/Vivado_Projects/Final_Project/lab_6.runs/background1_rom_synth_1/background1_rom.dcp.
INFO: [IP_Flow 19-6928] IPCACHE: copied cached file c:/Users/curti/OneDrive/Documents/UIUC/Duplicate/ECE-385/Vivado_Projects/Final_Project/lab_6.cache/ip/2022.2/c/c/ccc5de4957c5249a/background1_rom_sim_netlist.v to C:/Users/curti/OneDrive/Documents/UIUC/Duplicate/ECE-385/Vivado_Projects/Final_Project/lab_6.runs/background1_rom_synth_1/background1_rom_sim_netlist.v.
INFO: [IP_Flow 19-6928] IPCACHE: copied cached file c:/Users/curti/OneDrive/Documents/UIUC/Duplicate/ECE-385/Vivado_Projects/Final_Project/lab_6.cache/ip/2022.2/c/c/ccc5de4957c5249a/background1_rom_sim_netlist.vhdl to C:/Users/curti/OneDrive/Documents/UIUC/Duplicate/ECE-385/Vivado_Projects/Final_Project/lab_6.runs/background1_rom_synth_1/background1_rom_sim_netlist.vhdl.
INFO: [IP_Flow 19-6928] IPCACHE: copied cached file c:/Users/curti/OneDrive/Documents/UIUC/Duplicate/ECE-385/Vivado_Projects/Final_Project/lab_6.cache/ip/2022.2/c/c/ccc5de4957c5249a/background1_rom_stub.v to C:/Users/curti/OneDrive/Documents/UIUC/Duplicate/ECE-385/Vivado_Projects/Final_Project/lab_6.runs/background1_rom_synth_1/background1_rom_stub.v.
INFO: [IP_Flow 19-6928] IPCACHE: copied cached file c:/Users/curti/OneDrive/Documents/UIUC/Duplicate/ECE-385/Vivado_Projects/Final_Project/lab_6.cache/ip/2022.2/c/c/ccc5de4957c5249a/background1_rom_stub.vhdl to C:/Users/curti/OneDrive/Documents/UIUC/Duplicate/ECE-385/Vivado_Projects/Final_Project/lab_6.runs/background1_rom_synth_1/background1_rom_stub.vhdl.
INFO: [IP_Flow 19-4838] Using cached IP synthesis design for IP background1_rom, cache-ID = ccc5de4957c5249a.
INFO: [Common 17-206] Exiting Vivado at Fri Dec 13 09:56:21 2024...
