INFO: [VRFC 10-2263] Analyzing Verilog file "C:/Users/curti/OneDrive/Documents/UIUC/ECE-385/Vivado_Projects/Final_Project/lab_6.gen/sources_1/ip/hdmi_tx_0/hdl/encode.v" into library xil_defaultlib
INFO: [VRFC 10-311] analyzing module encode
INFO: [VRFC 10-2263] Analyzing Verilog file "C:/Users/curti/OneDrive/Documents/UIUC/ECE-385/Vivado_Projects/Final_Project/lab_6.gen/sources_1/ip/hdmi_tx_0/hdl/serdes_10_to_1.v" into library xil_defaultlib
INFO: [VRFC 10-311] analyzing module serdes_10_to_1
INFO: [VRFC 10-2263] Analyzing Verilog file "C:/Users/curti/OneDrive/Documents/UIUC/ECE-385/Vivado_Projects/Final_Project/lab_6.gen/sources_1/ip/hdmi_tx_0/hdl/srldelay.v" into library xil_defaultlib
INFO: [VRFC 10-311] analyzing module srldelay
INFO: [VRFC 10-2263] Analyzing Verilog file "C:/Users/curti/OneDrive/Documents/UIUC/ECE-385/Vivado_Projects/Final_Project/lab_6.gen/sources_1/ip/hdmi_tx_0/hdl/hdmi_tx_v1_0.v" into library xil_defaultlib
INFO: [VRFC 10-311] analyzing module hdmi_tx_v1_0
INFO: [VRFC 10-2263] Analyzing Verilog file "C:/Users/curti/OneDrive/Documents/UIUC/ECE-385/Vivado_Projects/Final_Project/lab_6.gen/sources_1/ip/hdmi_tx_0/sim/hdmi_tx_0.v" into library xil_defaultlib
INFO: [VRFC 10-311] analyzing module hdmi_tx_0
INFO: [VRFC 10-2263] Analyzing Verilog file "C:/Users/curti/OneDrive/Documents/UIUC/ECE-385/Vivado_Projects/Final_Project/lab_6.gen/sources_1/ip/clk_wiz_0/clk_wiz_0_clk_wiz.v" into library xil_defaultlib
INFO: [VRFC 10-311] analyzing module clk_wiz_0_clk_wiz
INFO: [VRFC 10-2263] Analyzing Verilog file "C:/Users/curti/OneDrive/Documents/UIUC/ECE-385/Vivado_Projects/Final_Project/lab_6.gen/sources_1/ip/clk_wiz_0/clk_wiz_0.v" into library xil_defaultlib
INFO: [VRFC 10-311] analyzing module clk_wiz_0
INFO: [VRFC 10-2263] Analyzing Verilog file "C:/Users/curti/OneDrive/Documents/UIUC/ECE-385/Vivado_Projects/Final_Project/lab_6.ip_user_files/bd/mb_block/ip/mb_block_lmb_bram_0/sim/mb_block_lmb_bram_0.v" into library xil_defaultlib
INFO: [VRFC 10-311] analyzing module mb_block_lmb_bram_0
INFO: [VRFC 10-2263] Analyzing Verilog file "C:/Users/curti/OneDrive/Documents/UIUC/ECE-385/Vivado_Projects/Final_Project/lab_6.ip_user_files/bd/mb_block/ip/mb_block_xbar_0/sim/mb_block_xbar_0.v" into library xil_defaultlib
INFO: [VRFC 10-311] analyzing module mb_block_xbar_0
INFO: [VRFC 10-2263] Analyzing Verilog file "C:/Users/curti/OneDrive/Documents/UIUC/ECE-385/Vivado_Projects/Final_Project/lab_6.ip_user_files/bd/mb_block/ip/mb_block_clk_wiz_1_0/mb_block_clk_wiz_1_0_clk_wiz.v" into library xil_defaultlib
INFO: [VRFC 10-311] analyzing module mb_block_clk_wiz_1_0_clk_wiz
INFO: [VRFC 10-2263] Analyzing Verilog file "C:/Users/curti/OneDrive/Documents/UIUC/ECE-385/Vivado_Projects/Final_Project/lab_6.ip_user_files/bd/mb_block/ip/mb_block_clk_wiz_1_0/mb_block_clk_wiz_1_0.v" into library xil_defaultlib
INFO: [VRFC 10-311] analyzing module mb_block_clk_wiz_1_0
INFO: [VRFC 10-2263] Analyzing Verilog file "C:/Users/curti/OneDrive/Documents/UIUC/ECE-385/Vivado_Projects/Final_Project/lab_6.ip_user_files/bd/mb_block/ip/mb_block_xlconcat_0_0/sim/mb_block_xlconcat_0_0.v" into library xil_defaultlib
INFO: [VRFC 10-311] analyzing module mb_block_xlconcat_0_0
INFO: [VRFC 10-2263] Analyzing Verilog file "C:/Users/curti/OneDrive/Documents/UIUC/ECE-385/Vivado_Projects/Final_Project/lab_6.ip_user_files/bd/mb_block/sim/mb_block.v" into library xil_defaultlib
INFO: [VRFC 10-311] analyzing module m00_couplers_imp_1TK4492
INFO: [VRFC 10-311] analyzing module m01_couplers_imp_UT2LJ
INFO: [VRFC 10-311] analyzing module m02_couplers_imp_1ST4AV9
INFO: [VRFC 10-311] analyzing module mb_block
INFO: [VRFC 10-311] analyzing module mb_block_microblaze_0_axi_periph_0
INFO: [VRFC 10-311] analyzing module microblaze_0_local_memory_imp_G5BFEQ
INFO: [VRFC 10-311] analyzing module s00_couplers_imp_5YIJ0K
INFO: [VRFC 10-2263] Analyzing SystemVerilog file "C:/Users/curti/OneDrive/Documents/UIUC/ECE-385/Vivado_Projects/Final_Project/lab6_2_provided/design_source/VGA_controller.sv" into library xil_defaultlib
INFO: [VRFC 10-311] analyzing module vga_controller
INFO: [VRFC 10-2263] Analyzing SystemVerilog file "C:/Users/curti/OneDrive/Documents/UIUC/ECE-385/Vivado_Projects/Final_Project/lab_6.srcs/sources_1/new/arrow.sv" into library xil_defaultlib
INFO: [VRFC 10-311] analyzing module arrow
INFO: [VRFC 10-2263] Analyzing SystemVerilog file "C:/Users/curti/OneDrive/Documents/UIUC/ECE-385/Vivado_Projects/Final_Project/lab_6.srcs/sources_1/new/arrow_mapper.sv" into library xil_defaultlib
INFO: [VRFC 10-311] analyzing module arrow_mapper
WARNING: [VRFC 10-3824] variable 'BallX' must explicitly be declared as automatic or static [C:/Users/curti/OneDrive/Documents/UIUC/ECE-385/Vivado_Projects/Final_Project/lab_6.srcs/sources_1/new/arrow_mapper.sv:51]
WARNING: [VRFC 10-3824] variable 'BallY' must explicitly be declared as automatic or static [C:/Users/curti/OneDrive/Documents/UIUC/ECE-385/Vivado_Projects/Final_Project/lab_6.srcs/sources_1/new/arrow_mapper.sv:52]
INFO: [VRFC 10-2263] Analyzing SystemVerilog file "C:/Users/curti/OneDrive/Documents/UIUC/ECE-385/Vivado_Projects/Final_Project/lab6_2_provided/design_source/hex_driver.sv" into library xil_defaultlib
INFO: [VRFC 10-311] analyzing module hex_driver
INFO: [VRFC 10-311] analyzing module nibble_to_hex
INFO: [VRFC 10-2263] Analyzing SystemVerilog file "C:/Users/curti/OneDrive/Documents/UIUC/ECE-385/Vivado_Projects/Final_Project/lab6_2_provided/design_source/mb_usb_hdmi_top.sv" into library xil_defaultlib
INFO: [VRFC 10-311] analyzing module mb_usb_hdmi_top
INFO: [VRFC 10-2263] Analyzing SystemVerilog file "C:/Users/curti/OneDrive/Documents/UIUC/ECE-385/Vivado_Projects/Final_Project/lab_6.srcs/sim_1/new/testbench.sv" into library xil_defaultlib
INFO: [VRFC 10-311] analyzing module mb_usb_hdmi_top_tb
INFO: [VRFC 10-2263] Analyzing Verilog file "C:/Users/curti/OneDrive/Documents/UIUC/ECE-385/Vivado_Projects/Final_Project/lab_6.sim/sim_1/behav/xsim/glbl.v" into library xil_defaultlib
INFO: [VRFC 10-311] analyzing module glbl
INFO: [VRFC 10-163] Analyzing VHDL file "C:/Users/curti/OneDrive/Documents/UIUC/ECE-385/Vivado_Projects/Final_Project/lab_6.ip_user_files/bd/mb_block/ip/mb_block_microblaze_0_0/sim/mb_block_microblaze_0_0.vhd" into library xil_defaultlib
INFO: [VRFC 10-3107] analyzing entity 'mb_block_microblaze_0_0'
INFO: [VRFC 10-163] Analyzing VHDL file "C:/Users/curti/OneDrive/Documents/UIUC/ECE-385/Vivado_Projects/Final_Project/lab_6.ip_user_files/bd/mb_block/ip/mb_block_dlmb_v10_0/sim/mb_block_dlmb_v10_0.vhd" into library xil_defaultlib
INFO: [VRFC 10-3107] analyzing entity 'mb_block_dlmb_v10_0'
INFO: [VRFC 10-163] Analyzing VHDL file "C:/Users/curti/OneDrive/Documents/UIUC/ECE-385/Vivado_Projects/Final_Project/lab_6.ip_user_files/bd/mb_block/ip/mb_block_ilmb_v10_0/sim/mb_block_ilmb_v10_0.vhd" into library xil_defaultlib
INFO: [VRFC 10-3107] analyzing entity 'mb_block_ilmb_v10_0'
INFO: [VRFC 10-163] Analyzing VHDL file "C:/Users/curti/OneDrive/Documents/UIUC/ECE-385/Vivado_Projects/Final_Project/lab_6.ip_user_files/bd/mb_block/ip/mb_block_dlmb_bram_if_cntlr_0/sim/mb_block_dlmb_bram_if_cntlr_0.vhd" into library xil_defaultlib
INFO: [VRFC 10-3107] analyzing entity 'mb_block_dlmb_bram_if_cntlr_0'
INFO: [VRFC 10-163] Analyzing VHDL file "C:/Users/curti/OneDrive/Documents/UIUC/ECE-385/Vivado_Projects/Final_Project/lab_6.ip_user_files/bd/mb_block/ip/mb_block_ilmb_bram_if_cntlr_0/sim/mb_block_ilmb_bram_if_cntlr_0.vhd" into library xil_defaultlib
INFO: [VRFC 10-3107] analyzing entity 'mb_block_ilmb_bram_if_cntlr_0'
INFO: [VRFC 10-163] Analyzing VHDL file "C:/Users/curti/OneDrive/Documents/UIUC/ECE-385/Vivado_Projects/Final_Project/lab_6.ip_user_files/bd/mb_block/ip/mb_block_microblaze_0_axi_intc_0/sim/mb_block_microblaze_0_axi_intc_0.vhd" into library xil_defaultlib
INFO: [VRFC 10-3107] analyzing entity 'mb_block_microblaze_0_axi_intc_0'
INFO: [VRFC 10-163] Analyzing VHDL file "C:/Users/curti/OneDrive/Documents/UIUC/ECE-385/Vivado_Projects/Final_Project/lab_6.ip_user_files/bd/mb_block/ip/mb_block_mdm_1_0/sim/mb_block_mdm_1_0.vhd" into library xil_defaultlib
INFO: [VRFC 10-3107] analyzing entity 'mb_block_mdm_1_0'
INFO: [VRFC 10-163] Analyzing VHDL file "C:/Users/curti/OneDrive/Documents/UIUC/ECE-385/Vivado_Projects/Final_Project/lab_6.ip_user_files/bd/mb_block/ip/mb_block_rst_clk_wiz_1_100M_0/sim/mb_block_rst_clk_wiz_1_100M_0.vhd" into library xil_defaultlib
INFO: [VRFC 10-3107] analyzing entity 'mb_block_rst_clk_wiz_1_100M_0'
INFO: [VRFC 10-163] Analyzing VHDL file "C:/Users/curti/OneDrive/Documents/UIUC/ECE-385/Vivado_Projects/Final_Project/lab_6.ip_user_files/bd/mb_block/ip/mb_block_axi_uartlite_0_0/sim/mb_block_axi_uartlite_0_0.vhd" into library xil_defaultlib
INFO: [VRFC 10-3107] analyzing entity 'mb_block_axi_uartlite_0_0'
INFO: [VRFC 10-163] Analyzing VHDL file "C:/Users/curti/OneDrive/Documents/UIUC/ECE-385/Vivado_Projects/Final_Project/lab_6.ip_user_files/bd/mb_block/ip/mb_block_axi_gpio_0_1/sim/mb_block_axi_gpio_0_1.vhd" into library xil_defaultlib
INFO: [VRFC 10-3107] analyzing entity 'mb_block_axi_gpio_0_1'
INFO: [VRFC 10-163] Analyzing VHDL file "C:/Users/curti/OneDrive/Documents/UIUC/ECE-385/Vivado_Projects/Final_Project/lab_6.ip_user_files/bd/mb_block/ip/mb_block_axi_gpio_0_2/sim/mb_block_axi_gpio_0_2.vhd" into library xil_defaultlib
INFO: [VRFC 10-3107] analyzing entity 'mb_block_axi_gpio_0_2'
INFO: [VRFC 10-163] Analyzing VHDL file "C:/Users/curti/OneDrive/Documents/UIUC/ECE-385/Vivado_Projects/Final_Project/lab_6.ip_user_files/bd/mb_block/ip/mb_block_axi_gpio_0_3/sim/mb_block_axi_gpio_0_3.vhd" into library xil_defaultlib
INFO: [VRFC 10-3107] analyzing entity 'mb_block_axi_gpio_0_3'
INFO: [VRFC 10-163] Analyzing VHDL file "C:/Users/curti/OneDrive/Documents/UIUC/ECE-385/Vivado_Projects/Final_Project/lab_6.ip_user_files/bd/mb_block/ip/mb_block_axi_quad_spi_0_0/sim/mb_block_axi_quad_spi_0_0.vhd" into library xil_defaultlib
INFO: [VRFC 10-3107] analyzing entity 'mb_block_axi_quad_spi_0_0'
INFO: [VRFC 10-163] Analyzing VHDL file "C:/Users/curti/OneDrive/Documents/UIUC/ECE-385/Vivado_Projects/Final_Project/lab_6.ip_user_files/bd/mb_block/ip/mb_block_axi_timer_0_0/sim/mb_block_axi_timer_0_0.vhd" into library xil_defaultlib
INFO: [VRFC 10-3107] analyzing entity 'mb_block_axi_timer_0_0'
