
*** Running vivado
    with args -log design_1_hdmi_text_controller_0_0.vds -m64 -product Vivado -mode batch -messageDb vivado.pb -notrace -source design_1_hdmi_text_controller_0_0.tcl



****** Vivado v2022.2 (64-bit)
  **** SW Build 3671981 on Fri Oct 14 05:00:03 MDT 2022
  **** IP Build 3669848 on Fri Oct 14 08:30:02 MDT 2022
    ** Copyright 1986-2022 Xilinx, Inc. All Rights Reserved.

source design_1_hdmi_text_controller_0_0.tcl -notrace
INFO: [IP_Flow 19-234] Refreshing IP repositories
INFO: [IP_Flow 19-1700] Loaded user IP repository 'c:/Users/curti/OneDrive/Documents/UIUC/ECE-385/Vivado_Projects/ip_repo/hdmi_text_controller_1_0'.
INFO: [IP_Flow 19-1700] Loaded user IP repository 'c:/Users/curti/OneDrive/Documents/UIUC/ECE-385/Vivado_Projects/lab7_1/lab7_1_provided_fa24/hdmi_tx_1.0'.
INFO: [IP_Flow 19-2313] Loaded Vivado IP repository 'C:/Xilinx/Vivado/2022.2/data/ip'.
WARNING: [IP_Flow 19-4995] The host OS only allows 260 characters in a normal path. The IP cache path is more than 80 characters. If you experience issues with IP caching, please consider changing the IP cache to a location with a shorter path. Alternately consider using the OS subst command to map part of the path to a drive letter. 
Current IP cache path is c:/Users/curti/OneDrive/Documents/UIUC/ECE-385/Vivado_Projects/lab7_1/lab7_1.cache/ip 
INFO: [IP_Flow 19-6924] IPCACHE: Running cache check for IP inst: design_1_hdmi_text_controller_0_0
Command: synth_design -top design_1_hdmi_text_controller_0_0 -part xc7s50csga324-1 -incremental_mode off -mode out_of_context
Starting synth_design
Attempting to get a license for feature 'Synthesis' and/or device 'xc7s50'
INFO: [Common 17-349] Got license for feature 'Synthesis' and/or device 'xc7s50'
INFO: [Device 21-403] Loading part xc7s50csga324-1
INFO: [Synth 8-7079] Multithreading enabled for synth_design using a maximum of 2 processes.
INFO: [Synth 8-7078] Launching helper process for spawning children vivado processes
INFO: [Synth 8-7075] Helper process launched with PID 3388
INFO: [Synth 8-11241] undeclared symbol 'REGCCE', assumed default net type 'wire' [C:/Xilinx/Vivado/2022.2/data/verilog/src/unimacro/BRAM_SINGLE_MACRO.v:2170]
---------------------------------------------------------------------------------
Starting RTL Elaboration : Time (s): cpu = 00:00:03 ; elapsed = 00:00:04 . Memory (MB): peak = 1185.340 ; gain = 407.395
---------------------------------------------------------------------------------
INFO: [Synth 8-6157] synthesizing module 'design_1_hdmi_text_controller_0_0' [c:/Users/curti/OneDrive/Documents/UIUC/ECE-385/Vivado_Projects/lab7_1/lab7_1.gen/sources_1/bd/design_1/ip/design_1_hdmi_text_controller_0_0/synth/design_1_hdmi_text_controller_0_0.sv:53]
INFO: [Synth 8-6157] synthesizing module 'hdmi_text_controller_v1_0' [c:/Users/curti/OneDrive/Documents/UIUC/ECE-385/Vivado_Projects/lab7_1/lab7_1.gen/sources_1/bd/design_1/ipshared/f6eb/src/hdmi_text_controller_v1_0.sv:10]
INFO: [Synth 8-6157] synthesizing module 'hdmi_text_controller_v1_0_AXI' [c:/Users/curti/OneDrive/Documents/UIUC/ECE-385/Vivado_Projects/lab7_1/lab7_1.gen/sources_1/bd/design_1/ipshared/f6eb/src/hdmi_text_controller_v1_0_AXI.sv:28]
WARNING: [Synth 8-324] index 601 out of range [c:/Users/curti/OneDrive/Documents/UIUC/ECE-385/Vivado_Projects/lab7_1/lab7_1.gen/sources_1/bd/design_1/ipshared/f6eb/src/hdmi_text_controller_v1_0_AXI.sv:252]
WARNING: [Synth 8-324] index 602 out of range [c:/Users/curti/OneDrive/Documents/UIUC/ECE-385/Vivado_Projects/lab7_1/lab7_1.gen/sources_1/bd/design_1/ipshared/f6eb/src/hdmi_text_controller_v1_0_AXI.sv:252]
WARNING: [Synth 8-324] index 603 out of range [c:/Users/curti/OneDrive/Documents/UIUC/ECE-385/Vivado_Projects/lab7_1/lab7_1.gen/sources_1/bd/design_1/ipshared/f6eb/src/hdmi_text_controller_v1_0_AXI.sv:252]
WARNING: [Synth 8-324] index 604 out of range [c:/Users/curti/OneDrive/Documents/UIUC/ECE-385/Vivado_Projects/lab7_1/lab7_1.gen/sources_1/bd/design_1/ipshared/f6eb/src/hdmi_text_controller_v1_0_AXI.sv:252]
WARNING: [Synth 8-324] index 605 out of range [c:/Users/curti/OneDrive/Documents/UIUC/ECE-385/Vivado_Projects/lab7_1/lab7_1.gen/sources_1/bd/design_1/ipshared/f6eb/src/hdmi_text_controller_v1_0_AXI.sv:252]
WARNING: [Synth 8-324] index 606 out of range [c:/Users/curti/OneDrive/Documents/UIUC/ECE-385/Vivado_Projects/lab7_1/lab7_1.gen/sources_1/bd/design_1/ipshared/f6eb/src/hdmi_text_controller_v1_0_AXI.sv:252]
WARNING: [Synth 8-324] index 607 out of range [c:/Users/curti/OneDrive/Documents/UIUC/ECE-385/Vivado_Projects/lab7_1/lab7_1.gen/sources_1/bd/design_1/ipshared/f6eb/src/hdmi_text_controller_v1_0_AXI.sv:252]
WARNING: [Synth 8-324] index 608 out of range [c:/Users/curti/OneDrive/Documents/UIUC/ECE-385/Vivado_Projects/lab7_1/lab7_1.gen/sources_1/bd/design_1/ipshared/f6eb/src/hdmi_text_controller_v1_0_AXI.sv:252]
WARNING: [Synth 8-324] index 609 out of range [c:/Users/curti/OneDrive/Documents/UIUC/ECE-385/Vivado_Projects/lab7_1/lab7_1.gen/sources_1/bd/design_1/ipshared/f6eb/src/hdmi_text_controller_v1_0_AXI.sv:252]
WARNING: [Synth 8-324] index 610 out of range [c:/Users/curti/OneDrive/Documents/UIUC/ECE-385/Vivado_Projects/lab7_1/lab7_1.gen/sources_1/bd/design_1/ipshared/f6eb/src/hdmi_text_controller_v1_0_AXI.sv:252]
WARNING: [Synth 8-324] index 611 out of range [c:/Users/curti/OneDrive/Documents/UIUC/ECE-385/Vivado_Projects/lab7_1/lab7_1.gen/sources_1/bd/design_1/ipshared/f6eb/src/hdmi_text_controller_v1_0_AXI.sv:252]
WARNING: [Synth 8-324] index 612 out of range [c:/Users/curti/OneDrive/Documents/UIUC/ECE-385/Vivado_Projects/lab7_1/lab7_1.gen/sources_1/bd/design_1/ipshared/f6eb/src/hdmi_text_controller_v1_0_AXI.sv:252]
WARNING: [Synth 8-324] index 613 out of range [c:/Users/curti/OneDrive/Documents/UIUC/ECE-385/Vivado_Projects/lab7_1/lab7_1.gen/sources_1/bd/design_1/ipshared/f6eb/src/hdmi_text_controller_v1_0_AXI.sv:252]
WARNING: [Synth 8-324] index 614 out of range [c:/Users/curti/OneDrive/Documents/UIUC/ECE-385/Vivado_Projects/lab7_1/lab7_1.gen/sources_1/bd/design_1/ipshared/f6eb/src/hdmi_text_controller_v1_0_AXI.sv:252]
WARNING: [Synth 8-324] index 615 out of range [c:/Users/curti/OneDrive/Documents/UIUC/ECE-385/Vivado_Projects/lab7_1/lab7_1.gen/sources_1/bd/design_1/ipshared/f6eb/src/hdmi_text_controller_v1_0_AXI.sv:252]
WARNING: [Synth 8-324] index 616 out of range [c:/Users/curti/OneDrive/Documents/UIUC/ECE-385/Vivado_Projects/lab7_1/lab7_1.gen/sources_1/bd/design_1/ipshared/f6eb/src/hdmi_text_controller_v1_0_AXI.sv:252]
WARNING: [Synth 8-324] index 617 out of range [c:/Users/curti/OneDrive/Documents/UIUC/ECE-385/Vivado_Projects/lab7_1/lab7_1.gen/sources_1/bd/design_1/ipshared/f6eb/src/hdmi_text_controller_v1_0_AXI.sv:252]
WARNING: [Synth 8-324] index 618 out of range [c:/Users/curti/OneDrive/Documents/UIUC/ECE-385/Vivado_Projects/lab7_1/lab7_1.gen/sources_1/bd/design_1/ipshared/f6eb/src/hdmi_text_controller_v1_0_AXI.sv:252]
WARNING: [Synth 8-324] index 619 out of range [c:/Users/curti/OneDrive/Documents/UIUC/ECE-385/Vivado_Projects/lab7_1/lab7_1.gen/sources_1/bd/design_1/ipshared/f6eb/src/hdmi_text_controller_v1_0_AXI.sv:252]
WARNING: [Synth 8-324] index 620 out of range [c:/Users/curti/OneDrive/Documents/UIUC/ECE-385/Vivado_Projects/lab7_1/lab7_1.gen/sources_1/bd/design_1/ipshared/f6eb/src/hdmi_text_controller_v1_0_AXI.sv:252]
WARNING: [Synth 8-324] index 621 out of range [c:/Users/curti/OneDrive/Documents/UIUC/ECE-385/Vivado_Projects/lab7_1/lab7_1.gen/sources_1/bd/design_1/ipshared/f6eb/src/hdmi_text_controller_v1_0_AXI.sv:252]
WARNING: [Synth 8-324] index 622 out of range [c:/Users/curti/OneDrive/Documents/UIUC/ECE-385/Vivado_Projects/lab7_1/lab7_1.gen/sources_1/bd/design_1/ipshared/f6eb/src/hdmi_text_controller_v1_0_AXI.sv:252]
WARNING: [Synth 8-324] index 623 out of range [c:/Users/curti/OneDrive/Documents/UIUC/ECE-385/Vivado_Projects/lab7_1/lab7_1.gen/sources_1/bd/design_1/ipshared/f6eb/src/hdmi_text_controller_v1_0_AXI.sv:252]
WARNING: [Synth 8-324] index 624 out of range [c:/Users/curti/OneDrive/Documents/UIUC/ECE-385/Vivado_Projects/lab7_1/lab7_1.gen/sources_1/bd/design_1/ipshared/f6eb/src/hdmi_text_controller_v1_0_AXI.sv:252]
WARNING: [Synth 8-324] index 625 out of range [c:/Users/curti/OneDrive/Documents/UIUC/ECE-385/Vivado_Projects/lab7_1/lab7_1.gen/sources_1/bd/design_1/ipshared/f6eb/src/hdmi_text_controller_v1_0_AXI.sv:252]
WARNING: [Synth 8-324] index 626 out of range [c:/Users/curti/OneDrive/Documents/UIUC/ECE-385/Vivado_Projects/lab7_1/lab7_1.gen/sources_1/bd/design_1/ipshared/f6eb/src/hdmi_text_controller_v1_0_AXI.sv:252]
WARNING: [Synth 8-324] index 627 out of range [c:/Users/curti/OneDrive/Documents/UIUC/ECE-385/Vivado_Projects/lab7_1/lab7_1.gen/sources_1/bd/design_1/ipshared/f6eb/src/hdmi_text_controller_v1_0_AXI.sv:252]
WARNING: [Synth 8-324] index 628 out of range [c:/Users/curti/OneDrive/Documents/UIUC/ECE-385/Vivado_Projects/lab7_1/lab7_1.gen/sources_1/bd/design_1/ipshared/f6eb/src/hdmi_text_controller_v1_0_AXI.sv:252]
WARNING: [Synth 8-324] index 629 out of range [c:/Users/curti/OneDrive/Documents/UIUC/ECE-385/Vivado_Projects/lab7_1/lab7_1.gen/sources_1/bd/design_1/ipshared/f6eb/src/hdmi_text_controller_v1_0_AXI.sv:252]
WARNING: [Synth 8-324] index 630 out of range [c:/Users/curti/OneDrive/Documents/UIUC/ECE-385/Vivado_Projects/lab7_1/lab7_1.gen/sources_1/bd/design_1/ipshared/f6eb/src/hdmi_text_controller_v1_0_AXI.sv:252]
WARNING: [Synth 8-324] index 631 out of range [c:/Users/curti/OneDrive/Documents/UIUC/ECE-385/Vivado_Projects/lab7_1/lab7_1.gen/sources_1/bd/design_1/ipshared/f6eb/src/hdmi_text_controller_v1_0_AXI.sv:252]
WARNING: [Synth 8-324] index 632 out of range [c:/Users/curti/OneDrive/Documents/UIUC/ECE-385/Vivado_Projects/lab7_1/lab7_1.gen/sources_1/bd/design_1/ipshared/f6eb/src/hdmi_text_controller_v1_0_AXI.sv:252]
WARNING: [Synth 8-324] index 633 out of range [c:/Users/curti/OneDrive/Documents/UIUC/ECE-385/Vivado_Projects/lab7_1/lab7_1.gen/sources_1/bd/design_1/ipshared/f6eb/src/hdmi_text_controller_v1_0_AXI.sv:252]
WARNING: [Synth 8-324] index 634 out of range [c:/Users/curti/OneDrive/Documents/UIUC/ECE-385/Vivado_Projects/lab7_1/lab7_1.gen/sources_1/bd/design_1/ipshared/f6eb/src/hdmi_text_controller_v1_0_AXI.sv:252]
WARNING: [Synth 8-324] index 635 out of range [c:/Users/curti/OneDrive/Documents/UIUC/ECE-385/Vivado_Projects/lab7_1/lab7_1.gen/sources_1/bd/design_1/ipshared/f6eb/src/hdmi_text_controller_v1_0_AXI.sv:252]
WARNING: [Synth 8-324] index 636 out of range [c:/Users/curti/OneDrive/Documents/UIUC/ECE-385/Vivado_Projects/lab7_1/lab7_1.gen/sources_1/bd/design_1/ipshared/f6eb/src/hdmi_text_controller_v1_0_AXI.sv:252]
WARNING: [Synth 8-324] index 637 out of range [c:/Users/curti/OneDrive/Documents/UIUC/ECE-385/Vivado_Projects/lab7_1/lab7_1.gen/sources_1/bd/design_1/ipshared/f6eb/src/hdmi_text_controller_v1_0_AXI.sv:252]
WARNING: [Synth 8-324] index 638 out of range [c:/Users/curti/OneDrive/Documents/UIUC/ECE-385/Vivado_Projects/lab7_1/lab7_1.gen/sources_1/bd/design_1/ipshared/f6eb/src/hdmi_text_controller_v1_0_AXI.sv:252]
WARNING: [Synth 8-324] index 639 out of range [c:/Users/curti/OneDrive/Documents/UIUC/ECE-385/Vivado_Projects/lab7_1/lab7_1.gen/sources_1/bd/design_1/ipshared/f6eb/src/hdmi_text_controller_v1_0_AXI.sv:252]
WARNING: [Synth 8-324] index 640 out of range [c:/Users/curti/OneDrive/Documents/UIUC/ECE-385/Vivado_Projects/lab7_1/lab7_1.gen/sources_1/bd/design_1/ipshared/f6eb/src/hdmi_text_controller_v1_0_AXI.sv:252]
WARNING: [Synth 8-324] index 641 out of range [c:/Users/curti/OneDrive/Documents/UIUC/ECE-385/Vivado_Projects/lab7_1/lab7_1.gen/sources_1/bd/design_1/ipshared/f6eb/src/hdmi_text_controller_v1_0_AXI.sv:252]
WARNING: [Synth 8-324] index 642 out of range [c:/Users/curti/OneDrive/Documents/UIUC/ECE-385/Vivado_Projects/lab7_1/lab7_1.gen/sources_1/bd/design_1/ipshared/f6eb/src/hdmi_text_controller_v1_0_AXI.sv:252]
WARNING: [Synth 8-324] index 643 out of range [c:/Users/curti/OneDrive/Documents/UIUC/ECE-385/Vivado_Projects/lab7_1/lab7_1.gen/sources_1/bd/design_1/ipshared/f6eb/src/hdmi_text_controller_v1_0_AXI.sv:252]
WARNING: [Synth 8-324] index 644 out of range [c:/Users/curti/OneDrive/Documents/UIUC/ECE-385/Vivado_Projects/lab7_1/lab7_1.gen/sources_1/bd/design_1/ipshared/f6eb/src/hdmi_text_controller_v1_0_AXI.sv:252]
WARNING: [Synth 8-324] index 645 out of range [c:/Users/curti/OneDrive/Documents/UIUC/ECE-385/Vivado_Projects/lab7_1/lab7_1.gen/sources_1/bd/design_1/ipshared/f6eb/src/hdmi_text_controller_v1_0_AXI.sv:252]
WARNING: [Synth 8-324] index 646 out of range [c:/Users/curti/OneDrive/Documents/UIUC/ECE-385/Vivado_Projects/lab7_1/lab7_1.gen/sources_1/bd/design_1/ipshared/f6eb/src/hdmi_text_controller_v1_0_AXI.sv:252]
WARNING: [Synth 8-324] index 647 out of range [c:/Users/curti/OneDrive/Documents/UIUC/ECE-385/Vivado_Projects/lab7_1/lab7_1.gen/sources_1/bd/design_1/ipshared/f6eb/src/hdmi_text_controller_v1_0_AXI.sv:252]
WARNING: [Synth 8-324] index 648 out of range [c:/Users/curti/OneDrive/Documents/UIUC/ECE-385/Vivado_Projects/lab7_1/lab7_1.gen/sources_1/bd/design_1/ipshared/f6eb/src/hdmi_text_controller_v1_0_AXI.sv:252]
WARNING: [Synth 8-324] index 649 out of range [c:/Users/curti/OneDrive/Documents/UIUC/ECE-385/Vivado_Projects/lab7_1/lab7_1.gen/sources_1/bd/design_1/ipshared/f6eb/src/hdmi_text_controller_v1_0_AXI.sv:252]
WARNING: [Synth 8-324] index 650 out of range [c:/Users/curti/OneDrive/Documents/UIUC/ECE-385/Vivado_Projects/lab7_1/lab7_1.gen/sources_1/bd/design_1/ipshared/f6eb/src/hdmi_text_controller_v1_0_AXI.sv:252]
WARNING: [Synth 8-324] index 651 out of range [c:/Users/curti/OneDrive/Documents/UIUC/ECE-385/Vivado_Projects/lab7_1/lab7_1.gen/sources_1/bd/design_1/ipshared/f6eb/src/hdmi_text_controller_v1_0_AXI.sv:252]
WARNING: [Synth 8-324] index 652 out of range [c:/Users/curti/OneDrive/Documents/UIUC/ECE-385/Vivado_Projects/lab7_1/lab7_1.gen/sources_1/bd/design_1/ipshared/f6eb/src/hdmi_text_controller_v1_0_AXI.sv:252]
WARNING: [Synth 8-324] index 653 out of range [c:/Users/curti/OneDrive/Documents/UIUC/ECE-385/Vivado_Projects/lab7_1/lab7_1.gen/sources_1/bd/design_1/ipshared/f6eb/src/hdmi_text_controller_v1_0_AXI.sv:252]
WARNING: [Synth 8-324] index 654 out of range [c:/Users/curti/OneDrive/Documents/UIUC/ECE-385/Vivado_Projects/lab7_1/lab7_1.gen/sources_1/bd/design_1/ipshared/f6eb/src/hdmi_text_controller_v1_0_AXI.sv:252]
WARNING: [Synth 8-324] index 655 out of range [c:/Users/curti/OneDrive/Documents/UIUC/ECE-385/Vivado_Projects/lab7_1/lab7_1.gen/sources_1/bd/design_1/ipshared/f6eb/src/hdmi_text_controller_v1_0_AXI.sv:252]
WARNING: [Synth 8-324] index 656 out of range [c:/Users/curti/OneDrive/Documents/UIUC/ECE-385/Vivado_Projects/lab7_1/lab7_1.gen/sources_1/bd/design_1/ipshared/f6eb/src/hdmi_text_controller_v1_0_AXI.sv:252]
WARNING: [Synth 8-324] index 657 out of range [c:/Users/curti/OneDrive/Documents/UIUC/ECE-385/Vivado_Projects/lab7_1/lab7_1.gen/sources_1/bd/design_1/ipshared/f6eb/src/hdmi_text_controller_v1_0_AXI.sv:252]
WARNING: [Synth 8-324] index 658 out of range [c:/Users/curti/OneDrive/Documents/UIUC/ECE-385/Vivado_Projects/lab7_1/lab7_1.gen/sources_1/bd/design_1/ipshared/f6eb/src/hdmi_text_controller_v1_0_AXI.sv:252]
WARNING: [Synth 8-324] index 659 out of range [c:/Users/curti/OneDrive/Documents/UIUC/ECE-385/Vivado_Projects/lab7_1/lab7_1.gen/sources_1/bd/design_1/ipshared/f6eb/src/hdmi_text_controller_v1_0_AXI.sv:252]
WARNING: [Synth 8-324] index 660 out of range [c:/Users/curti/OneDrive/Documents/UIUC/ECE-385/Vivado_Projects/lab7_1/lab7_1.gen/sources_1/bd/design_1/ipshared/f6eb/src/hdmi_text_controller_v1_0_AXI.sv:252]
WARNING: [Synth 8-324] index 661 out of range [c:/Users/curti/OneDrive/Documents/UIUC/ECE-385/Vivado_Projects/lab7_1/lab7_1.gen/sources_1/bd/design_1/ipshared/f6eb/src/hdmi_text_controller_v1_0_AXI.sv:252]
WARNING: [Synth 8-324] index 662 out of range [c:/Users/curti/OneDrive/Documents/UIUC/ECE-385/Vivado_Projects/lab7_1/lab7_1.gen/sources_1/bd/design_1/ipshared/f6eb/src/hdmi_text_controller_v1_0_AXI.sv:252]
WARNING: [Synth 8-324] index 663 out of range [c:/Users/curti/OneDrive/Documents/UIUC/ECE-385/Vivado_Projects/lab7_1/lab7_1.gen/sources_1/bd/design_1/ipshared/f6eb/src/hdmi_text_controller_v1_0_AXI.sv:252]
WARNING: [Synth 8-324] index 664 out of range [c:/Users/curti/OneDrive/Documents/UIUC/ECE-385/Vivado_Projects/lab7_1/lab7_1.gen/sources_1/bd/design_1/ipshared/f6eb/src/hdmi_text_controller_v1_0_AXI.sv:252]
WARNING: [Synth 8-324] index 665 out of range [c:/Users/curti/OneDrive/Documents/UIUC/ECE-385/Vivado_Projects/lab7_1/lab7_1.gen/sources_1/bd/design_1/ipshared/f6eb/src/hdmi_text_controller_v1_0_AXI.sv:252]
WARNING: [Synth 8-324] index 666 out of range [c:/Users/curti/OneDrive/Documents/UIUC/ECE-385/Vivado_Projects/lab7_1/lab7_1.gen/sources_1/bd/design_1/ipshared/f6eb/src/hdmi_text_controller_v1_0_AXI.sv:252]
WARNING: [Synth 8-324] index 667 out of range [c:/Users/curti/OneDrive/Documents/UIUC/ECE-385/Vivado_Projects/lab7_1/lab7_1.gen/sources_1/bd/design_1/ipshared/f6eb/src/hdmi_text_controller_v1_0_AXI.sv:252]
WARNING: [Synth 8-324] index 668 out of range [c:/Users/curti/OneDrive/Documents/UIUC/ECE-385/Vivado_Projects/lab7_1/lab7_1.gen/sources_1/bd/design_1/ipshared/f6eb/src/hdmi_text_controller_v1_0_AXI.sv:252]
WARNING: [Synth 8-324] index 669 out of range [c:/Users/curti/OneDrive/Documents/UIUC/ECE-385/Vivado_Projects/lab7_1/lab7_1.gen/sources_1/bd/design_1/ipshared/f6eb/src/hdmi_text_controller_v1_0_AXI.sv:252]
WARNING: [Synth 8-324] index 670 out of range [c:/Users/curti/OneDrive/Documents/UIUC/ECE-385/Vivado_Projects/lab7_1/lab7_1.gen/sources_1/bd/design_1/ipshared/f6eb/src/hdmi_text_controller_v1_0_AXI.sv:252]
WARNING: [Synth 8-324] index 671 out of range [c:/Users/curti/OneDrive/Documents/UIUC/ECE-385/Vivado_Projects/lab7_1/lab7_1.gen/sources_1/bd/design_1/ipshared/f6eb/src/hdmi_text_controller_v1_0_AXI.sv:252]
WARNING: [Synth 8-324] index 672 out of range [c:/Users/curti/OneDrive/Documents/UIUC/ECE-385/Vivado_Projects/lab7_1/lab7_1.gen/sources_1/bd/design_1/ipshared/f6eb/src/hdmi_text_controller_v1_0_AXI.sv:252]
WARNING: [Synth 8-324] index 673 out of range [c:/Users/curti/OneDrive/Documents/UIUC/ECE-385/Vivado_Projects/lab7_1/lab7_1.gen/sources_1/bd/design_1/ipshared/f6eb/src/hdmi_text_controller_v1_0_AXI.sv:252]
WARNING: [Synth 8-324] index 674 out of range [c:/Users/curti/OneDrive/Documents/UIUC/ECE-385/Vivado_Projects/lab7_1/lab7_1.gen/sources_1/bd/design_1/ipshared/f6eb/src/hdmi_text_controller_v1_0_AXI.sv:252]
WARNING: [Synth 8-324] index 675 out of range [c:/Users/curti/OneDrive/Documents/UIUC/ECE-385/Vivado_Projects/lab7_1/lab7_1.gen/sources_1/bd/design_1/ipshared/f6eb/src/hdmi_text_controller_v1_0_AXI.sv:252]
WARNING: [Synth 8-324] index 676 out of range [c:/Users/curti/OneDrive/Documents/UIUC/ECE-385/Vivado_Projects/lab7_1/lab7_1.gen/sources_1/bd/design_1/ipshared/f6eb/src/hdmi_text_controller_v1_0_AXI.sv:252]
WARNING: [Synth 8-324] index 677 out of range [c:/Users/curti/OneDrive/Documents/UIUC/ECE-385/Vivado_Projects/lab7_1/lab7_1.gen/sources_1/bd/design_1/ipshared/f6eb/src/hdmi_text_controller_v1_0_AXI.sv:252]
WARNING: [Synth 8-324] index 678 out of range [c:/Users/curti/OneDrive/Documents/UIUC/ECE-385/Vivado_Projects/lab7_1/lab7_1.gen/sources_1/bd/design_1/ipshared/f6eb/src/hdmi_text_controller_v1_0_AXI.sv:252]
WARNING: [Synth 8-324] index 679 out of range [c:/Users/curti/OneDrive/Documents/UIUC/ECE-385/Vivado_Projects/lab7_1/lab7_1.gen/sources_1/bd/design_1/ipshared/f6eb/src/hdmi_text_controller_v1_0_AXI.sv:252]
WARNING: [Synth 8-324] index 680 out of range [c:/Users/curti/OneDrive/Documents/UIUC/ECE-385/Vivado_Projects/lab7_1/lab7_1.gen/sources_1/bd/design_1/ipshared/f6eb/src/hdmi_text_controller_v1_0_AXI.sv:252]
WARNING: [Synth 8-324] index 681 out of range [c:/Users/curti/OneDrive/Documents/UIUC/ECE-385/Vivado_Projects/lab7_1/lab7_1.gen/sources_1/bd/design_1/ipshared/f6eb/src/hdmi_text_controller_v1_0_AXI.sv:252]
WARNING: [Synth 8-324] index 682 out of range [c:/Users/curti/OneDrive/Documents/UIUC/ECE-385/Vivado_Projects/lab7_1/lab7_1.gen/sources_1/bd/design_1/ipshared/f6eb/src/hdmi_text_controller_v1_0_AXI.sv:252]
WARNING: [Synth 8-324] index 683 out of range [c:/Users/curti/OneDrive/Documents/UIUC/ECE-385/Vivado_Projects/lab7_1/lab7_1.gen/sources_1/bd/design_1/ipshared/f6eb/src/hdmi_text_controller_v1_0_AXI.sv:252]
WARNING: [Synth 8-324] index 684 out of range [c:/Users/curti/OneDrive/Documents/UIUC/ECE-385/Vivado_Projects/lab7_1/lab7_1.gen/sources_1/bd/design_1/ipshared/f6eb/src/hdmi_text_controller_v1_0_AXI.sv:252]
WARNING: [Synth 8-324] index 685 out of range [c:/Users/curti/OneDrive/Documents/UIUC/ECE-385/Vivado_Projects/lab7_1/lab7_1.gen/sources_1/bd/design_1/ipshared/f6eb/src/hdmi_text_controller_v1_0_AXI.sv:252]
WARNING: [Synth 8-324] index 686 out of range [c:/Users/curti/OneDrive/Documents/UIUC/ECE-385/Vivado_Projects/lab7_1/lab7_1.gen/sources_1/bd/design_1/ipshared/f6eb/src/hdmi_text_controller_v1_0_AXI.sv:252]
WARNING: [Synth 8-324] index 687 out of range [c:/Users/curti/OneDrive/Documents/UIUC/ECE-385/Vivado_Projects/lab7_1/lab7_1.gen/sources_1/bd/design_1/ipshared/f6eb/src/hdmi_text_controller_v1_0_AXI.sv:252]
WARNING: [Synth 8-324] index 688 out of range [c:/Users/curti/OneDrive/Documents/UIUC/ECE-385/Vivado_Projects/lab7_1/lab7_1.gen/sources_1/bd/design_1/ipshared/f6eb/src/hdmi_text_controller_v1_0_AXI.sv:252]
WARNING: [Synth 8-324] index 689 out of range [c:/Users/curti/OneDrive/Documents/UIUC/ECE-385/Vivado_Projects/lab7_1/lab7_1.gen/sources_1/bd/design_1/ipshared/f6eb/src/hdmi_text_controller_v1_0_AXI.sv:252]
WARNING: [Synth 8-324] index 690 out of range [c:/Users/curti/OneDrive/Documents/UIUC/ECE-385/Vivado_Projects/lab7_1/lab7_1.gen/sources_1/bd/design_1/ipshared/f6eb/src/hdmi_text_controller_v1_0_AXI.sv:252]
WARNING: [Synth 8-324] index 691 out of range [c:/Users/curti/OneDrive/Documents/UIUC/ECE-385/Vivado_Projects/lab7_1/lab7_1.gen/sources_1/bd/design_1/ipshared/f6eb/src/hdmi_text_controller_v1_0_AXI.sv:252]
WARNING: [Synth 8-324] index 692 out of range [c:/Users/curti/OneDrive/Documents/UIUC/ECE-385/Vivado_Projects/lab7_1/lab7_1.gen/sources_1/bd/design_1/ipshared/f6eb/src/hdmi_text_controller_v1_0_AXI.sv:252]
WARNING: [Synth 8-324] index 693 out of range [c:/Users/curti/OneDrive/Documents/UIUC/ECE-385/Vivado_Projects/lab7_1/lab7_1.gen/sources_1/bd/design_1/ipshared/f6eb/src/hdmi_text_controller_v1_0_AXI.sv:252]
WARNING: [Synth 8-324] index 694 out of range [c:/Users/curti/OneDrive/Documents/UIUC/ECE-385/Vivado_Projects/lab7_1/lab7_1.gen/sources_1/bd/design_1/ipshared/f6eb/src/hdmi_text_controller_v1_0_AXI.sv:252]
WARNING: [Synth 8-324] index 695 out of range [c:/Users/curti/OneDrive/Documents/UIUC/ECE-385/Vivado_Projects/lab7_1/lab7_1.gen/sources_1/bd/design_1/ipshared/f6eb/src/hdmi_text_controller_v1_0_AXI.sv:252]
WARNING: [Synth 8-324] index 696 out of range [c:/Users/curti/OneDrive/Documents/UIUC/ECE-385/Vivado_Projects/lab7_1/lab7_1.gen/sources_1/bd/design_1/ipshared/f6eb/src/hdmi_text_controller_v1_0_AXI.sv:252]
WARNING: [Synth 8-324] index 697 out of range [c:/Users/curti/OneDrive/Documents/UIUC/ECE-385/Vivado_Projects/lab7_1/lab7_1.gen/sources_1/bd/design_1/ipshared/f6eb/src/hdmi_text_controller_v1_0_AXI.sv:252]
WARNING: [Synth 8-324] index 698 out of range [c:/Users/curti/OneDrive/Documents/UIUC/ECE-385/Vivado_Projects/lab7_1/lab7_1.gen/sources_1/bd/design_1/ipshared/f6eb/src/hdmi_text_controller_v1_0_AXI.sv:252]
WARNING: [Synth 8-324] index 699 out of range [c:/Users/curti/OneDrive/Documents/UIUC/ECE-385/Vivado_Projects/lab7_1/lab7_1.gen/sources_1/bd/design_1/ipshared/f6eb/src/hdmi_text_controller_v1_0_AXI.sv:252]
WARNING: [Synth 8-324] index 700 out of range [c:/Users/curti/OneDrive/Documents/UIUC/ECE-385/Vivado_Projects/lab7_1/lab7_1.gen/sources_1/bd/design_1/ipshared/f6eb/src/hdmi_text_controller_v1_0_AXI.sv:252]
INFO: [Common 17-14] Message 'Synth 8-324' appears 100 times and further instances of the messages will be disabled. Use the Tcl command set_msg_config to change the current settings.
INFO: [Synth 8-6155] done synthesizing module 'hdmi_text_controller_v1_0_AXI' (0#1) [c:/Users/curti/OneDrive/Documents/UIUC/ECE-385/Vivado_Projects/lab7_1/lab7_1.gen/sources_1/bd/design_1/ipshared/f6eb/src/hdmi_text_controller_v1_0_AXI.sv:28]
INFO: [Synth 8-6155] done synthesizing module 'hdmi_text_controller_v1_0' (0#1) [c:/Users/curti/OneDrive/Documents/UIUC/ECE-385/Vivado_Projects/lab7_1/lab7_1.gen/sources_1/bd/design_1/ipshared/f6eb/src/hdmi_text_controller_v1_0.sv:10]
INFO: [Synth 8-6155] done synthesizing module 'design_1_hdmi_text_controller_0_0' (0#1) [c:/Users/curti/OneDrive/Documents/UIUC/ECE-385/Vivado_Projects/lab7_1/lab7_1.gen/sources_1/bd/design_1/ip/design_1_hdmi_text_controller_0_0/synth/design_1_hdmi_text_controller_0_0.sv:53]
WARNING: [Synth 8-3848] Net hdmi_clk_n in module/entity hdmi_text_controller_v1_0 does not have driver. [c:/Users/curti/OneDrive/Documents/UIUC/ECE-385/Vivado_Projects/lab7_1/lab7_1.gen/sources_1/bd/design_1/ipshared/f6eb/src/hdmi_text_controller_v1_0.sv:21]
WARNING: [Synth 8-3848] Net hdmi_clk_p in module/entity hdmi_text_controller_v1_0 does not have driver. [c:/Users/curti/OneDrive/Documents/UIUC/ECE-385/Vivado_Projects/lab7_1/lab7_1.gen/sources_1/bd/design_1/ipshared/f6eb/src/hdmi_text_controller_v1_0.sv:22]
WARNING: [Synth 8-3848] Net hdmi_tx_n in module/entity hdmi_text_controller_v1_0 does not have driver. [c:/Users/curti/OneDrive/Documents/UIUC/ECE-385/Vivado_Projects/lab7_1/lab7_1.gen/sources_1/bd/design_1/ipshared/f6eb/src/hdmi_text_controller_v1_0.sv:23]
WARNING: [Synth 8-3848] Net hdmi_tx_p in module/entity hdmi_text_controller_v1_0 does not have driver. [c:/Users/curti/OneDrive/Documents/UIUC/ECE-385/Vivado_Projects/lab7_1/lab7_1.gen/sources_1/bd/design_1/ipshared/f6eb/src/hdmi_text_controller_v1_0.sv:24]
WARNING: [Synth 8-7129] Port S_AXI_AWPROT[2] in module hdmi_text_controller_v1_0_AXI is either unconnected or has no load
WARNING: [Synth 8-7129] Port S_AXI_AWPROT[1] in module hdmi_text_controller_v1_0_AXI is either unconnected or has no load
WARNING: [Synth 8-7129] Port S_AXI_AWPROT[0] in module hdmi_text_controller_v1_0_AXI is either unconnected or has no load
WARNING: [Synth 8-7129] Port S_AXI_ARPROT[2] in module hdmi_text_controller_v1_0_AXI is either unconnected or has no load
WARNING: [Synth 8-7129] Port S_AXI_ARPROT[1] in module hdmi_text_controller_v1_0_AXI is either unconnected or has no load
WARNING: [Synth 8-7129] Port S_AXI_ARPROT[0] in module hdmi_text_controller_v1_0_AXI is either unconnected or has no load
WARNING: [Synth 8-7129] Port hdmi_clk_n in module hdmi_text_controller_v1_0 is either unconnected or has no load
WARNING: [Synth 8-7129] Port hdmi_clk_p in module hdmi_text_controller_v1_0 is either unconnected or has no load
WARNING: [Synth 8-7129] Port hdmi_tx_n[2] in module hdmi_text_controller_v1_0 is either unconnected or has no load
WARNING: [Synth 8-7129] Port hdmi_tx_n[1] in module hdmi_text_controller_v1_0 is either unconnected or has no load
WARNING: [Synth 8-7129] Port hdmi_tx_n[0] in module hdmi_text_controller_v1_0 is either unconnected or has no load
WARNING: [Synth 8-7129] Port hdmi_tx_p[2] in module hdmi_text_controller_v1_0 is either unconnected or has no load
WARNING: [Synth 8-7129] Port hdmi_tx_p[1] in module hdmi_text_controller_v1_0 is either unconnected or has no load
WARNING: [Synth 8-7129] Port hdmi_tx_p[0] in module hdmi_text_controller_v1_0 is either unconnected or has no load
---------------------------------------------------------------------------------
Finished RTL Elaboration : Time (s): cpu = 00:00:16 ; elapsed = 00:00:20 . Memory (MB): peak = 1838.051 ; gain = 1060.105
---------------------------------------------------------------------------------
---------------------------------------------------------------------------------
Start Handling Custom Attributes
---------------------------------------------------------------------------------
---------------------------------------------------------------------------------
Finished Handling Custom Attributes : Time (s): cpu = 00:00:16 ; elapsed = 00:00:21 . Memory (MB): peak = 1838.051 ; gain = 1060.105
---------------------------------------------------------------------------------
---------------------------------------------------------------------------------
Finished RTL Optimization Phase 1 : Time (s): cpu = 00:00:16 ; elapsed = 00:00:21 . Memory (MB): peak = 1838.051 ; gain = 1060.105
---------------------------------------------------------------------------------
Netlist sorting complete. Time (s): cpu = 00:00:00 ; elapsed = 00:00:00.430 . Memory (MB): peak = 1838.051 ; gain = 0.000
INFO: [Project 1-570] Preparing netlist for logic optimization

Processing XDC Constraints
Initializing timing engine
Completed Processing XDC Constraints

Netlist sorting complete. Time (s): cpu = 00:00:00 ; elapsed = 00:00:00.003 . Memory (MB): peak = 1838.051 ; gain = 0.000
INFO: [Project 1-111] Unisim Transformation Summary:
No Unisim elements were transformed.

Constraint Validation Runtime : Time (s): cpu = 00:00:01 ; elapsed = 00:00:00.315 . Memory (MB): peak = 1838.051 ; gain = 0.000
INFO: [Designutils 20-5008] Incremental synthesis strategy off
INFO: [Synth 8-11241] undeclared symbol 'REGCCE', assumed default net type 'wire' [C:/Xilinx/Vivado/2022.2/data/verilog/src/unimacro/BRAM_SINGLE_MACRO.v:2170]
---------------------------------------------------------------------------------
Finished Constraint Validation : Time (s): cpu = 00:00:25 ; elapsed = 00:00:30 . Memory (MB): peak = 1838.051 ; gain = 1060.105
---------------------------------------------------------------------------------
---------------------------------------------------------------------------------
Start Loading Part and Timing Information
---------------------------------------------------------------------------------
Loading part: xc7s50csga324-1
---------------------------------------------------------------------------------
Finished Loading Part and Timing Information : Time (s): cpu = 00:00:25 ; elapsed = 00:00:30 . Memory (MB): peak = 1838.051 ; gain = 1060.105
---------------------------------------------------------------------------------
---------------------------------------------------------------------------------
Start Applying 'set_property' XDC Constraints
---------------------------------------------------------------------------------
---------------------------------------------------------------------------------
Finished applying 'set_property' XDC Constraints : Time (s): cpu = 00:00:25 ; elapsed = 00:00:30 . Memory (MB): peak = 1838.051 ; gain = 1060.105
---------------------------------------------------------------------------------
---------------------------------------------------------------------------------
Finished RTL Optimization Phase 2 : Time (s): cpu = 00:00:34 ; elapsed = 00:00:41 . Memory (MB): peak = 1838.051 ; gain = 1060.105
---------------------------------------------------------------------------------
---------------------------------------------------------------------------------
Start RTL Component Statistics 
---------------------------------------------------------------------------------
Detailed RTL Component Info : 
+---Registers : 
	               32 Bit    Registers := 602   
	               16 Bit    Registers := 2     
	                2 Bit    Registers := 2     
	                1 Bit    Registers := 6     
+---Muxes : 
	   2 Input   32 Bit        Muxes := 601   
	   2 Input    8 Bit        Muxes := 2414  
	   2 Input    1 Bit        Muxes := 5     
---------------------------------------------------------------------------------
Finished RTL Component Statistics 
---------------------------------------------------------------------------------
---------------------------------------------------------------------------------
Start Part Resource Summary
---------------------------------------------------------------------------------
Part Resources:
DSPs: 120 (col length:60)
BRAMs: 150 (col length: RAMB18 60 RAMB36 30)
---------------------------------------------------------------------------------
Finished Part Resource Summary
---------------------------------------------------------------------------------
---------------------------------------------------------------------------------
Start Cross Boundary and Area Optimization
---------------------------------------------------------------------------------
WARNING: [Synth 8-7129] Port hdmi_clk_n in module design_1_hdmi_text_controller_0_0 is either unconnected or has no load
WARNING: [Synth 8-7129] Port hdmi_clk_p in module design_1_hdmi_text_controller_0_0 is either unconnected or has no load
WARNING: [Synth 8-7129] Port hdmi_tx_n[2] in module design_1_hdmi_text_controller_0_0 is either unconnected or has no load
WARNING: [Synth 8-7129] Port hdmi_tx_n[1] in module design_1_hdmi_text_controller_0_0 is either unconnected or has no load
WARNING: [Synth 8-7129] Port hdmi_tx_n[0] in module design_1_hdmi_text_controller_0_0 is either unconnected or has no load
WARNING: [Synth 8-7129] Port hdmi_tx_p[2] in module design_1_hdmi_text_controller_0_0 is either unconnected or has no load
WARNING: [Synth 8-7129] Port hdmi_tx_p[1] in module design_1_hdmi_text_controller_0_0 is either unconnected or has no load
WARNING: [Synth 8-7129] Port hdmi_tx_p[0] in module design_1_hdmi_text_controller_0_0 is either unconnected or has no load
WARNING: [Synth 8-7129] Port axi_awprot[2] in module design_1_hdmi_text_controller_0_0 is either unconnected or has no load
WARNING: [Synth 8-7129] Port axi_awprot[1] in module design_1_hdmi_text_controller_0_0 is either unconnected or has no load
WARNING: [Synth 8-7129] Port axi_awprot[0] in module design_1_hdmi_text_controller_0_0 is either unconnected or has no load
WARNING: [Synth 8-7129] Port axi_arprot[2] in module design_1_hdmi_text_controller_0_0 is either unconnected or has no load
WARNING: [Synth 8-7129] Port axi_arprot[1] in module design_1_hdmi_text_controller_0_0 is either unconnected or has no load
WARNING: [Synth 8-7129] Port axi_arprot[0] in module design_1_hdmi_text_controller_0_0 is either unconnected or has no load
INFO: [Synth 8-3886] merging instance 'axi_rresp_reg[0]' (FDRE) to 'axi_rresp_reg[1]'
INFO: [Synth 8-3333] propagating constant 0 across sequential element (\axi_rresp_reg[1] )
INFO: [Synth 8-3886] merging instance 'axi_bresp_reg[0]' (FDRE) to 'axi_bresp_reg[1]'
INFO: [Synth 8-3333] propagating constant 0 across sequential element (\axi_bresp_reg[1] )
---------------------------------------------------------------------------------
Finished Cross Boundary and Area Optimization : Time (s): cpu = 00:00:45 ; elapsed = 00:01:19 . Memory (MB): peak = 1838.051 ; gain = 1060.105
---------------------------------------------------------------------------------
---------------------------------------------------------------------------------
Start Applying XDC Timing Constraints
---------------------------------------------------------------------------------
---------------------------------------------------------------------------------
Finished Applying XDC Timing Constraints : Time (s): cpu = 00:00:49 ; elapsed = 00:01:25 . Memory (MB): peak = 1838.051 ; gain = 1060.105
---------------------------------------------------------------------------------
---------------------------------------------------------------------------------
Start Timing Optimization
---------------------------------------------------------------------------------
---------------------------------------------------------------------------------
Finished Timing Optimization : Time (s): cpu = 00:00:50 ; elapsed = 00:01:26 . Memory (MB): peak = 1838.051 ; gain = 1060.105
---------------------------------------------------------------------------------
---------------------------------------------------------------------------------
Start Technology Mapping
---------------------------------------------------------------------------------
---------------------------------------------------------------------------------
Finished Technology Mapping : Time (s): cpu = 00:00:52 ; elapsed = 00:01:33 . Memory (MB): peak = 1838.051 ; gain = 1060.105
---------------------------------------------------------------------------------
---------------------------------------------------------------------------------
Start IO Insertion
---------------------------------------------------------------------------------
---------------------------------------------------------------------------------
Start Flattening Before IO Insertion
---------------------------------------------------------------------------------
---------------------------------------------------------------------------------
Finished Flattening Before IO Insertion
---------------------------------------------------------------------------------
---------------------------------------------------------------------------------
Start Final Netlist Cleanup
---------------------------------------------------------------------------------
---------------------------------------------------------------------------------
Finished Final Netlist Cleanup
---------------------------------------------------------------------------------
---------------------------------------------------------------------------------
Finished IO Insertion : Time (s): cpu = 00:00:56 ; elapsed = 00:01:39 . Memory (MB): peak = 1838.051 ; gain = 1060.105
---------------------------------------------------------------------------------
---------------------------------------------------------------------------------
Start Renaming Generated Instances
---------------------------------------------------------------------------------
---------------------------------------------------------------------------------
Finished Renaming Generated Instances : Time (s): cpu = 00:00:57 ; elapsed = 00:01:39 . Memory (MB): peak = 1838.051 ; gain = 1060.105
---------------------------------------------------------------------------------
---------------------------------------------------------------------------------
Start Rebuilding User Hierarchy
---------------------------------------------------------------------------------
---------------------------------------------------------------------------------
Finished Rebuilding User Hierarchy : Time (s): cpu = 00:00:57 ; elapsed = 00:01:39 . Memory (MB): peak = 1838.051 ; gain = 1060.105
---------------------------------------------------------------------------------
---------------------------------------------------------------------------------
Start Renaming Generated Ports
---------------------------------------------------------------------------------
---------------------------------------------------------------------------------
Finished Renaming Generated Ports : Time (s): cpu = 00:00:57 ; elapsed = 00:01:39 . Memory (MB): peak = 1838.051 ; gain = 1060.105
---------------------------------------------------------------------------------
---------------------------------------------------------------------------------
Start Handling Custom Attributes
---------------------------------------------------------------------------------
---------------------------------------------------------------------------------
Finished Handling Custom Attributes : Time (s): cpu = 00:00:57 ; elapsed = 00:01:40 . Memory (MB): peak = 1838.051 ; gain = 1060.105
---------------------------------------------------------------------------------
---------------------------------------------------------------------------------
Start Renaming Generated Nets
---------------------------------------------------------------------------------
---------------------------------------------------------------------------------
Finished Renaming Generated Nets : Time (s): cpu = 00:00:57 ; elapsed = 00:01:40 . Memory (MB): peak = 1838.051 ; gain = 1060.105
---------------------------------------------------------------------------------
---------------------------------------------------------------------------------
Start Writing Synthesis Report
---------------------------------------------------------------------------------

Report BlackBoxes: 
+-+--------------+----------+
| |BlackBox name |Instances |
+-+--------------+----------+
+-+--------------+----------+

Report Cell Usage: 
+------+------+------+
|      |Cell  |Count |
+------+------+------+
|1     |LUT1  |     1|
|2     |LUT2  |    10|
|3     |LUT3  |    38|
|4     |LUT4  |    57|
|5     |LUT5  |    95|
|6     |LUT6  |  8090|
|7     |MUXF7 |  2496|
|8     |MUXF8 |  1248|
|9     |FDRE  | 19539|
|10    |FDSE  |     1|
+------+------+------+
---------------------------------------------------------------------------------
Finished Writing Synthesis Report : Time (s): cpu = 00:00:57 ; elapsed = 00:01:40 . Memory (MB): peak = 1838.051 ; gain = 1060.105
---------------------------------------------------------------------------------
Synthesis finished with 0 errors, 0 critical warnings and 14 warnings.
Synthesis Optimization Runtime : Time (s): cpu = 00:00:36 ; elapsed = 00:01:35 . Memory (MB): peak = 1838.051 ; gain = 1060.105
Synthesis Optimization Complete : Time (s): cpu = 00:00:57 ; elapsed = 00:01:40 . Memory (MB): peak = 1838.051 ; gain = 1060.105
INFO: [Project 1-571] Translating synthesized netlist
Netlist sorting complete. Time (s): cpu = 00:00:01 ; elapsed = 00:00:00.236 . Memory (MB): peak = 1838.051 ; gain = 0.000
INFO: [Netlist 29-17] Analyzing 3744 Unisim elements for replacement
INFO: [Netlist 29-28] Unisim Transformation completed in 0 CPU seconds
WARNING: [Netlist 29-101] Netlist 'design_1_hdmi_text_controller_0_0' is not ideal for floorplanning, since the cellview 'hdmi_text_controller_v1_0_AXI' contains a large number of primitives.  Please consider enabling hierarchy in synthesis if you want to do floorplanning.
INFO: [Project 1-570] Preparing netlist for logic optimization
INFO: [Opt 31-138] Pushed 0 inverter(s) to 0 load pin(s).
Netlist sorting complete. Time (s): cpu = 00:00:00 ; elapsed = 00:00:00.004 . Memory (MB): peak = 1838.051 ; gain = 0.000
INFO: [Project 1-111] Unisim Transformation Summary:
No Unisim elements were transformed.

Synth Design complete, checksum: 7abdf9a3
INFO: [Common 17-83] Releasing license: Synthesis
33 Infos, 134 Warnings, 0 Critical Warnings and 0 Errors encountered.
synth_design completed successfully
synth_design: Time (s): cpu = 00:01:01 ; elapsed = 00:01:46 . Memory (MB): peak = 1838.051 ; gain = 1435.020
INFO: [Common 17-1381] The checkpoint 'C:/Users/curti/OneDrive/Documents/UIUC/ECE-385/Vivado_Projects/lab7_1/lab7_1.runs/design_1_hdmi_text_controller_0_0_synth_1/design_1_hdmi_text_controller_0_0.dcp' has been generated.
INFO: [Coretcl 2-1648] Added synthesis output to IP cache for IP design_1_hdmi_text_controller_0_0, cache-ID = 97fb64e477523001
INFO: [Coretcl 2-1174] Renamed 2 cell refs.
INFO: [Common 17-1381] The checkpoint 'C:/Users/curti/OneDrive/Documents/UIUC/ECE-385/Vivado_Projects/lab7_1/lab7_1.runs/design_1_hdmi_text_controller_0_0_synth_1/design_1_hdmi_text_controller_0_0.dcp' has been generated.
INFO: [runtcl-4] Executing : report_utilization -file design_1_hdmi_text_controller_0_0_utilization_synth.rpt -pb design_1_hdmi_text_controller_0_0_utilization_synth.pb
INFO: [Common 17-206] Exiting Vivado at Wed Oct 30 16:38:57 2024...
