#-----------------------------------------------------------
# Vivado v2022.2 (64-bit)
# SW Build 3671981 on Fri Oct 14 05:00:03 MDT 2022
# IP Build 3669848 on Fri Oct 14 08:30:02 MDT 2022
# Start of session at: Fri Oct 18 15:34:31 2024
# Process ID: 1984
# Current directory: C:/Users/curti/OneDrive/Documents/UIUC/ECE-385/Vivado_Projects/lab_5
# Command line: vivado.exe -gui_launcher_event rodinguilauncherevent24788 C:\Users\curti\OneDrive\Documents\UIUC\ECE-385\Vivado_Projects\lab_5\lab_5.xpr
# Log file: C:/Users/curti/OneDrive/Documents/UIUC/ECE-385/Vivado_Projects/lab_5/vivado.log
# Journal file: C:/Users/curti/OneDrive/Documents/UIUC/ECE-385/Vivado_Projects/lab_5\vivado.jou
# Running On: Curtis-Laptop, OS: Windows, CPU Frequency: 2688 MHz, CPU Physical cores: 14, Host memory: 34014 MB
#-----------------------------------------------------------
start_gui
open_project C:/Users/curti/OneDrive/Documents/UIUC/ECE-385/Vivado_Projects/lab_5/lab_5.xpr
WARNING: [Board 49-26] cannot add Board Part xilinx.com:ac701:part0:1.4 available at C:/Xilinx/Vivado/2022.2/data/xhub/boards/XilinxBoardStore/boards/Xilinx/ac701/1.4/board.xml as part xc7a200tfbg676-2 specified in board_part file is either invalid or not available
WARNING: [Board 49-26] cannot add Board Part xilinx.com:k26c:part0:1.2 available at C:/Xilinx/Vivado/2022.2/data/xhub/boards/XilinxBoardStore/boards/Xilinx/k26c/1.2/board.xml as part xck26-sfvc784-2lv-c specified in board_part file is either invalid or not available
WARNING: [Board 49-26] cannot add Board Part xilinx.com:k26c:part0:1.3 available at C:/Xilinx/Vivado/2022.2/data/xhub/boards/XilinxBoardStore/boards/Xilinx/k26c/1.3/board.xml as part xck26-sfvc784-2lv-c specified in board_part file is either invalid or not available
WARNING: [Board 49-26] cannot add Board Part xilinx.com:k26c:part0:1.4 available at C:/Xilinx/Vivado/2022.2/data/xhub/boards/XilinxBoardStore/boards/Xilinx/k26c/1.4/board.xml as part xck26-sfvc784-2lv-c specified in board_part file is either invalid or not available
WARNING: [Board 49-26] cannot add Board Part xilinx.com:k26i:part0:1.2 available at C:/Xilinx/Vivado/2022.2/data/xhub/boards/XilinxBoardStore/boards/Xilinx/k26i/1.2/board.xml as part xck26-sfvc784-2lvi-i specified in board_part file is either invalid or not available
WARNING: [Board 49-26] cannot add Board Part xilinx.com:k26i:part0:1.3 available at C:/Xilinx/Vivado/2022.2/data/xhub/boards/XilinxBoardStore/boards/Xilinx/k26i/1.3/board.xml as part xck26-sfvc784-2lvi-i specified in board_part file is either invalid or not available
WARNING: [Board 49-26] cannot add Board Part xilinx.com:k26i:part0:1.4 available at C:/Xilinx/Vivado/2022.2/data/xhub/boards/XilinxBoardStore/boards/Xilinx/k26i/1.4/board.xml as part xck26-sfvc784-2lvi-i specified in board_part file is either invalid or not available
WARNING: [Board 49-26] cannot add Board Part xilinx.com:kc705:part0:1.6 available at C:/Xilinx/Vivado/2022.2/data/xhub/boards/XilinxBoardStore/boards/Xilinx/kc705/1.6/board.xml as part xc7k325tffg900-2 specified in board_part file is either invalid or not available
WARNING: [Board 49-26] cannot add Board Part xilinx.com:kcu105:part0:1.6 available at C:/Xilinx/Vivado/2022.2/data/xhub/boards/XilinxBoardStore/boards/Xilinx/kcu105/1.6/board.xml as part xcku040-ffva1156-2-e specified in board_part file is either invalid or not available
WARNING: [Board 49-26] cannot add Board Part xilinx.com:kcu105:part0:1.7 available at C:/Xilinx/Vivado/2022.2/data/xhub/boards/XilinxBoardStore/boards/Xilinx/kcu105/1.7/board.xml as part xcku040-ffva1156-2-e specified in board_part file is either invalid or not available
WARNING: [Board 49-26] cannot add Board Part xilinx.com:kcu116:part0:1.4 available at C:/Xilinx/Vivado/2022.2/data/xhub/boards/XilinxBoardStore/boards/Xilinx/kcu116/1.4/board.xml as part xcku5p-ffvb676-2-e specified in board_part file is either invalid or not available
WARNING: [Board 49-26] cannot add Board Part xilinx.com:kcu116:part0:1.5 available at C:/Xilinx/Vivado/2022.2/data/xhub/boards/XilinxBoardStore/boards/Xilinx/kcu116/1.5/board.xml as part xcku5p-ffvb676-2-e specified in board_part file is either invalid or not available
WARNING: [Board 49-26] cannot add Board Part xilinx.com:kcu1500:part0:1.2 available at C:/Xilinx/Vivado/2022.2/data/xhub/boards/XilinxBoardStore/boards/Xilinx/kcu1500/1.2/board.xml as part xcku115-flvb2104-2-e specified in board_part file is either invalid or not available
WARNING: [Board 49-26] cannot add Board Part xilinx.com:kr260_som:part0:1.0 available at C:/Xilinx/Vivado/2022.2/data/xhub/boards/XilinxBoardStore/boards/Xilinx/kr260_som/1.0/board.xml as part xck26-sfvc784-2lv-c specified in board_part file is either invalid or not available
WARNING: [Board 49-26] cannot add Board Part xilinx.com:kr260_som:part0:1.1 available at C:/Xilinx/Vivado/2022.2/data/xhub/boards/XilinxBoardStore/boards/Xilinx/kr260_som/1.1/board.xml as part xck26-sfvc784-2lv-c specified in board_part file is either invalid or not available
WARNING: [Board 49-26] cannot add Board Part xilinx.com:kv260_som:part0:1.2 available at C:/Xilinx/Vivado/2022.2/data/xhub/boards/XilinxBoardStore/boards/Xilinx/kv260_som/1.2/board.xml as part xck26-sfvc784-2lv-c specified in board_part file is either invalid or not available
WARNING: [Board 49-26] cannot add Board Part xilinx.com:kv260_som:part0:1.3 available at C:/Xilinx/Vivado/2022.2/data/xhub/boards/XilinxBoardStore/boards/Xilinx/kv260_som/1.3/board.xml as part xck26-sfvc784-2lv-c specified in board_part file is either invalid or not available
WARNING: [Board 49-26] cannot add Board Part xilinx.com:kv260_som:part0:1.4 available at C:/Xilinx/Vivado/2022.2/data/xhub/boards/XilinxBoardStore/boards/Xilinx/kv260_som/1.4/board.xml as part xck26-sfvc784-2lv-c specified in board_part file is either invalid or not available
WARNING: [Board 49-26] cannot add Board Part xilinx.com:vc707:part0:1.4 available at C:/Xilinx/Vivado/2022.2/data/xhub/boards/XilinxBoardStore/boards/Xilinx/vc707/1.4/board.xml as part xc7vx485tffg1761-2 specified in board_part file is either invalid or not available
WARNING: [Board 49-26] cannot add Board Part xilinx.com:vc709:part0:1.8 available at C:/Xilinx/Vivado/2022.2/data/xhub/boards/XilinxBoardStore/boards/Xilinx/vc709/1.8/board.xml as part xc7vx690tffg1761-2 specified in board_part file is either invalid or not available
WARNING: [Board 49-26] cannot add Board Part xilinx.com:vck190:part0:2.2 available at C:/Xilinx/Vivado/2022.2/data/xhub/boards/XilinxBoardStore/boards/Xilinx/vck190/production/2.2/board.xml as part xcvc1902-vsva2197-2mp-e-s specified in board_part file is either invalid or not available
WARNING: [Board 49-26] cannot add Board Part xilinx.com:vck190:part0:3.0 available at C:/Xilinx/Vivado/2022.2/data/xhub/boards/XilinxBoardStore/boards/Xilinx/vck190/production/3.0/board.xml as part xcvc1902-vsva2197-2mp-e-s specified in board_part file is either invalid or not available
WARNING: [Board 49-26] cannot add Board Part xilinx.com:vck190:part0:3.1 available at C:/Xilinx/Vivado/2022.2/data/xhub/boards/XilinxBoardStore/boards/Xilinx/vck190/production/3.1/board.xml as part xcvc1902-vsva2197-2mp-e-s specified in board_part file is either invalid or not available
WARNING: [Board 49-26] cannot add Board Part xilinx.com:vck190_newl:part0:1.0 available at C:/Xilinx/Vivado/2022.2/data/xhub/boards/XilinxBoardStore/boards/Xilinx/vck190_newl/production/1.0/board.xml as part xcvc1902-vsva2197-2mp-e-s specified in board_part file is either invalid or not available
WARNING: [Board 49-26] cannot add Board Part xilinx.com:vcu108:part0:1.6 available at C:/Xilinx/Vivado/2022.2/data/xhub/boards/XilinxBoardStore/boards/Xilinx/vcu108/1.6/board.xml as part xcvu095-ffva2104-2-e specified in board_part file is either invalid or not available
WARNING: [Board 49-26] cannot add Board Part xilinx.com:vcu108:part0:1.7 available at C:/Xilinx/Vivado/2022.2/data/xhub/boards/XilinxBoardStore/boards/Xilinx/vcu108/1.7/board.xml as part xcvu095-ffva2104-2-e specified in board_part file is either invalid or not available
WARNING: [Board 49-26] cannot add Board Part xilinx.com:vcu110:part0:1.4 available at C:/Xilinx/Vivado/2022.2/data/xhub/boards/XilinxBoardStore/boards/Xilinx/vcu110/1.4/board.xml as part xcvu190-flgc2104-2-e specified in board_part file is either invalid or not available
WARNING: [Board 49-26] cannot add Board Part xilinx.com:vcu118:part0:2.0 available at C:/Xilinx/Vivado/2022.2/data/xhub/boards/XilinxBoardStore/boards/Xilinx/vcu118/2.0/board.xml as part xcvu9p-flga2104-2l-e specified in board_part file is either invalid or not available
WARNING: [Board 49-26] cannot add Board Part xilinx.com:vcu118:part0:2.3 available at C:/Xilinx/Vivado/2022.2/data/xhub/boards/XilinxBoardStore/boards/Xilinx/vcu118/2.3/board.xml as part xcvu9p-flga2104-2l-e specified in board_part file is either invalid or not available
WARNING: [Board 49-26] cannot add Board Part xilinx.com:vcu118:part0:2.4 available at C:/Xilinx/Vivado/2022.2/data/xhub/boards/XilinxBoardStore/boards/Xilinx/vcu118/2.4/board.xml as part xcvu9p-flga2104-2l-e specified in board_part file is either invalid or not available
WARNING: [Board 49-26] cannot add Board Part xilinx.com:vcu128:part0:1.0 available at C:/Xilinx/Vivado/2022.2/data/xhub/boards/XilinxBoardStore/boards/Xilinx/vcu128/production/1.0/board.xml as part xcvu37p-fsvh2892-2l-e specified in board_part file is either invalid or not available
WARNING: [Board 49-26] cannot add Board Part xilinx.com:vcu129:part0:1.0 available at C:/Xilinx/Vivado/2022.2/data/xhub/boards/XilinxBoardStore/boards/Xilinx/vcu129/production/1.0/board.xml as part xcvu29p-fsga2577-2l-e specified in board_part file is either invalid or not available
WARNING: [Board 49-26] cannot add Board Part xilinx.com:vcu1525:part0:1.3 available at C:/Xilinx/Vivado/2022.2/data/xhub/boards/XilinxBoardStore/boards/Xilinx/vcu1525/1.3/board.xml as part xcvu9p-fsgd2104-2l-e specified in board_part file is either invalid or not available
WARNING: [Board 49-26] cannot add Board Part xilinx.com:vek280_es:part0:1.0 available at C:/Xilinx/Vivado/2022.2/data/xhub/boards/XilinxBoardStore/boards/Xilinx/vek280/es/1.0/board.xml as part xcve2802-vsvh1760-2lp-e-s-es1 specified in board_part file is either invalid or not available
WARNING: [Board 49-26] cannot add Board Part xilinx.com:vermeo_t1_mpsoc:part0:1.0 available at C:/Xilinx/Vivado/2022.2/data/xhub/boards/XilinxBoardStore/boards/Xilinx/vermeo_t1_mpsoc/1.0/board.xml as part xczu19eg-ffvd1760-2l-e specified in board_part file is either invalid or not available
WARNING: [Board 49-26] cannot add Board Part xilinx.com:vermeo_t1_rfsoc:part0:1.0 available at C:/Xilinx/Vivado/2022.2/data/xhub/boards/XilinxBoardStore/boards/Xilinx/vermeo_t1_rfsoc/1.0/board.xml as part xczu21dr-ffvd1156-2l-e specified in board_part file is either invalid or not available
WARNING: [Board 49-26] cannot add Board Part xilinx.com:vhk158_es:part0:1.0 available at C:/Xilinx/Vivado/2022.2/data/xhub/boards/XilinxBoardStore/boards/Xilinx/vhk158/es/1.0/board.xml as part xcvh1582-vsva3697-2mp-e-s-es1 specified in board_part file is either invalid or not available
WARNING: [Board 49-26] cannot add Board Part xilinx.com:vmk180:part0:2.2 available at C:/Xilinx/Vivado/2022.2/data/xhub/boards/XilinxBoardStore/boards/Xilinx/vmk180/production/2.2/board.xml as part xcvm1802-vsva2197-2mp-e-s specified in board_part file is either invalid or not available
WARNING: [Board 49-26] cannot add Board Part xilinx.com:vmk180:part0:3.0 available at C:/Xilinx/Vivado/2022.2/data/xhub/boards/XilinxBoardStore/boards/Xilinx/vmk180/production/3.0/board.xml as part xcvm1802-vsva2197-2mp-e-s specified in board_part file is either invalid or not available
WARNING: [Board 49-26] cannot add Board Part xilinx.com:vmk180:part0:3.1 available at C:/Xilinx/Vivado/2022.2/data/xhub/boards/XilinxBoardStore/boards/Xilinx/vmk180/production/3.1/board.xml as part xcvm1802-vsva2197-2mp-e-s specified in board_part file is either invalid or not available
WARNING: [Board 49-26] cannot add Board Part xilinx.com:vmk180_newl:part0:1.0 available at C:/Xilinx/Vivado/2022.2/data/xhub/boards/XilinxBoardStore/boards/Xilinx/vmk180_newl/production/1.0/board.xml as part xcvm1802-vsva2197-2mp-e-s specified in board_part file is either invalid or not available
WARNING: [Board 49-26] cannot add Board Part xilinx.com:vpk120:part0:1.0 available at C:/Xilinx/Vivado/2022.2/data/xhub/boards/XilinxBoardStore/boards/Xilinx/vpk120/production/1.0/board.xml as part xcvp1202-vsva2785-2mp-e-s specified in board_part file is either invalid or not available
WARNING: [Board 49-26] cannot add Board Part xilinx.com:vpk120_es:part0:1.2 available at C:/Xilinx/Vivado/2022.2/data/xhub/boards/XilinxBoardStore/boards/Xilinx/vpk120/es/1.2/board.xml as part xcvp1202-vsva2785-2mp-e-s-es1 specified in board_part file is either invalid or not available
WARNING: [Board 49-26] cannot add Board Part xilinx.com:vpk120_es_revb:part0:1.0 available at C:/Xilinx/Vivado/2022.2/data/xhub/boards/XilinxBoardStore/boards/Xilinx/vpk120_revb/es/1.0/board.xml as part xcvp1202-vsva2785-2mp-e-s-es1 specified in board_part file is either invalid or not available
WARNING: [Board 49-26] cannot add Board Part xilinx.com:vpk180_es:part0:1.0 available at C:/Xilinx/Vivado/2022.2/data/xhub/boards/XilinxBoardStore/boards/Xilinx/vpk180/es/1.0/board.xml as part xcvp1802-lsvc4072-2mp-e-s-es1 specified in board_part file is either invalid or not available
WARNING: [Board 49-26] cannot add Board Part xilinx.com:zc702:part0:1.4 available at C:/Xilinx/Vivado/2022.2/data/xhub/boards/XilinxBoardStore/boards/Xilinx/zc702/1.4/board.xml as part xc7z020clg484-1 specified in board_part file is either invalid or not available
WARNING: [Board 49-26] cannot add Board Part xilinx.com:zc706:part0:1.4 available at C:/Xilinx/Vivado/2022.2/data/xhub/boards/XilinxBoardStore/boards/Xilinx/zc706/1.4/board.xml as part xc7z045ffg900-2 specified in board_part file is either invalid or not available
WARNING: [Board 49-26] cannot add Board Part xilinx.com:zcu102:part0:3.3 available at C:/Xilinx/Vivado/2022.2/data/xhub/boards/XilinxBoardStore/boards/Xilinx/zcu102/3.3/board.xml as part xczu9eg-ffvb1156-2-e specified in board_part file is either invalid or not available
WARNING: [Board 49-26] cannot add Board Part xilinx.com:zcu102:part0:3.4 available at C:/Xilinx/Vivado/2022.2/data/xhub/boards/XilinxBoardStore/boards/Xilinx/zcu102/3.4/board.xml as part xczu9eg-ffvb1156-2-e specified in board_part file is either invalid or not available
WARNING: [Board 49-26] cannot add Board Part xilinx.com:zcu104:part0:1.1 available at C:/Xilinx/Vivado/2022.2/data/xhub/boards/XilinxBoardStore/boards/Xilinx/zcu104/1.1/board.xml as part xczu7ev-ffvc1156-2-e specified in board_part file is either invalid or not available
WARNING: [Board 49-26] cannot add Board Part xilinx.com:zcu106:part0:2.4 available at C:/Xilinx/Vivado/2022.2/data/xhub/boards/XilinxBoardStore/boards/Xilinx/zcu106/2.4/board.xml as part xczu7ev-ffvc1156-2-e specified in board_part file is either invalid or not available
WARNING: [Board 49-26] cannot add Board Part xilinx.com:zcu106:part0:2.5 available at C:/Xilinx/Vivado/2022.2/data/xhub/boards/XilinxBoardStore/boards/Xilinx/zcu106/2.5/board.xml as part xczu7ev-ffvc1156-2-e specified in board_part file is either invalid or not available
WARNING: [Board 49-26] cannot add Board Part xilinx.com:zcu106:part0:2.6 available at C:/Xilinx/Vivado/2022.2/data/xhub/boards/XilinxBoardStore/boards/Xilinx/zcu106/2.6/board.xml as part xczu7ev-ffvc1156-2-e specified in board_part file is either invalid or not available
WARNING: [Board 49-26] cannot add Board Part xilinx.com:zcu111:part0:1.2 available at C:/Xilinx/Vivado/2022.2/data/xhub/boards/XilinxBoardStore/boards/Xilinx/zcu111/1.2/board.xml as part xczu28dr-ffvg1517-2-e specified in board_part file is either invalid or not available
WARNING: [Board 49-26] cannot add Board Part xilinx.com:zcu111:part0:1.3 available at C:/Xilinx/Vivado/2022.2/data/xhub/boards/XilinxBoardStore/boards/Xilinx/zcu111/1.3/board.xml as part xczu28dr-ffvg1517-2-e specified in board_part file is either invalid or not available
WARNING: [Board 49-26] cannot add Board Part xilinx.com:zcu111:part0:1.4 available at C:/Xilinx/Vivado/2022.2/data/xhub/boards/XilinxBoardStore/boards/Xilinx/zcu111/1.4/board.xml as part xczu28dr-ffvg1517-2-e specified in board_part file is either invalid or not available
WARNING: [Board 49-26] cannot add Board Part xilinx.com:zcu1275:part0:1.0 available at C:/Xilinx/Vivado/2022.2/data/xhub/boards/XilinxBoardStore/boards/Xilinx/zcu1275/1.0/board.xml as part xczu29dr-ffvf1760-2-e specified in board_part file is either invalid or not available
WARNING: [Board 49-26] cannot add Board Part xilinx.com:zcu1285:part0:1.0 available at C:/Xilinx/Vivado/2022.2/data/xhub/boards/XilinxBoardStore/boards/Xilinx/zcu1285/1.0/board.xml as part xczu39dr-ffvf1760-2-i specified in board_part file is either invalid or not available
WARNING: [Board 49-26] cannot add Board Part xilinx.com:zcu208:part0:2.0 available at C:/Xilinx/Vivado/2022.2/data/xhub/boards/XilinxBoardStore/boards/Xilinx/zcu208/production/2.0/board.xml as part xczu48dr-fsvg1517-2-e specified in board_part file is either invalid or not available
WARNING: [Board 49-26] cannot add Board Part xilinx.com:zcu208ld:part0:2.0 available at C:/Xilinx/Vivado/2022.2/data/xhub/boards/XilinxBoardStore/boards/Xilinx/zcu208ld/production/2.0/board.xml as part xczu58dr-fsvg1517-2-i specified in board_part file is either invalid or not available
WARNING: [Board 49-26] cannot add Board Part xilinx.com:zcu216:part0:2.0 available at C:/Xilinx/Vivado/2022.2/data/xhub/boards/XilinxBoardStore/boards/Xilinx/zcu216/production/2.0/board.xml as part xczu49dr-ffvf1760-2-e specified in board_part file is either invalid or not available
WARNING: [Board 49-26] cannot add Board Part xilinx.com:zcu216ld:part0:2.0 available at C:/Xilinx/Vivado/2022.2/data/xhub/boards/XilinxBoardStore/boards/Xilinx/zcu216ld/production/2.0/board.xml as part xczu59dr-ffvf1760-2-i specified in board_part file is either invalid or not available
WARNING: [Board 49-26] cannot add Board Part xilinx.com:zcu670:part0:2.0 available at C:/Xilinx/Vivado/2022.2/data/xhub/boards/XilinxBoardStore/boards/Xilinx/zcu670/2.0/board.xml as part xczu67dr-fsve1156-2-i specified in board_part file is either invalid or not available
WARNING: [Board 49-26] cannot add Board Part xilinx.com:zcu670ld:part0:1.0 available at C:/Xilinx/Vivado/2022.2/data/xhub/boards/XilinxBoardStore/boards/Xilinx/zcu670ld/1.0/board.xml as part xczu57dr-fsve1156-2-i specified in board_part file is either invalid or not available
INFO: [Project 1-313] Project file moved from 'C:/Users/curti/OneDrive/Documents/UIUC/ECE-385/Vivado Projects/lab_5' since last save.
Scanning sources...
Finished scanning sources
INFO: [IP_Flow 19-234] Refreshing IP repositories
INFO: [IP_Flow 19-1704] No user IP repositories specified
INFO: [IP_Flow 19-2313] Loaded Vivado IP repository 'C:/Xilinx/Vivado/2022.2/data/ip'.
open_project: Time (s): cpu = 00:00:05 ; elapsed = 00:00:07 . Memory (MB): peak = 1130.699 ; gain = 311.129
synth_design -rtl -rtl_skip_mlo -name rtl_1
Command: synth_design -rtl -rtl_skip_mlo -name rtl_1
Starting synth_design
Using part: xc7s50csga324-1
Top: processor_top
INFO: [Device 21-403] Loading part xc7s50csga324-1
INFO: [Synth 8-11241] undeclared symbol 'REGCCE', assumed default net type 'wire' [C:/Xilinx/Vivado/2022.2/data/verilog/src/unimacro/BRAM_SINGLE_MACRO.v:2170]
WARNING: [Synth 8-11067] parameter 'NO_OP' declared inside package 'SLC3_TYPES' shall be treated as localparam [C:/Users/curti/OneDrive/Documents/UIUC/ECE-385/Vivado_Projects/lab_5/lab5_provided_fa24/srcs/types.sv:58]
WARNING: [Synth 8-11067] parameter 'outHEX' declared inside package 'SLC3_TYPES' shall be treated as localparam [C:/Users/curti/OneDrive/Documents/UIUC/ECE-385/Vivado_Projects/lab_5/lab5_provided_fa24/srcs/types.sv:88]
WARNING: [Synth 8-11067] parameter 'inSW' declared inside package 'SLC3_TYPES' shall be treated as localparam [C:/Users/curti/OneDrive/Documents/UIUC/ECE-385/Vivado_Projects/lab_5/lab5_provided_fa24/srcs/types.sv:89]
---------------------------------------------------------------------------------
Starting RTL Elaboration : Time (s): cpu = 00:00:02 ; elapsed = 00:00:04 . Memory (MB): peak = 1886.641 ; gain = 397.984
---------------------------------------------------------------------------------
INFO: [Synth 8-6157] synthesizing module 'processor_top' [C:/Users/curti/OneDrive/Documents/UIUC/ECE-385/Vivado_Projects/lab_5/lab5_provided_fa24/srcs/processor_top.sv:3]
INFO: [Synth 8-6157] synthesizing module 'sync_debounce' [C:/Users/curti/OneDrive/Documents/UIUC/ECE-385/Vivado_Projects/lab_5/lab5_provided_fa24/srcs/sync.sv:9]
INFO: [Synth 8-6155] done synthesizing module 'sync_debounce' (0#1) [C:/Users/curti/OneDrive/Documents/UIUC/ECE-385/Vivado_Projects/lab_5/lab5_provided_fa24/srcs/sync.sv:9]
INFO: [Synth 8-6157] synthesizing module 'sync_flop' [C:/Users/curti/OneDrive/Documents/UIUC/ECE-385/Vivado_Projects/lab_5/lab5_provided_fa24/srcs/sync.sv:39]
INFO: [Synth 8-6155] done synthesizing module 'sync_flop' (0#1) [C:/Users/curti/OneDrive/Documents/UIUC/ECE-385/Vivado_Projects/lab_5/lab5_provided_fa24/srcs/sync.sv:39]
INFO: [Synth 8-6157] synthesizing module 'slc3' [C:/Users/curti/OneDrive/Documents/UIUC/ECE-385/Vivado_Projects/lab_5/lab5_provided_fa24/srcs/slc3.sv:23]
INFO: [Synth 8-6157] synthesizing module 'cpu' [C:/Users/curti/OneDrive/Documents/UIUC/ECE-385/Vivado_Projects/lab_5/lab5_provided_fa24/srcs/cpu.sv:23]
INFO: [Synth 8-6157] synthesizing module 'control' [C:/Users/curti/OneDrive/Documents/UIUC/ECE-385/Vivado_Projects/lab_5/lab5_provided_fa24/srcs/control.sv:26]
INFO: [Synth 8-294] found qualifier unique on case statement: implementing as parallel_case [C:/Users/curti/OneDrive/Documents/UIUC/ECE-385/Vivado_Projects/lab_5/lab5_provided_fa24/srcs/control.sv:303]
INFO: [Synth 8-294] found qualifier unique on case statement: implementing as parallel_case [C:/Users/curti/OneDrive/Documents/UIUC/ECE-385/Vivado_Projects/lab_5/lab5_provided_fa24/srcs/control.sv:332]
INFO: [Synth 8-6155] done synthesizing module 'control' (0#1) [C:/Users/curti/OneDrive/Documents/UIUC/ECE-385/Vivado_Projects/lab_5/lab5_provided_fa24/srcs/control.sv:26]
INFO: [Synth 8-6157] synthesizing module 'register_file' [C:/Users/curti/OneDrive/Documents/UIUC/ECE-385/Vivado_Projects/lab_5/lab_5.srcs/sources_1/new/register_file.sv:23]
INFO: [Synth 8-6155] done synthesizing module 'register_file' (0#1) [C:/Users/curti/OneDrive/Documents/UIUC/ECE-385/Vivado_Projects/lab_5/lab_5.srcs/sources_1/new/register_file.sv:23]
INFO: [Synth 8-6157] synthesizing module 'alu' [C:/Users/curti/OneDrive/Documents/UIUC/ECE-385/Vivado_Projects/lab_5/lab_5.srcs/sources_1/new/alu.sv:23]
INFO: [Synth 8-6155] done synthesizing module 'alu' (0#1) [C:/Users/curti/OneDrive/Documents/UIUC/ECE-385/Vivado_Projects/lab_5/lab_5.srcs/sources_1/new/alu.sv:23]
INFO: [Synth 8-6157] synthesizing module 'address_adder' [C:/Users/curti/OneDrive/Documents/UIUC/ECE-385/Vivado_Projects/lab_5/lab_5.srcs/sources_1/new/address_adder.sv:23]
INFO: [Synth 8-6155] done synthesizing module 'address_adder' (0#1) [C:/Users/curti/OneDrive/Documents/UIUC/ECE-385/Vivado_Projects/lab_5/lab_5.srcs/sources_1/new/address_adder.sv:23]
INFO: [Synth 8-6157] synthesizing module 'load_reg' [C:/Users/curti/OneDrive/Documents/UIUC/ECE-385/Vivado_Projects/lab_5/lab5_provided_fa24/srcs/load_reg.sv:1]
	Parameter DATA_WIDTH bound to: 16 - type: integer 
INFO: [Synth 8-6155] done synthesizing module 'load_reg' (0#1) [C:/Users/curti/OneDrive/Documents/UIUC/ECE-385/Vivado_Projects/lab_5/lab5_provided_fa24/srcs/load_reg.sv:1]
INFO: [Synth 8-6155] done synthesizing module 'cpu' (0#1) [C:/Users/curti/OneDrive/Documents/UIUC/ECE-385/Vivado_Projects/lab_5/lab5_provided_fa24/srcs/cpu.sv:23]
INFO: [Synth 8-6157] synthesizing module 'cpu_to_io' [C:/Users/curti/OneDrive/Documents/UIUC/ECE-385/Vivado_Projects/lab_5/lab5_provided_fa24/srcs/cpu_to_io.sv:1]
INFO: [Synth 8-6157] synthesizing module 'hex_driver' [C:/Users/curti/OneDrive/Documents/UIUC/ECE-385/Vivado_Projects/lab_5/lab5_provided_fa24/srcs/hex_driver.sv:1]
INFO: [Synth 8-6157] synthesizing module 'nibble_to_hex' [C:/Users/curti/OneDrive/Documents/UIUC/ECE-385/Vivado_Projects/lab_5/lab5_provided_fa24/srcs/hex_driver.sv:11]
INFO: [Synth 8-6155] done synthesizing module 'nibble_to_hex' (0#1) [C:/Users/curti/OneDrive/Documents/UIUC/ECE-385/Vivado_Projects/lab_5/lab5_provided_fa24/srcs/hex_driver.sv:11]
INFO: [Synth 8-6157] synthesizing module 'nibble_to_hex' [C:/Users/curti/OneDrive/Documents/UIUC/ECE-385/Vivado_Projects/lab_5/lab5_provided_fa24/srcs/hex_driver.sv:11]
INFO: [Synth 8-6155] done synthesizing module 'nibble_to_hex' (0#1) [C:/Users/curti/OneDrive/Documents/UIUC/ECE-385/Vivado_Projects/lab_5/lab5_provided_fa24/srcs/hex_driver.sv:11]
INFO: [Synth 8-6157] synthesizing module 'nibble_to_hex' [C:/Users/curti/OneDrive/Documents/UIUC/ECE-385/Vivado_Projects/lab_5/lab5_provided_fa24/srcs/hex_driver.sv:11]
INFO: [Synth 8-6155] done synthesizing module 'nibble_to_hex' (0#1) [C:/Users/curti/OneDrive/Documents/UIUC/ECE-385/Vivado_Projects/lab_5/lab5_provided_fa24/srcs/hex_driver.sv:11]
INFO: [Synth 8-6157] synthesizing module 'nibble_to_hex' [C:/Users/curti/OneDrive/Documents/UIUC/ECE-385/Vivado_Projects/lab_5/lab5_provided_fa24/srcs/hex_driver.sv:11]
INFO: [Synth 8-6155] done synthesizing module 'nibble_to_hex' (0#1) [C:/Users/curti/OneDrive/Documents/UIUC/ECE-385/Vivado_Projects/lab_5/lab5_provided_fa24/srcs/hex_driver.sv:11]
INFO: [Synth 8-6155] done synthesizing module 'hex_driver' (0#1) [C:/Users/curti/OneDrive/Documents/UIUC/ECE-385/Vivado_Projects/lab_5/lab5_provided_fa24/srcs/hex_driver.sv:1]
INFO: [Synth 8-6155] done synthesizing module 'cpu_to_io' (0#1) [C:/Users/curti/OneDrive/Documents/UIUC/ECE-385/Vivado_Projects/lab_5/lab5_provided_fa24/srcs/cpu_to_io.sv:1]
INFO: [Synth 8-6155] done synthesizing module 'slc3' (0#1) [C:/Users/curti/OneDrive/Documents/UIUC/ECE-385/Vivado_Projects/lab_5/lab5_provided_fa24/srcs/slc3.sv:23]
INFO: [Synth 8-6157] synthesizing module 'memory' [C:/Users/curti/OneDrive/Documents/UIUC/ECE-385/Vivado_Projects/lab_5/lab5_provided_fa24/srcs/memory.sv:3]
INFO: [Synth 8-6157] synthesizing module 'instantiate_ram' [C:/Users/curti/OneDrive/Documents/UIUC/ECE-385/Vivado_Projects/lab_5/lab5_provided_fa24/srcs/instantiate_ram.sv:18]
INFO: [Synth 8-294] found qualifier unique on case statement: implementing as parallel_case [C:/Users/curti/OneDrive/Documents/UIUC/ECE-385/Vivado_Projects/lab_5/lab5_provided_fa24/srcs/types.sv:218]
INFO: [Synth 8-6155] done synthesizing module 'instantiate_ram' (0#1) [C:/Users/curti/OneDrive/Documents/UIUC/ECE-385/Vivado_Projects/lab_5/lab5_provided_fa24/srcs/instantiate_ram.sv:18]
INFO: [Synth 8-6157] synthesizing module 'blk_mem_gen_0' [C:/Users/curti/OneDrive/Documents/UIUC/ECE-385/Vivado_Projects/lab_5/.Xil/Vivado-1984-Curtis-Laptop/realtime/blk_mem_gen_0_stub.v:5]
INFO: [Synth 8-6155] done synthesizing module 'blk_mem_gen_0' (0#1) [C:/Users/curti/OneDrive/Documents/UIUC/ECE-385/Vivado_Projects/lab_5/.Xil/Vivado-1984-Curtis-Laptop/realtime/blk_mem_gen_0_stub.v:5]
INFO: [Synth 8-6155] done synthesizing module 'memory' (0#1) [C:/Users/curti/OneDrive/Documents/UIUC/ECE-385/Vivado_Projects/lab_5/lab5_provided_fa24/srcs/memory.sv:3]
INFO: [Synth 8-6155] done synthesizing module 'processor_top' (0#1) [C:/Users/curti/OneDrive/Documents/UIUC/ECE-385/Vivado_Projects/lab_5/lab5_provided_fa24/srcs/processor_top.sv:3]
WARNING: [Synth 8-87] always_comb on 'ben_reg' did not result in combinational logic [C:/Users/curti/OneDrive/Documents/UIUC/ECE-385/Vivado_Projects/lab_5/lab5_provided_fa24/srcs/cpu.sv:115]
WARNING: [Synth 8-87] always_comb on 'cc_reg' did not result in combinational logic [C:/Users/curti/OneDrive/Documents/UIUC/ECE-385/Vivado_Projects/lab_5/lab5_provided_fa24/srcs/cpu.sv:260]
WARNING: [Synth 8-7129] Port ir[15] in module register_file is either unconnected or has no load
WARNING: [Synth 8-7129] Port ir[14] in module register_file is either unconnected or has no load
WARNING: [Synth 8-7129] Port ir[13] in module register_file is either unconnected or has no load
WARNING: [Synth 8-7129] Port ir[12] in module register_file is either unconnected or has no load
WARNING: [Synth 8-7129] Port ir[5] in module register_file is either unconnected or has no load
WARNING: [Synth 8-7129] Port ir[4] in module register_file is either unconnected or has no load
WARNING: [Synth 8-7129] Port ir[3] in module register_file is either unconnected or has no load
WARNING: [Synth 8-7129] Port ir[2] in module register_file is either unconnected or has no load
WARNING: [Synth 8-7129] Port ir[1] in module register_file is either unconnected or has no load
WARNING: [Synth 8-7129] Port ir[0] in module register_file is either unconnected or has no load
WARNING: [Synth 8-7129] Port ir[11] in module control is either unconnected or has no load
WARNING: [Synth 8-7129] Port ir[10] in module control is either unconnected or has no load
WARNING: [Synth 8-7129] Port ir[9] in module control is either unconnected or has no load
WARNING: [Synth 8-7129] Port ir[8] in module control is either unconnected or has no load
WARNING: [Synth 8-7129] Port ir[7] in module control is either unconnected or has no load
WARNING: [Synth 8-7129] Port ir[6] in module control is either unconnected or has no load
WARNING: [Synth 8-7129] Port ir[4] in module control is either unconnected or has no load
WARNING: [Synth 8-7129] Port ir[3] in module control is either unconnected or has no load
WARNING: [Synth 8-7129] Port ir[2] in module control is either unconnected or has no load
WARNING: [Synth 8-7129] Port ir[1] in module control is either unconnected or has no load
WARNING: [Synth 8-7129] Port ir[0] in module control is either unconnected or has no load
---------------------------------------------------------------------------------
Finished RTL Elaboration : Time (s): cpu = 00:00:04 ; elapsed = 00:00:06 . Memory (MB): peak = 1983.598 ; gain = 494.941
---------------------------------------------------------------------------------
---------------------------------------------------------------------------------
Start Handling Custom Attributes
---------------------------------------------------------------------------------
---------------------------------------------------------------------------------
Finished Handling Custom Attributes : Time (s): cpu = 00:00:04 ; elapsed = 00:00:06 . Memory (MB): peak = 1983.598 ; gain = 494.941
---------------------------------------------------------------------------------
---------------------------------------------------------------------------------
Finished RTL Optimization Phase 1 : Time (s): cpu = 00:00:04 ; elapsed = 00:00:06 . Memory (MB): peak = 1983.598 ; gain = 494.941
---------------------------------------------------------------------------------
INFO: [Project 1-454] Reading design checkpoint 'c:/Users/curti/OneDrive/Documents/UIUC/ECE-385/Vivado_Projects/lab_5/lab_5.gen/sources_1/ip/blk_mem_gen_0_2/blk_mem_gen_0.dcp' for cell 'mem_subsystem/sram0'
Netlist sorting complete. Time (s): cpu = 00:00:00 ; elapsed = 00:00:00.012 . Memory (MB): peak = 1991.066 ; gain = 0.000
INFO: [Netlist 29-17] Analyzing 1 Unisim elements for replacement
INFO: [Netlist 29-28] Unisim Transformation completed in 0 CPU seconds
INFO: [Project 1-479] Netlist was created with Vivado 2022.2
INFO: [Project 1-570] Preparing netlist for logic optimization

Processing XDC Constraints
Initializing timing engine
Parsing XDC File [C:/Users/curti/OneDrive/Documents/UIUC/ECE-385/Vivado_Projects/lab_5/lab5_provided_fa24/pin_assignment/top.xdc]
Finished Parsing XDC File [C:/Users/curti/OneDrive/Documents/UIUC/ECE-385/Vivado_Projects/lab_5/lab5_provided_fa24/pin_assignment/top.xdc]
Completed Processing XDC Constraints

Netlist sorting complete. Time (s): cpu = 00:00:00 ; elapsed = 00:00:00 . Memory (MB): peak = 2088.512 ; gain = 0.000
INFO: [Project 1-111] Unisim Transformation Summary:
No Unisim elements were transformed.

RTL Elaboration Complete:  : Time (s): cpu = 00:00:07 ; elapsed = 00:00:10 . Memory (MB): peak = 2137.469 ; gain = 648.812
49 Infos, 26 Warnings, 0 Critical Warnings and 0 Errors encountered.
synth_design completed successfully
synth_design: Time (s): cpu = 00:00:09 ; elapsed = 00:00:20 . Memory (MB): peak = 2137.469 ; gain = 991.488
exit
INFO: [Common 17-206] Exiting Vivado at Sat Oct 19 03:10:15 2024...
