04:22:03 DEBUG : Logs will be stored at 'C:/Users/curti/OneDrive/Documents/UIUC/ECE-385/Vivado_Projects/lab7_1/lab7_1_workspace/IDE.log'.
04:22:06 INFO  : Platform repository initialization has completed.
04:22:06 INFO  : Launching XSCT server: xsct.bat -n  -interactive C:\Users\curti\OneDrive\Documents\UIUC\ECE-385\Vivado_Projects\lab7_1\lab7_1_workspace\temp_xsdb_launch_script.tcl
04:22:06 INFO  : Registering command handlers for Vitis TCF services
04:22:09 INFO  : XSCT server has started successfully.
04:22:12 INFO  : Successfully done setting XSCT server connection channel  
04:22:12 INFO  : plnx-install-location is set to ''
04:22:12 INFO  : Successfully done query RDI_DATADIR 
04:22:12 INFO  : Successfully done setting workspace for the tool. 
04:24:45 ERROR : (XSDB Server)ERROR: [Hsi 55-1562] Source directory C:/Users/curti/OneDrive/Documents/UIUC/ECE-385/Vivado_Projects/lab7_1/lab7_1_workspace/mb_usb_hdmi_top/hw/drivers\hdmi_text_controller_v1_0/src does not exist or is not a directory.

04:24:47 INFO  : Result from executing command 'getProjects': mb_usb_hdmi_top
04:24:47 INFO  : Result from executing command 'getPlatforms': 
04:24:47 WARN  : An unexpected exception occurred in the module 'platform project logging'
04:24:47 INFO  : Platform 'mb_usb_hdmi_top' is added to custom repositories.
04:24:49 INFO  : Platform 'mb_usb_hdmi_top' is added to custom repositories.
04:28:27 INFO  : Result from executing command 'getProjects': mb_usb_hdmi_top
04:28:27 INFO  : Result from executing command 'getPlatforms': mb_usb_hdmi_top|C:/Users/curti/OneDrive/Documents/UIUC/ECE-385/Vivado_Projects/lab7_1/lab7_1_workspace/mb_usb_hdmi_top/export/mb_usb_hdmi_top/mb_usb_hdmi_top.xpfm
04:28:27 INFO  : Checking for BSP changes to sync application flags for project 'mb_lab_7_1'...
04:29:48 INFO  : Checking for BSP changes to sync application flags for project 'mb_lab_7_1'...
04:33:08 INFO  : Checking for BSP changes to sync application flags for project 'mb_lab_7_1'...
04:36:20 INFO  : Connected to target on host '127.0.0.1' and port '3121'.
04:36:21 INFO  : Jtag cable 'RealDigital Boo 887100000005A' is selected.
04:36:21 INFO  : 'jtag frequency' command is executed.
04:36:21 INFO  : 'targets -set -filter {jtag_cable_name =~ "RealDigital Boo 887100000005A" && level==0 && jtag_device_ctx=="jsn1-0362f093-0"}' command is executed.
04:36:22 INFO  : Device configured successfully with "C:/Users/curti/OneDrive/Documents/UIUC/ECE-385/Vivado_Projects/lab7_1/lab7_1_workspace/mb_lab_7_1/_ide/bitstream/mb_usb_hdmi_top.bit"
04:36:22 INFO  : Context for processor 'microblaze_0' is selected.
04:36:22 INFO  : Hardware design and registers information is loaded from 'C:/Users/curti/OneDrive/Documents/UIUC/ECE-385/Vivado_Projects/lab7_1/lab7_1_workspace/mb_usb_hdmi_top/export/mb_usb_hdmi_top/hw/mb_usb_hdmi_top.xsa'.
04:36:22 INFO  : 'configparams mdm-detect-bscan-mask 2' command is executed.
04:36:22 INFO  : Context for processor 'microblaze_0' is selected.
04:36:22 INFO  : System reset is completed.
04:36:25 INFO  : 'after 3000' command is executed.
04:36:25 INFO  : Context for processor 'microblaze_0' is selected.
04:36:26 INFO  : The application 'C:/Users/curti/OneDrive/Documents/UIUC/ECE-385/Vivado_Projects/lab7_1/lab7_1_workspace/mb_lab_7_1/Debug/mb_lab_7_1.elf' is downloaded to processor 'microblaze_0'.
04:36:26 INFO  : ----------------XSDB Script----------------
connect -url tcp:127.0.0.1:3121
targets -set -filter {jtag_cable_name =~ "RealDigital Boo 887100000005A" && level==0 && jtag_device_ctx=="jsn1-0362f093-0"}
fpga -file C:/Users/curti/OneDrive/Documents/UIUC/ECE-385/Vivado_Projects/lab7_1/lab7_1_workspace/mb_lab_7_1/_ide/bitstream/mb_usb_hdmi_top.bit
targets -set -nocase -filter {name =~ "*microblaze*#0" && bscan=="USER2" }
loadhw -hw C:/Users/curti/OneDrive/Documents/UIUC/ECE-385/Vivado_Projects/lab7_1/lab7_1_workspace/mb_usb_hdmi_top/export/mb_usb_hdmi_top/hw/mb_usb_hdmi_top.xsa -regs
configparams mdm-detect-bscan-mask 2
targets -set -nocase -filter {name =~ "*microblaze*#0" && bscan=="USER2" }
rst -system
after 3000
targets -set -nocase -filter {name =~ "*microblaze*#0" && bscan=="USER2" }
dow C:/Users/curti/OneDrive/Documents/UIUC/ECE-385/Vivado_Projects/lab7_1/lab7_1_workspace/mb_lab_7_1/Debug/mb_lab_7_1.elf
----------------End of Script----------------

04:36:26 INFO  : Context for processor 'microblaze_0' is selected.
04:36:26 INFO  : 'con' command is executed.
04:36:26 INFO  : ----------------XSDB Script (After Launch)----------------
targets -set -nocase -filter {name =~ "*microblaze*#0" && bscan=="USER2" }
con
----------------End of Script----------------

04:36:26 INFO  : Disconnected from the channel tcfchan#2.
04:36:56 INFO  : Connected to target on host '127.0.0.1' and port '3121'.
04:36:57 INFO  : Jtag cable 'RealDigital Boo 887100000005A' is selected.
04:36:57 INFO  : 'jtag frequency' command is executed.
04:36:57 INFO  : 'targets -set -filter {jtag_cable_name =~ "RealDigital Boo 887100000005A" && level==0 && jtag_device_ctx=="jsn1-0362f093-0"}' command is executed.
04:36:58 INFO  : Device configured successfully with "C:/Users/curti/OneDrive/Documents/UIUC/ECE-385/Vivado_Projects/lab7_1/lab7_1_workspace/mb_lab_7_1/_ide/bitstream/mb_usb_hdmi_top.bit"
04:36:58 INFO  : Context for processor 'microblaze_0' is selected.
04:36:58 INFO  : Hardware design and registers information is loaded from 'C:/Users/curti/OneDrive/Documents/UIUC/ECE-385/Vivado_Projects/lab7_1/lab7_1_workspace/mb_usb_hdmi_top/export/mb_usb_hdmi_top/hw/mb_usb_hdmi_top.xsa'.
04:36:58 INFO  : 'configparams mdm-detect-bscan-mask 2' command is executed.
04:36:58 INFO  : Context for processor 'microblaze_0' is selected.
04:36:58 INFO  : System reset is completed.
04:37:01 INFO  : 'after 3000' command is executed.
04:37:01 INFO  : Context for processor 'microblaze_0' is selected.
04:37:02 INFO  : The application 'C:/Users/curti/OneDrive/Documents/UIUC/ECE-385/Vivado_Projects/lab7_1/lab7_1_workspace/mb_lab_7_1/Debug/mb_lab_7_1.elf' is downloaded to processor 'microblaze_0'.
04:37:02 INFO  : ----------------XSDB Script----------------
connect -url tcp:127.0.0.1:3121
targets -set -filter {jtag_cable_name =~ "RealDigital Boo 887100000005A" && level==0 && jtag_device_ctx=="jsn1-0362f093-0"}
fpga -file C:/Users/curti/OneDrive/Documents/UIUC/ECE-385/Vivado_Projects/lab7_1/lab7_1_workspace/mb_lab_7_1/_ide/bitstream/mb_usb_hdmi_top.bit
targets -set -nocase -filter {name =~ "*microblaze*#0" && bscan=="USER2" }
loadhw -hw C:/Users/curti/OneDrive/Documents/UIUC/ECE-385/Vivado_Projects/lab7_1/lab7_1_workspace/mb_usb_hdmi_top/export/mb_usb_hdmi_top/hw/mb_usb_hdmi_top.xsa -regs
configparams mdm-detect-bscan-mask 2
targets -set -nocase -filter {name =~ "*microblaze*#0" && bscan=="USER2" }
rst -system
after 3000
targets -set -nocase -filter {name =~ "*microblaze*#0" && bscan=="USER2" }
dow C:/Users/curti/OneDrive/Documents/UIUC/ECE-385/Vivado_Projects/lab7_1/lab7_1_workspace/mb_lab_7_1/Debug/mb_lab_7_1.elf
----------------End of Script----------------

04:37:02 INFO  : Context for processor 'microblaze_0' is selected.
04:37:02 INFO  : 'con' command is executed.
04:37:02 INFO  : ----------------XSDB Script (After Launch)----------------
targets -set -nocase -filter {name =~ "*microblaze*#0" && bscan=="USER2" }
con
----------------End of Script----------------

04:37:02 INFO  : Disconnected from the channel tcfchan#3.
04:39:25 INFO  : Checking for BSP changes to sync application flags for project 'mb_lab_7_1'...
04:39:30 INFO  : Connected to target on host '127.0.0.1' and port '3121'.
04:39:30 INFO  : Jtag cable 'RealDigital Boo 887100000005A' is selected.
04:39:30 INFO  : 'jtag frequency' command is executed.
04:39:30 INFO  : 'targets -set -filter {jtag_cable_name =~ "RealDigital Boo 887100000005A" && level==0 && jtag_device_ctx=="jsn1-0362f093-0"}' command is executed.
04:39:31 INFO  : Device configured successfully with "C:/Users/curti/OneDrive/Documents/UIUC/ECE-385/Vivado_Projects/lab7_1/lab7_1_workspace/mb_lab_7_1/_ide/bitstream/mb_usb_hdmi_top.bit"
04:39:32 INFO  : Context for processor 'microblaze_0' is selected.
04:39:32 INFO  : Hardware design and registers information is loaded from 'C:/Users/curti/OneDrive/Documents/UIUC/ECE-385/Vivado_Projects/lab7_1/lab7_1_workspace/mb_usb_hdmi_top/export/mb_usb_hdmi_top/hw/mb_usb_hdmi_top.xsa'.
04:39:32 INFO  : 'configparams mdm-detect-bscan-mask 2' command is executed.
04:39:32 INFO  : Context for processor 'microblaze_0' is selected.
04:39:32 INFO  : System reset is completed.
04:39:35 INFO  : 'after 3000' command is executed.
04:39:35 INFO  : Context for processor 'microblaze_0' is selected.
04:39:35 INFO  : The application 'C:/Users/curti/OneDrive/Documents/UIUC/ECE-385/Vivado_Projects/lab7_1/lab7_1_workspace/mb_lab_7_1/Debug/mb_lab_7_1.elf' is downloaded to processor 'microblaze_0'.
04:39:35 INFO  : ----------------XSDB Script----------------
connect -url tcp:127.0.0.1:3121
targets -set -filter {jtag_cable_name =~ "RealDigital Boo 887100000005A" && level==0 && jtag_device_ctx=="jsn1-0362f093-0"}
fpga -file C:/Users/curti/OneDrive/Documents/UIUC/ECE-385/Vivado_Projects/lab7_1/lab7_1_workspace/mb_lab_7_1/_ide/bitstream/mb_usb_hdmi_top.bit
targets -set -nocase -filter {name =~ "*microblaze*#0" && bscan=="USER2" }
loadhw -hw C:/Users/curti/OneDrive/Documents/UIUC/ECE-385/Vivado_Projects/lab7_1/lab7_1_workspace/mb_usb_hdmi_top/export/mb_usb_hdmi_top/hw/mb_usb_hdmi_top.xsa -regs
configparams mdm-detect-bscan-mask 2
targets -set -nocase -filter {name =~ "*microblaze*#0" && bscan=="USER2" }
rst -system
after 3000
targets -set -nocase -filter {name =~ "*microblaze*#0" && bscan=="USER2" }
dow C:/Users/curti/OneDrive/Documents/UIUC/ECE-385/Vivado_Projects/lab7_1/lab7_1_workspace/mb_lab_7_1/Debug/mb_lab_7_1.elf
----------------End of Script----------------

04:39:35 INFO  : Context for processor 'microblaze_0' is selected.
04:39:35 INFO  : 'con' command is executed.
04:39:35 INFO  : ----------------XSDB Script (After Launch)----------------
targets -set -nocase -filter {name =~ "*microblaze*#0" && bscan=="USER2" }
con
----------------End of Script----------------

04:39:35 INFO  : Disconnected from the channel tcfchan#4.
04:40:24 INFO  : Connected to target on host '127.0.0.1' and port '3121'.
04:40:25 INFO  : Jtag cable 'RealDigital Boo 887100000005A' is selected.
04:40:25 INFO  : 'jtag frequency' command is executed.
04:40:25 INFO  : 'targets -set -filter {jtag_cable_name =~ "RealDigital Boo 887100000005A" && level==0 && jtag_device_ctx=="jsn1-0362f093-0"}' command is executed.
04:40:26 INFO  : Device configured successfully with "C:/Users/curti/OneDrive/Documents/UIUC/ECE-385/Vivado_Projects/lab7_1/lab7_1_workspace/mb_lab_7_1/_ide/bitstream/mb_usb_hdmi_top.bit"
04:40:26 INFO  : Context for processor 'microblaze_0' is selected.
04:40:26 INFO  : Hardware design and registers information is loaded from 'C:/Users/curti/OneDrive/Documents/UIUC/ECE-385/Vivado_Projects/lab7_1/lab7_1_workspace/mb_usb_hdmi_top/export/mb_usb_hdmi_top/hw/mb_usb_hdmi_top.xsa'.
04:40:26 INFO  : 'configparams mdm-detect-bscan-mask 2' command is executed.
04:40:26 INFO  : Context for processor 'microblaze_0' is selected.
04:40:26 INFO  : System reset is completed.
04:40:29 INFO  : 'after 3000' command is executed.
04:40:29 INFO  : Context for processor 'microblaze_0' is selected.
04:40:30 INFO  : The application 'C:/Users/curti/OneDrive/Documents/UIUC/ECE-385/Vivado_Projects/lab7_1/lab7_1_workspace/mb_lab_7_1/Debug/mb_lab_7_1.elf' is downloaded to processor 'microblaze_0'.
04:40:30 INFO  : ----------------XSDB Script----------------
connect -url tcp:127.0.0.1:3121
targets -set -filter {jtag_cable_name =~ "RealDigital Boo 887100000005A" && level==0 && jtag_device_ctx=="jsn1-0362f093-0"}
fpga -file C:/Users/curti/OneDrive/Documents/UIUC/ECE-385/Vivado_Projects/lab7_1/lab7_1_workspace/mb_lab_7_1/_ide/bitstream/mb_usb_hdmi_top.bit
targets -set -nocase -filter {name =~ "*microblaze*#0" && bscan=="USER2" }
loadhw -hw C:/Users/curti/OneDrive/Documents/UIUC/ECE-385/Vivado_Projects/lab7_1/lab7_1_workspace/mb_usb_hdmi_top/export/mb_usb_hdmi_top/hw/mb_usb_hdmi_top.xsa -regs
configparams mdm-detect-bscan-mask 2
targets -set -nocase -filter {name =~ "*microblaze*#0" && bscan=="USER2" }
rst -system
after 3000
targets -set -nocase -filter {name =~ "*microblaze*#0" && bscan=="USER2" }
dow C:/Users/curti/OneDrive/Documents/UIUC/ECE-385/Vivado_Projects/lab7_1/lab7_1_workspace/mb_lab_7_1/Debug/mb_lab_7_1.elf
----------------End of Script----------------

04:40:30 INFO  : Context for processor 'microblaze_0' is selected.
04:40:30 INFO  : 'con' command is executed.
04:40:30 INFO  : ----------------XSDB Script (After Launch)----------------
targets -set -nocase -filter {name =~ "*microblaze*#0" && bscan=="USER2" }
con
----------------End of Script----------------

04:40:30 INFO  : Disconnected from the channel tcfchan#5.
04:53:00 INFO  : Checking for BSP changes to sync application flags for project 'mb_lab_7_1'...
04:53:04 INFO  : Connected to target on host '127.0.0.1' and port '3121'.
04:53:05 INFO  : Jtag cable 'RealDigital Boo 887100000005A' is selected.
04:53:05 INFO  : 'jtag frequency' command is executed.
04:53:05 INFO  : 'targets -set -filter {jtag_cable_name =~ "RealDigital Boo 887100000005A" && level==0 && jtag_device_ctx=="jsn1-0362f093-0"}' command is executed.
04:53:06 INFO  : Device configured successfully with "C:/Users/curti/OneDrive/Documents/UIUC/ECE-385/Vivado_Projects/lab7_1/lab7_1_workspace/mb_lab_7_1/_ide/bitstream/mb_usb_hdmi_top.bit"
04:53:07 INFO  : Context for processor 'microblaze_0' is selected.
04:53:07 INFO  : Hardware design and registers information is loaded from 'C:/Users/curti/OneDrive/Documents/UIUC/ECE-385/Vivado_Projects/lab7_1/lab7_1_workspace/mb_usb_hdmi_top/export/mb_usb_hdmi_top/hw/mb_usb_hdmi_top.xsa'.
04:53:07 INFO  : 'configparams mdm-detect-bscan-mask 2' command is executed.
04:53:07 INFO  : Context for processor 'microblaze_0' is selected.
04:53:07 INFO  : System reset is completed.
04:53:10 INFO  : 'after 3000' command is executed.
04:53:10 INFO  : Context for processor 'microblaze_0' is selected.
04:53:10 INFO  : The application 'C:/Users/curti/OneDrive/Documents/UIUC/ECE-385/Vivado_Projects/lab7_1/lab7_1_workspace/mb_lab_7_1/Debug/mb_lab_7_1.elf' is downloaded to processor 'microblaze_0'.
04:53:10 INFO  : ----------------XSDB Script----------------
connect -url tcp:127.0.0.1:3121
targets -set -filter {jtag_cable_name =~ "RealDigital Boo 887100000005A" && level==0 && jtag_device_ctx=="jsn1-0362f093-0"}
fpga -file C:/Users/curti/OneDrive/Documents/UIUC/ECE-385/Vivado_Projects/lab7_1/lab7_1_workspace/mb_lab_7_1/_ide/bitstream/mb_usb_hdmi_top.bit
targets -set -nocase -filter {name =~ "*microblaze*#0" && bscan=="USER2" }
loadhw -hw C:/Users/curti/OneDrive/Documents/UIUC/ECE-385/Vivado_Projects/lab7_1/lab7_1_workspace/mb_usb_hdmi_top/export/mb_usb_hdmi_top/hw/mb_usb_hdmi_top.xsa -regs
configparams mdm-detect-bscan-mask 2
targets -set -nocase -filter {name =~ "*microblaze*#0" && bscan=="USER2" }
rst -system
after 3000
targets -set -nocase -filter {name =~ "*microblaze*#0" && bscan=="USER2" }
dow C:/Users/curti/OneDrive/Documents/UIUC/ECE-385/Vivado_Projects/lab7_1/lab7_1_workspace/mb_lab_7_1/Debug/mb_lab_7_1.elf
----------------End of Script----------------

04:53:10 INFO  : Context for processor 'microblaze_0' is selected.
04:53:10 INFO  : 'con' command is executed.
04:53:10 INFO  : ----------------XSDB Script (After Launch)----------------
targets -set -nocase -filter {name =~ "*microblaze*#0" && bscan=="USER2" }
con
----------------End of Script----------------

04:53:10 INFO  : Disconnected from the channel tcfchan#6.
05:26:54 INFO  : Hardware specification for platform project 'mb_usb_hdmi_top' is updated.
05:27:05 INFO  : Result from executing command 'removePlatformRepo': 
05:27:10 ERROR : Error from executing command 'removePlatformRepo': ERROR: No valid directory exists at given path.
05:27:28 INFO  : Result from executing command 'getProjects': mb_usb_hdmi_top
05:27:28 INFO  : Result from executing command 'getPlatforms': 
05:27:29 INFO  : Checking for BSP changes to sync application flags for project 'mb_lab_7_1'...
05:27:31 INFO  : The hardware specification used by project 'mb_lab_7_1' is out of sync with the platform. Resource files extracted from the hardware specification will be updated.
05:27:31 INFO  : The file 'C:\Users\curti\OneDrive\Documents\UIUC\ECE-385\Vivado_Projects\lab7_1\lab7_1_workspace\mb_lab_7_1\_ide\bitstream\mb_usb_hdmi_top.bit' stored in project is removed.
05:27:31 INFO  : The file 'C:\Users\curti\OneDrive\Documents\UIUC\ECE-385\Vivado_Projects\lab7_1\lab7_1_workspace\mb_lab_7_1\_ide\bitstream\mb_usb_hdmi_top.mmi' stored in project is removed.
05:27:31 INFO  : The updated bitstream files are copied from platform to folder 'C:\Users\curti\OneDrive\Documents\UIUC\ECE-385\Vivado_Projects\lab7_1\lab7_1_workspace\mb_lab_7_1\_ide\bitstream' in project 'mb_lab_7_1'.
05:27:49 INFO  : Checking for BSP changes to sync application flags for project 'mb_lab_7_1'...
05:27:54 INFO  : Connected to target on host '127.0.0.1' and port '3121'.
05:27:54 INFO  : Jtag cable 'RealDigital Boo 887100000005A' is selected.
05:27:54 INFO  : 'jtag frequency' command is executed.
05:27:54 INFO  : 'targets -set -filter {jtag_cable_name =~ "RealDigital Boo 887100000005A" && level==0 && jtag_device_ctx=="jsn1-0362f093-0"}' command is executed.
05:27:55 INFO  : Device configured successfully with "C:/Users/curti/OneDrive/Documents/UIUC/ECE-385/Vivado_Projects/lab7_1/lab7_1_workspace/mb_lab_7_1/_ide/bitstream/mb_usb_hdmi_top.bit"
05:27:55 INFO  : Context for processor 'microblaze_0' is selected.
05:27:56 INFO  : Hardware design and registers information is loaded from 'C:/Users/curti/OneDrive/Documents/UIUC/ECE-385/Vivado_Projects/lab7_1/lab7_1_workspace/mb_usb_hdmi_top/export/mb_usb_hdmi_top/hw/mb_usb_hdmi_top.xsa'.
05:27:56 INFO  : 'configparams mdm-detect-bscan-mask 2' command is executed.
05:27:56 INFO  : Context for processor 'microblaze_0' is selected.
05:27:56 INFO  : System reset is completed.
