#-----------------------------------------------------------
# Vivado v2022.2 (64-bit)
# SW Build 3671981 on Fri Oct 14 05:00:03 MDT 2022
# IP Build 3669848 on Fri Oct 14 08:30:02 MDT 2022
# Start of session at: Thu Oct 24 00:56:05 2024
# Process ID: 29972
# Current directory: C:/Users/curti/OneDrive/Documents/UIUC/ECE-385/Vivado_Projects/lab_6_2
# Command line: vivado.exe -gui_launcher_event rodinguilauncherevent7192 C:\Users\curti\OneDrive\Documents\UIUC\ECE-385\Vivado_Projects\lab_6_2\lab_6.xpr
# Log file: C:/Users/curti/OneDrive/Documents/UIUC/ECE-385/Vivado_Projects/lab_6_2/vivado.log
# Journal file: C:/Users/curti/OneDrive/Documents/UIUC/ECE-385/Vivado_Projects/lab_6_2\vivado.jou
# Running On: Curtis-Laptop, OS: Windows, CPU Frequency: 2688 MHz, CPU Physical cores: 14, Host memory: 34014 MB
#-----------------------------------------------------------
start_gui
open_project C:/Users/curti/OneDrive/Documents/UIUC/ECE-385/Vivado_Projects/lab_6_2/lab_6.xpr
WARNING: [Board 49-26] cannot add Board Part xilinx.com:ac701:part0:1.4 available at C:/Xilinx/Vivado/2022.2/data/xhub/boards/XilinxBoardStore/boards/Xilinx/ac701/1.4/board.xml as part xc7a200tfbg676-2 specified in board_part file is either invalid or not available
WARNING: [Board 49-26] cannot add Board Part xilinx.com:k26c:part0:1.2 available at C:/Xilinx/Vivado/2022.2/data/xhub/boards/XilinxBoardStore/boards/Xilinx/k26c/1.2/board.xml as part xck26-sfvc784-2lv-c specified in board_part file is either invalid or not available
WARNING: [Board 49-26] cannot add Board Part xilinx.com:k26c:part0:1.3 available at C:/Xilinx/Vivado/2022.2/data/xhub/boards/XilinxBoardStore/boards/Xilinx/k26c/1.3/board.xml as part xck26-sfvc784-2lv-c specified in board_part file is either invalid or not available
WARNING: [Board 49-26] cannot add Board Part xilinx.com:k26c:part0:1.4 available at C:/Xilinx/Vivado/2022.2/data/xhub/boards/XilinxBoardStore/boards/Xilinx/k26c/1.4/board.xml as part xck26-sfvc784-2lv-c specified in board_part file is either invalid or not available
WARNING: [Board 49-26] cannot add Board Part xilinx.com:k26i:part0:1.2 available at C:/Xilinx/Vivado/2022.2/data/xhub/boards/XilinxBoardStore/boards/Xilinx/k26i/1.2/board.xml as part xck26-sfvc784-2lvi-i specified in board_part file is either invalid or not available
WARNING: [Board 49-26] cannot add Board Part xilinx.com:k26i:part0:1.3 available at C:/Xilinx/Vivado/2022.2/data/xhub/boards/XilinxBoardStore/boards/Xilinx/k26i/1.3/board.xml as part xck26-sfvc784-2lvi-i specified in board_part file is either invalid or not available
WARNING: [Board 49-26] cannot add Board Part xilinx.com:k26i:part0:1.4 available at C:/Xilinx/Vivado/2022.2/data/xhub/boards/XilinxBoardStore/boards/Xilinx/k26i/1.4/board.xml as part xck26-sfvc784-2lvi-i specified in board_part file is either invalid or not available
WARNING: [Board 49-26] cannot add Board Part xilinx.com:kc705:part0:1.6 available at C:/Xilinx/Vivado/2022.2/data/xhub/boards/XilinxBoardStore/boards/Xilinx/kc705/1.6/board.xml as part xc7k325tffg900-2 specified in board_part file is either invalid or not available
WARNING: [Board 49-26] cannot add Board Part xilinx.com:kcu105:part0:1.6 available at C:/Xilinx/Vivado/2022.2/data/xhub/boards/XilinxBoardStore/boards/Xilinx/kcu105/1.6/board.xml as part xcku040-ffva1156-2-e specified in board_part file is either invalid or not available
WARNING: [Board 49-26] cannot add Board Part xilinx.com:kcu105:part0:1.7 available at C:/Xilinx/Vivado/2022.2/data/xhub/boards/XilinxBoardStore/boards/Xilinx/kcu105/1.7/board.xml as part xcku040-ffva1156-2-e specified in board_part file is either invalid or not available
WARNING: [Board 49-26] cannot add Board Part xilinx.com:kcu116:part0:1.4 available at C:/Xilinx/Vivado/2022.2/data/xhub/boards/XilinxBoardStore/boards/Xilinx/kcu116/1.4/board.xml as part xcku5p-ffvb676-2-e specified in board_part file is either invalid or not available
WARNING: [Board 49-26] cannot add Board Part xilinx.com:kcu116:part0:1.5 available at C:/Xilinx/Vivado/2022.2/data/xhub/boards/XilinxBoardStore/boards/Xilinx/kcu116/1.5/board.xml as part xcku5p-ffvb676-2-e specified in board_part file is either invalid or not available
WARNING: [Board 49-26] cannot add Board Part xilinx.com:kcu1500:part0:1.2 available at C:/Xilinx/Vivado/2022.2/data/xhub/boards/XilinxBoardStore/boards/Xilinx/kcu1500/1.2/board.xml as part xcku115-flvb2104-2-e specified in board_part file is either invalid or not available
WARNING: [Board 49-26] cannot add Board Part xilinx.com:kr260_som:part0:1.0 available at C:/Xilinx/Vivado/2022.2/data/xhub/boards/XilinxBoardStore/boards/Xilinx/kr260_som/1.0/board.xml as part xck26-sfvc784-2lv-c specified in board_part file is either invalid or not available
WARNING: [Board 49-26] cannot add Board Part xilinx.com:kr260_som:part0:1.1 available at C:/Xilinx/Vivado/2022.2/data/xhub/boards/XilinxBoardStore/boards/Xilinx/kr260_som/1.1/board.xml as part xck26-sfvc784-2lv-c specified in board_part file is either invalid or not available
WARNING: [Board 49-26] cannot add Board Part xilinx.com:kv260_som:part0:1.2 available at C:/Xilinx/Vivado/2022.2/data/xhub/boards/XilinxBoardStore/boards/Xilinx/kv260_som/1.2/board.xml as part xck26-sfvc784-2lv-c specified in board_part file is either invalid or not available
WARNING: [Board 49-26] cannot add Board Part xilinx.com:kv260_som:part0:1.3 available at C:/Xilinx/Vivado/2022.2/data/xhub/boards/XilinxBoardStore/boards/Xilinx/kv260_som/1.3/board.xml as part xck26-sfvc784-2lv-c specified in board_part file is either invalid or not available
WARNING: [Board 49-26] cannot add Board Part xilinx.com:kv260_som:part0:1.4 available at C:/Xilinx/Vivado/2022.2/data/xhub/boards/XilinxBoardStore/boards/Xilinx/kv260_som/1.4/board.xml as part xck26-sfvc784-2lv-c specified in board_part file is either invalid or not available
WARNING: [Board 49-26] cannot add Board Part xilinx.com:vc707:part0:1.4 available at C:/Xilinx/Vivado/2022.2/data/xhub/boards/XilinxBoardStore/boards/Xilinx/vc707/1.4/board.xml as part xc7vx485tffg1761-2 specified in board_part file is either invalid or not available
WARNING: [Board 49-26] cannot add Board Part xilinx.com:vc709:part0:1.8 available at C:/Xilinx/Vivado/2022.2/data/xhub/boards/XilinxBoardStore/boards/Xilinx/vc709/1.8/board.xml as part xc7vx690tffg1761-2 specified in board_part file is either invalid or not available
WARNING: [Board 49-26] cannot add Board Part xilinx.com:vck190:part0:2.2 available at C:/Xilinx/Vivado/2022.2/data/xhub/boards/XilinxBoardStore/boards/Xilinx/vck190/production/2.2/board.xml as part xcvc1902-vsva2197-2mp-e-s specified in board_part file is either invalid or not available
WARNING: [Board 49-26] cannot add Board Part xilinx.com:vck190:part0:3.0 available at C:/Xilinx/Vivado/2022.2/data/xhub/boards/XilinxBoardStore/boards/Xilinx/vck190/production/3.0/board.xml as part xcvc1902-vsva2197-2mp-e-s specified in board_part file is either invalid or not available
WARNING: [Board 49-26] cannot add Board Part xilinx.com:vck190:part0:3.1 available at C:/Xilinx/Vivado/2022.2/data/xhub/boards/XilinxBoardStore/boards/Xilinx/vck190/production/3.1/board.xml as part xcvc1902-vsva2197-2mp-e-s specified in board_part file is either invalid or not available
WARNING: [Board 49-26] cannot add Board Part xilinx.com:vck190_newl:part0:1.0 available at C:/Xilinx/Vivado/2022.2/data/xhub/boards/XilinxBoardStore/boards/Xilinx/vck190_newl/production/1.0/board.xml as part xcvc1902-vsva2197-2mp-e-s specified in board_part file is either invalid or not available
WARNING: [Board 49-26] cannot add Board Part xilinx.com:vcu108:part0:1.6 available at C:/Xilinx/Vivado/2022.2/data/xhub/boards/XilinxBoardStore/boards/Xilinx/vcu108/1.6/board.xml as part xcvu095-ffva2104-2-e specified in board_part file is either invalid or not available
WARNING: [Board 49-26] cannot add Board Part xilinx.com:vcu108:part0:1.7 available at C:/Xilinx/Vivado/2022.2/data/xhub/boards/XilinxBoardStore/boards/Xilinx/vcu108/1.7/board.xml as part xcvu095-ffva2104-2-e specified in board_part file is either invalid or not available
WARNING: [Board 49-26] cannot add Board Part xilinx.com:vcu110:part0:1.4 available at C:/Xilinx/Vivado/2022.2/data/xhub/boards/XilinxBoardStore/boards/Xilinx/vcu110/1.4/board.xml as part xcvu190-flgc2104-2-e specified in board_part file is either invalid or not available
WARNING: [Board 49-26] cannot add Board Part xilinx.com:vcu118:part0:2.0 available at C:/Xilinx/Vivado/2022.2/data/xhub/boards/XilinxBoardStore/boards/Xilinx/vcu118/2.0/board.xml as part xcvu9p-flga2104-2l-e specified in board_part file is either invalid or not available
WARNING: [Board 49-26] cannot add Board Part xilinx.com:vcu118:part0:2.3 available at C:/Xilinx/Vivado/2022.2/data/xhub/boards/XilinxBoardStore/boards/Xilinx/vcu118/2.3/board.xml as part xcvu9p-flga2104-2l-e specified in board_part file is either invalid or not available
WARNING: [Board 49-26] cannot add Board Part xilinx.com:vcu118:part0:2.4 available at C:/Xilinx/Vivado/2022.2/data/xhub/boards/XilinxBoardStore/boards/Xilinx/vcu118/2.4/board.xml as part xcvu9p-flga2104-2l-e specified in board_part file is either invalid or not available
WARNING: [Board 49-26] cannot add Board Part xilinx.com:vcu128:part0:1.0 available at C:/Xilinx/Vivado/2022.2/data/xhub/boards/XilinxBoardStore/boards/Xilinx/vcu128/production/1.0/board.xml as part xcvu37p-fsvh2892-2l-e specified in board_part file is either invalid or not available
WARNING: [Board 49-26] cannot add Board Part xilinx.com:vcu129:part0:1.0 available at C:/Xilinx/Vivado/2022.2/data/xhub/boards/XilinxBoardStore/boards/Xilinx/vcu129/production/1.0/board.xml as part xcvu29p-fsga2577-2l-e specified in board_part file is either invalid or not available
WARNING: [Board 49-26] cannot add Board Part xilinx.com:vcu1525:part0:1.3 available at C:/Xilinx/Vivado/2022.2/data/xhub/boards/XilinxBoardStore/boards/Xilinx/vcu1525/1.3/board.xml as part xcvu9p-fsgd2104-2l-e specified in board_part file is either invalid or not available
WARNING: [Board 49-26] cannot add Board Part xilinx.com:vek280_es:part0:1.0 available at C:/Xilinx/Vivado/2022.2/data/xhub/boards/XilinxBoardStore/boards/Xilinx/vek280/es/1.0/board.xml as part xcve2802-vsvh1760-2lp-e-s-es1 specified in board_part file is either invalid or not available
WARNING: [Board 49-26] cannot add Board Part xilinx.com:vermeo_t1_mpsoc:part0:1.0 available at C:/Xilinx/Vivado/2022.2/data/xhub/boards/XilinxBoardStore/boards/Xilinx/vermeo_t1_mpsoc/1.0/board.xml as part xczu19eg-ffvd1760-2l-e specified in board_part file is either invalid or not available
WARNING: [Board 49-26] cannot add Board Part xilinx.com:vermeo_t1_rfsoc:part0:1.0 available at C:/Xilinx/Vivado/2022.2/data/xhub/boards/XilinxBoardStore/boards/Xilinx/vermeo_t1_rfsoc/1.0/board.xml as part xczu21dr-ffvd1156-2l-e specified in board_part file is either invalid or not available
WARNING: [Board 49-26] cannot add Board Part xilinx.com:vhk158_es:part0:1.0 available at C:/Xilinx/Vivado/2022.2/data/xhub/boards/XilinxBoardStore/boards/Xilinx/vhk158/es/1.0/board.xml as part xcvh1582-vsva3697-2mp-e-s-es1 specified in board_part file is either invalid or not available
WARNING: [Board 49-26] cannot add Board Part xilinx.com:vmk180:part0:2.2 available at C:/Xilinx/Vivado/2022.2/data/xhub/boards/XilinxBoardStore/boards/Xilinx/vmk180/production/2.2/board.xml as part xcvm1802-vsva2197-2mp-e-s specified in board_part file is either invalid or not available
WARNING: [Board 49-26] cannot add Board Part xilinx.com:vmk180:part0:3.0 available at C:/Xilinx/Vivado/2022.2/data/xhub/boards/XilinxBoardStore/boards/Xilinx/vmk180/production/3.0/board.xml as part xcvm1802-vsva2197-2mp-e-s specified in board_part file is either invalid or not available
WARNING: [Board 49-26] cannot add Board Part xilinx.com:vmk180:part0:3.1 available at C:/Xilinx/Vivado/2022.2/data/xhub/boards/XilinxBoardStore/boards/Xilinx/vmk180/production/3.1/board.xml as part xcvm1802-vsva2197-2mp-e-s specified in board_part file is either invalid or not available
WARNING: [Board 49-26] cannot add Board Part xilinx.com:vmk180_newl:part0:1.0 available at C:/Xilinx/Vivado/2022.2/data/xhub/boards/XilinxBoardStore/boards/Xilinx/vmk180_newl/production/1.0/board.xml as part xcvm1802-vsva2197-2mp-e-s specified in board_part file is either invalid or not available
WARNING: [Board 49-26] cannot add Board Part xilinx.com:vpk120:part0:1.0 available at C:/Xilinx/Vivado/2022.2/data/xhub/boards/XilinxBoardStore/boards/Xilinx/vpk120/production/1.0/board.xml as part xcvp1202-vsva2785-2mp-e-s specified in board_part file is either invalid or not available
WARNING: [Board 49-26] cannot add Board Part xilinx.com:vpk120_es:part0:1.2 available at C:/Xilinx/Vivado/2022.2/data/xhub/boards/XilinxBoardStore/boards/Xilinx/vpk120/es/1.2/board.xml as part xcvp1202-vsva2785-2mp-e-s-es1 specified in board_part file is either invalid or not available
WARNING: [Board 49-26] cannot add Board Part xilinx.com:vpk120_es_revb:part0:1.0 available at C:/Xilinx/Vivado/2022.2/data/xhub/boards/XilinxBoardStore/boards/Xilinx/vpk120_revb/es/1.0/board.xml as part xcvp1202-vsva2785-2mp-e-s-es1 specified in board_part file is either invalid or not available
WARNING: [Board 49-26] cannot add Board Part xilinx.com:vpk180_es:part0:1.0 available at C:/Xilinx/Vivado/2022.2/data/xhub/boards/XilinxBoardStore/boards/Xilinx/vpk180/es/1.0/board.xml as part xcvp1802-lsvc4072-2mp-e-s-es1 specified in board_part file is either invalid or not available
WARNING: [Board 49-26] cannot add Board Part xilinx.com:zc702:part0:1.4 available at C:/Xilinx/Vivado/2022.2/data/xhub/boards/XilinxBoardStore/boards/Xilinx/zc702/1.4/board.xml as part xc7z020clg484-1 specified in board_part file is either invalid or not available
WARNING: [Board 49-26] cannot add Board Part xilinx.com:zc706:part0:1.4 available at C:/Xilinx/Vivado/2022.2/data/xhub/boards/XilinxBoardStore/boards/Xilinx/zc706/1.4/board.xml as part xc7z045ffg900-2 specified in board_part file is either invalid or not available
WARNING: [Board 49-26] cannot add Board Part xilinx.com:zcu102:part0:3.3 available at C:/Xilinx/Vivado/2022.2/data/xhub/boards/XilinxBoardStore/boards/Xilinx/zcu102/3.3/board.xml as part xczu9eg-ffvb1156-2-e specified in board_part file is either invalid or not available
WARNING: [Board 49-26] cannot add Board Part xilinx.com:zcu102:part0:3.4 available at C:/Xilinx/Vivado/2022.2/data/xhub/boards/XilinxBoardStore/boards/Xilinx/zcu102/3.4/board.xml as part xczu9eg-ffvb1156-2-e specified in board_part file is either invalid or not available
WARNING: [Board 49-26] cannot add Board Part xilinx.com:zcu104:part0:1.1 available at C:/Xilinx/Vivado/2022.2/data/xhub/boards/XilinxBoardStore/boards/Xilinx/zcu104/1.1/board.xml as part xczu7ev-ffvc1156-2-e specified in board_part file is either invalid or not available
WARNING: [Board 49-26] cannot add Board Part xilinx.com:zcu106:part0:2.4 available at C:/Xilinx/Vivado/2022.2/data/xhub/boards/XilinxBoardStore/boards/Xilinx/zcu106/2.4/board.xml as part xczu7ev-ffvc1156-2-e specified in board_part file is either invalid or not available
WARNING: [Board 49-26] cannot add Board Part xilinx.com:zcu106:part0:2.5 available at C:/Xilinx/Vivado/2022.2/data/xhub/boards/XilinxBoardStore/boards/Xilinx/zcu106/2.5/board.xml as part xczu7ev-ffvc1156-2-e specified in board_part file is either invalid or not available
WARNING: [Board 49-26] cannot add Board Part xilinx.com:zcu106:part0:2.6 available at C:/Xilinx/Vivado/2022.2/data/xhub/boards/XilinxBoardStore/boards/Xilinx/zcu106/2.6/board.xml as part xczu7ev-ffvc1156-2-e specified in board_part file is either invalid or not available
WARNING: [Board 49-26] cannot add Board Part xilinx.com:zcu111:part0:1.2 available at C:/Xilinx/Vivado/2022.2/data/xhub/boards/XilinxBoardStore/boards/Xilinx/zcu111/1.2/board.xml as part xczu28dr-ffvg1517-2-e specified in board_part file is either invalid or not available
WARNING: [Board 49-26] cannot add Board Part xilinx.com:zcu111:part0:1.3 available at C:/Xilinx/Vivado/2022.2/data/xhub/boards/XilinxBoardStore/boards/Xilinx/zcu111/1.3/board.xml as part xczu28dr-ffvg1517-2-e specified in board_part file is either invalid or not available
WARNING: [Board 49-26] cannot add Board Part xilinx.com:zcu111:part0:1.4 available at C:/Xilinx/Vivado/2022.2/data/xhub/boards/XilinxBoardStore/boards/Xilinx/zcu111/1.4/board.xml as part xczu28dr-ffvg1517-2-e specified in board_part file is either invalid or not available
WARNING: [Board 49-26] cannot add Board Part xilinx.com:zcu1275:part0:1.0 available at C:/Xilinx/Vivado/2022.2/data/xhub/boards/XilinxBoardStore/boards/Xilinx/zcu1275/1.0/board.xml as part xczu29dr-ffvf1760-2-e specified in board_part file is either invalid or not available
WARNING: [Board 49-26] cannot add Board Part xilinx.com:zcu1285:part0:1.0 available at C:/Xilinx/Vivado/2022.2/data/xhub/boards/XilinxBoardStore/boards/Xilinx/zcu1285/1.0/board.xml as part xczu39dr-ffvf1760-2-i specified in board_part file is either invalid or not available
WARNING: [Board 49-26] cannot add Board Part xilinx.com:zcu208:part0:2.0 available at C:/Xilinx/Vivado/2022.2/data/xhub/boards/XilinxBoardStore/boards/Xilinx/zcu208/production/2.0/board.xml as part xczu48dr-fsvg1517-2-e specified in board_part file is either invalid or not available
WARNING: [Board 49-26] cannot add Board Part xilinx.com:zcu208ld:part0:2.0 available at C:/Xilinx/Vivado/2022.2/data/xhub/boards/XilinxBoardStore/boards/Xilinx/zcu208ld/production/2.0/board.xml as part xczu58dr-fsvg1517-2-i specified in board_part file is either invalid or not available
WARNING: [Board 49-26] cannot add Board Part xilinx.com:zcu216:part0:2.0 available at C:/Xilinx/Vivado/2022.2/data/xhub/boards/XilinxBoardStore/boards/Xilinx/zcu216/production/2.0/board.xml as part xczu49dr-ffvf1760-2-e specified in board_part file is either invalid or not available
WARNING: [Board 49-26] cannot add Board Part xilinx.com:zcu216ld:part0:2.0 available at C:/Xilinx/Vivado/2022.2/data/xhub/boards/XilinxBoardStore/boards/Xilinx/zcu216ld/production/2.0/board.xml as part xczu59dr-ffvf1760-2-i specified in board_part file is either invalid or not available
WARNING: [Board 49-26] cannot add Board Part xilinx.com:zcu670:part0:2.0 available at C:/Xilinx/Vivado/2022.2/data/xhub/boards/XilinxBoardStore/boards/Xilinx/zcu670/2.0/board.xml as part xczu67dr-fsve1156-2-i specified in board_part file is either invalid or not available
WARNING: [Board 49-26] cannot add Board Part xilinx.com:zcu670ld:part0:1.0 available at C:/Xilinx/Vivado/2022.2/data/xhub/boards/XilinxBoardStore/boards/Xilinx/zcu670ld/1.0/board.xml as part xczu57dr-fsve1156-2-i specified in board_part file is either invalid or not available
INFO: [Project 1-313] Project file moved from 'C:/Users/curti/OneDrive/Documents/UIUC/ECE-385/Vivado_Projects/lab_6' since last save.
Scanning sources...
Finished scanning sources
INFO: [IP_Flow 19-234] Refreshing IP repositories
INFO: [IP_Flow 19-1704] No user IP repositories specified
INFO: [IP_Flow 19-2313] Loaded Vivado IP repository 'C:/Xilinx/Vivado/2022.2/data/ip'.
open_project: Time (s): cpu = 00:00:09 ; elapsed = 00:00:20 . Memory (MB): peak = 1195.340 ; gain = 421.480
update_compile_order -fileset sources_1
open_bd_design {C:/Users/curti/OneDrive/Documents/UIUC/ECE-385/Vivado_Projects/lab_6_2/lab_6.srcs/sources_1/bd/mb_block/mb_block.bd}
Reading block design file <C:/Users/curti/OneDrive/Documents/UIUC/ECE-385/Vivado_Projects/lab_6_2/lab_6.srcs/sources_1/bd/mb_block/mb_block.bd>...
Adding component instance block -- xilinx.com:ip:microblaze:11.0 - microblaze_0
Adding component instance block -- xilinx.com:ip:lmb_v10:3.0 - dlmb_v10
Adding component instance block -- xilinx.com:ip:lmb_v10:3.0 - ilmb_v10
Adding component instance block -- xilinx.com:ip:lmb_bram_if_cntlr:4.0 - dlmb_bram_if_cntlr
Adding component instance block -- xilinx.com:ip:lmb_bram_if_cntlr:4.0 - ilmb_bram_if_cntlr
Adding component instance block -- xilinx.com:ip:blk_mem_gen:8.4 - lmb_bram
Adding component instance block -- xilinx.com:ip:axi_interconnect:2.1 - microblaze_0_axi_periph
Adding component instance block -- xilinx.com:ip:axi_crossbar:2.1 - xbar
Adding component instance block -- xilinx.com:ip:axi_intc:4.1 - microblaze_0_axi_intc
Adding component instance block -- xilinx.com:ip:mdm:3.2 - mdm_1
Adding component instance block -- xilinx.com:ip:clk_wiz:6.0 - clk_wiz_1
Adding component instance block -- xilinx.com:ip:proc_sys_reset:5.0 - rst_clk_wiz_1_100M
Adding component instance block -- xilinx.com:ip:axi_gpio:2.0 - axi_gpio_0
Adding component instance block -- xilinx.com:ip:axi_uartlite:2.0 - axi_uartlite_0
Adding component instance block -- xilinx.com:ip:axi_gpio:2.0 - axi_gpio_1
Adding component instance block -- xilinx.com:ip:axi_gpio:2.0 - axi_gpio_2
Successfully read diagram <mb_block> from block design file <C:/Users/curti/OneDrive/Documents/UIUC/ECE-385/Vivado_Projects/lab_6_2/lab_6.srcs/sources_1/bd/mb_block/mb_block.bd>
delete_bd_objs [get_bd_intf_nets microblaze_0_axi_periph_M01_AXI] [get_bd_intf_nets axi_gpio_0_GPIO] [get_bd_cells axi_gpio_0]
delete_bd_objs [get_bd_intf_nets microblaze_0_axi_periph_M03_AXI] [get_bd_intf_nets axi_gpio_1_GPIO] [get_bd_cells axi_gpio_1]
delete_bd_objs [get_bd_intf_nets microblaze_0_axi_periph_M04_AXI] [get_bd_intf_nets axi_gpio_2_GPIO] [get_bd_cells axi_gpio_2]
startgroup
create_bd_cell -type ip -vlnv xilinx.com:ip:axi_gpio:2.0 axi_gpio_0
endgroup
set_property location {2 466 -335} [get_bd_cells axi_gpio_0]
set_property location {1 499 -314} [get_bd_cells axi_gpio_0]
set_property name gpio_usb_rst [get_bd_cells axi_gpio_0]
set_property -dict [list \
  CONFIG.C_ALL_OUTPUTS {1} \
  CONFIG.C_GPIO_WIDTH {1} \
] [get_bd_cells gpio_usb_rst]
startgroup
create_bd_cell -type ip -vlnv xilinx.com:ip:axi_gpio:2.0 axi_gpio_0
endgroup
set_property location {2 484 -458} [get_bd_cells axi_gpio_0]
set_property name gpio_usb_int [get_bd_cells axi_gpio_0]
set_property -dict [list \
  CONFIG.C_ALL_INPUTS {1} \
  CONFIG.C_GPIO_WIDTH {1} \
  CONFIG.C_INTERRUPT_PRESENT {1} \
] [get_bd_cells gpio_usb_int]
startgroup
create_bd_cell -type ip -vlnv xilinx.com:ip:axi_gpio:2.0 axi_gpio_0
endgroup
set_property location {2 565 -608} [get_bd_cells axi_gpio_0]
set_property name gpio_usb_keycode [get_bd_cells axi_gpio_0]
set_property -dict [list \
  CONFIG.C_ALL_INPUTS {0} \
  CONFIG.C_ALL_OUTPUTS {1} \
  CONFIG.C_ALL_OUTPUTS_2 {1} \
  CONFIG.C_IS_DUAL {1} \
] [get_bd_cells gpio_usb_keycode]
startgroup
create_bd_cell -type ip -vlnv xilinx.com:ip:axi_timer:2.0 axi_timer_0
endgroup
set_property name timer_usb_axi [get_bd_cells axi_timer_0]
set_property location {3 961 -351} [get_bd_cells timer_usb_axi]
set_property CONFIG.enable_timer2 {0} [get_bd_cells timer_usb_axi]
startgroup
create_bd_cell -type ip -vlnv xilinx.com:ip:axi_quad_spi:3.2 axi_quad_spi_0
WARNING: [BD 41-721] Attempt to set value '0' on disabled parameter 'C_S_AXI4_ID_WIDTH' of cell '/axi_quad_spi_0' is ignored
endgroup
move_bd_cells [get_bd_cells microblaze_0_local_memory] [get_bd_cells timer_usb_axi]
undo
INFO: [Common 17-17] undo 'move_bd_cells [get_bd_cells microblaze_0_local_memory] [get_bd_cells timer_usb_axi]'
set_property location {2 1154 -296} [get_bd_cells timer_usb_axi]
set_property location {2 1005 -489} [get_bd_cells axi_quad_spi_0]
set_property location {1 504 -498} [get_bd_cells gpio_usb_keycode]
set_property location {2 978 -297} [get_bd_cells axi_quad_spi_0]
set_property location {2 1017 -273} [get_bd_cells axi_quad_spi_0]
set_property location {2 1036 -304} [get_bd_cells axi_quad_spi_0]
set_property location {2 1019 -555} [get_bd_cells timer_usb_axi]
set_property location {2 1019 -478} [get_bd_cells timer_usb_axi]
set_property name spi_usb [get_bd_cells axi_quad_spi_0]
update_gui_for_PARAM_VALUE.C_XIP_MODE- xip_mode: 0 spi_mode: 0 xip_perf_mode: 1
update_gui_for_PARAM_VALUE.C_XIP_PERF_MODE- xip_mode: 0 xip_perf_mode: 1 axi4_interface: 0
set_property -dict [list \
  CONFIG.C_SCK_RATIO {4} \
  CONFIG.C_USE_STARTUP {0} \
] [get_bd_cells spi_usb]
startgroup
apply_bd_automation -rule xilinx.com:bd_rule:board -config { Manual_Source {Auto}}  [get_bd_intf_pins gpio_usb_int/GPIO]
INFO: [BoardRule 102-8] create_bd_intf_port -mode Master -vlnv xilinx.com:interface:gpio_rtl:1.0 gpio_rtl_3
INFO: [BoardRule 102-9] connect_bd_intf_net /gpio_rtl_3 /gpio_usb_int/GPIO
apply_bd_automation -rule xilinx.com:bd_rule:axi4 -config { Clk_master {/clk_wiz_1/clk_out1 (100 MHz)} Clk_slave {Auto} Clk_xbar {/clk_wiz_1/clk_out1 (100 MHz)} Master {/microblaze_0 (Periph)} Slave {/gpio_usb_int/S_AXI} ddr_seg {Auto} intc_ip {/microblaze_0_axi_periph} master_apm {0}}  [get_bd_intf_pins gpio_usb_int/S_AXI]
Slave segment '/gpio_usb_int/S_AXI/Reg' is being assigned into address space '/microblaze_0/Data' at <0x4000_0000 [ 64K ]>.
apply_bd_automation -rule xilinx.com:bd_rule:board -config { Manual_Source {Auto}}  [get_bd_intf_pins gpio_usb_keycode/GPIO]
INFO: [BoardRule 102-8] create_bd_intf_port -mode Master -vlnv xilinx.com:interface:gpio_rtl:1.0 gpio_rtl_4
INFO: [BoardRule 102-9] connect_bd_intf_net /gpio_rtl_4 /gpio_usb_keycode/GPIO
apply_bd_automation -rule xilinx.com:bd_rule:board -config { Manual_Source {Auto}}  [get_bd_intf_pins gpio_usb_keycode/GPIO2]
INFO: [BoardRule 102-8] create_bd_intf_port -mode Master -vlnv xilinx.com:interface:gpio_rtl:1.0 gpio_rtl_5
INFO: [BoardRule 102-9] connect_bd_intf_net /gpio_rtl_5 /gpio_usb_keycode/GPIO2
apply_bd_automation -rule xilinx.com:bd_rule:axi4 -config { Clk_master {/clk_wiz_1/clk_out1 (100 MHz)} Clk_slave {Auto} Clk_xbar {/clk_wiz_1/clk_out1 (100 MHz)} Master {/microblaze_0 (Periph)} Slave {/gpio_usb_keycode/S_AXI} ddr_seg {Auto} intc_ip {/microblaze_0_axi_periph} master_apm {0}}  [get_bd_intf_pins gpio_usb_keycode/S_AXI]
Slave segment '/gpio_usb_keycode/S_AXI/Reg' is being assigned into address space '/microblaze_0/Data' at <0x4001_0000 [ 64K ]>.
apply_bd_automation -rule xilinx.com:bd_rule:board -config { Manual_Source {Auto}}  [get_bd_intf_pins gpio_usb_rst/GPIO]
INFO: [BoardRule 102-8] create_bd_intf_port -mode Master -vlnv xilinx.com:interface:gpio_rtl:1.0 gpio_rtl_6
INFO: [BoardRule 102-9] connect_bd_intf_net /gpio_rtl_6 /gpio_usb_rst/GPIO
apply_bd_automation -rule xilinx.com:bd_rule:axi4 -config { Clk_master {/clk_wiz_1/clk_out1 (100 MHz)} Clk_slave {Auto} Clk_xbar {/clk_wiz_1/clk_out1 (100 MHz)} Master {/microblaze_0 (Periph)} Slave {/gpio_usb_rst/S_AXI} ddr_seg {Auto} intc_ip {/microblaze_0_axi_periph} master_apm {0}}  [get_bd_intf_pins gpio_usb_rst/S_AXI]
Slave segment '/gpio_usb_rst/S_AXI/Reg' is being assigned into address space '/microblaze_0/Data' at <0x4002_0000 [ 64K ]>.
apply_bd_automation -rule xilinx.com:bd_rule:axi4 -config { Clk_master {/clk_wiz_1/clk_out1 (100 MHz)} Clk_slave {Auto} Clk_xbar {/clk_wiz_1/clk_out1 (100 MHz)} Master {/microblaze_0 (Periph)} Slave {/spi_usb/AXI_LITE} ddr_seg {Auto} intc_ip {/microblaze_0_axi_periph} master_apm {0}}  [get_bd_intf_pins spi_usb/AXI_LITE]
Slave segment '/spi_usb/AXI_LITE/Reg' is being assigned into address space '/microblaze_0/Data' at <0x44A0_0000 [ 64K ]>.
apply_bd_automation -rule xilinx.com:bd_rule:board -config { Manual_Source {Auto}}  [get_bd_intf_pins spi_usb/SPI_0]
INFO: [BoardRule 102-8] create_bd_intf_port -mode Master -vlnv xilinx.com:interface:spi_rtl:1.0 spi_rtl_0
INFO: [BoardRule 102-9] connect_bd_intf_net /spi_rtl_0 /spi_usb/SPI_0
apply_bd_automation -rule xilinx.com:bd_rule:axi4 -config { Clk_master {/clk_wiz_1/clk_out1 (100 MHz)} Clk_slave {Auto} Clk_xbar {/clk_wiz_1/clk_out1 (100 MHz)} Master {/microblaze_0 (Periph)} Slave {/timer_usb_axi/S_AXI} ddr_seg {Auto} intc_ip {/microblaze_0_axi_periph} master_apm {0}}  [get_bd_intf_pins timer_usb_axi/S_AXI]
Slave segment '/timer_usb_axi/S_AXI/Reg' is being assigned into address space '/microblaze_0/Data' at <0x41C0_0000 [ 64K ]>.
endgroup
startgroup
create_bd_cell -type ip -vlnv xilinx.com:ip:xlconcat:2.1 xlconcat_0
endgroup
set_property CONFIG.NUM_PORTS {4} [get_bd_cells xlconcat_0]
delete_bd_objs [get_bd_nets axi_uartlite_0_interrupt]
connect_bd_net [get_bd_pins xlconcat_0/dout] [get_bd_pins microblaze_0_axi_intc/intr]
startgroup
endgroup
connect_bd_net [get_bd_pins gpio_usb_int/ip2intc_irpt] [get_bd_pins xlconcat_0/In3]
undo
INFO: [Common 17-17] undo 'connect_bd_net [get_bd_pins gpio_usb_int/ip2intc_irpt] [get_bd_pins xlconcat_0/In3]'
connect_bd_net [get_bd_pins axi_uartlite_0/interrupt] [get_bd_pins xlconcat_0/In3]
connect_bd_net [get_bd_pins gpio_usb_int/ip2intc_irpt] [get_bd_pins xlconcat_0/In0]
connect_bd_net [get_bd_pins timer_usb_axi/interrupt] [get_bd_pins xlconcat_0/In1]
connect_bd_net [get_bd_pins spi_usb/ip2intc_irpt] [get_bd_pins xlconcat_0/In2]
save_bd_design
Wrote  : <C:\Users\curti\OneDrive\Documents\UIUC\ECE-385\Vivado_Projects\lab_6_2\lab_6.srcs\sources_1\bd\mb_block\mb_block.bd> 
Wrote  : <C:/Users/curti/OneDrive/Documents/UIUC/ECE-385/Vivado_Projects/lab_6_2/lab_6.srcs/sources_1/bd/mb_block/ui/bd_d3042d03.ui> 
set_property name gpio_usb_keycode_0 [get_bd_intf_ports gpio_rtl_4]
set_property name gpio_usb_keycode_1 [get_bd_intf_nets gpio_usb_keycode_GPIO2]
gpio_usb_keycode_1
undo
INFO: [Common 17-17] undo 'set_property name gpio_usb_keycode_1 [get_bd_intf_nets gpio_usb_keycode_GPIO2]'
set_property name gpio_usb_keycode_1 [get_bd_intf_ports gpio_rtl_5]
set_property name gpio_usb_int [get_bd_intf_ports gpio_rtl_3]
set_property name gpio_usb_rst [get_bd_intf_ports gpio_rtl_6]
save_bd_design
Wrote  : <C:\Users\curti\OneDrive\Documents\UIUC\ECE-385\Vivado_Projects\lab_6_2\lab_6.srcs\sources_1\bd\mb_block\mb_block.bd> 
Wrote  : <C:/Users/curti/OneDrive/Documents/UIUC/ECE-385/Vivado_Projects/lab_6_2/lab_6.srcs/sources_1/bd/mb_block/ui/bd_d3042d03.ui> 
delete_bd_objs [get_bd_intf_nets spi_usb_SPI_0] [get_bd_intf_ports spi_rtl_0]
startgroup
create_bd_cell -type ip -vlnv xilinx.com:ip:vio:3.0 vio_0
endgroup
undo
INFO: [Common 17-17] undo 'endgroup'
INFO: [Common 17-17] undo 'create_bd_cell -type ip -vlnv xilinx.com:ip:vio:3.0 vio_0'
INFO: [Common 17-17] undo 'startgroup'
create_bd_port -dir O -type data usb_spi_mosi
set_property location {1201 -68} [get_bd_ports usb_spi_mosi]
undo
INFO: [Common 17-17] undo 'set_property location {1201 -68} [get_bd_ports usb_spi_mosi]'
set_property location {4 1879 -74} [get_bd_cells spi_usb]
set_property location {4 1859 94} [get_bd_cells spi_usb]
startgroup
connect_bd_net [get_bd_ports usb_spi_mosi] [get_bd_pins spi_usb/io0_o]
WARNING: [BD 41-1306] The connection to interface pin </spi_usb/io0_o> is being overridden by the user with net <spi_usb_io0_o>. This pin will not be connected as a part of interface connection <SPI_0>.
endgroup
create_bd_port -dir O -type clk usb_spi_scl
set_property location {2050 31} [get_bd_ports usb_spi_scl]
set_property name usb_spi_sclk [get_bd_ports usb_spi_scl]
set_property location {2049 123} [get_bd_ports usb_spi_sclk]
connect_bd_net [get_bd_ports usb_spi_sclk] [get_bd_pins spi_usb/sck_o]
WARNING: [BD 41-1306] The connection to interface pin </spi_usb/sck_o> is being overridden by the user with net <spi_usb_sck_o>. This pin will not be connected as a part of interface connection <SPI_0>.
create_bd_port -dir I -type data usb_spi_ss
set_property location {2045 59} [get_bd_ports usb_spi_ss]
update_gui_for_PARAM_VALUE.C_XIP_MODE- xip_mode: 0 spi_mode: 0 xip_perf_mode: 1
update_gui_for_PARAM_VALUE.C_XIP_PERF_MODE- xip_mode: 0 xip_perf_mode: 1 axi4_interface: 0
set_property location {2044 -24} [get_bd_ports usb_spi_ss]
connect_bd_net [get_bd_ports usb_spi_ss] [get_bd_pins spi_usb/io0_i]
WARNING: [BD 41-1306] The connection to interface pin </spi_usb/io0_i> is being overridden by the user with net <usb_spi_ss_1>. This pin will not be connected as a part of interface connection <SPI_0>.
delete_bd_objs [get_bd_nets usb_spi_ss_1]
set_property location {2046 83} [get_bd_ports usb_spi_ss]
delete_bd_objs [get_bd_ports usb_spi_ss]
create_bd_port -dir I -type data usb_spi_miso
set_property location {2068 273} [get_bd_ports usb_spi_miso]
connect_bd_net [get_bd_ports usb_spi_miso] [get_bd_pins spi_usb/io1_i]
WARNING: [BD 41-1306] The connection to interface pin </spi_usb/io1_i> is being overridden by the user with net <usb_spi_miso_1>. This pin will not be connected as a part of interface connection <SPI_0>.
set_property location {-145 412} [get_bd_ports usb_spi_miso]
create_bd_port -dir O -from 0 -to 0 usb_spi_ss
set_property location {2072 340} [get_bd_ports usb_spi_ss]
set_property location {2040 213} [get_bd_ports usb_spi_ss]
set_property location {2039 200} [get_bd_ports usb_spi_ss]
connect_bd_net [get_bd_ports usb_spi_ss] [get_bd_pins spi_usb/ss_o]
WARNING: [BD 41-1306] The connection to interface pin </spi_usb/ss_o> is being overridden by the user with net <spi_usb_ss_o>. This pin will not be connected as a part of interface connection <SPI_0>.
set_property location {2046 183} [get_bd_ports usb_spi_ss]
save_bd_design
Wrote  : <C:\Users\curti\OneDrive\Documents\UIUC\ECE-385\Vivado_Projects\lab_6_2\lab_6.srcs\sources_1\bd\mb_block\mb_block.bd> 
Wrote  : <C:/Users/curti/OneDrive/Documents/UIUC/ECE-385/Vivado_Projects/lab_6_2/lab_6.srcs/sources_1/bd/mb_block/ui/bd_d3042d03.ui> 
set_property location {2036 2} [get_bd_ports usb_spi_mosi]
validate_bd_design
ERROR: [BD 41-758] The following clock pins are not connected to a valid clock source: 
/spi_usb/ext_spi_clk

ERROR: [Common 17-39] 'validate_bd_design' failed due to earlier errors.
connect_bd_net [get_bd_pins spi_usb/ext_spi_clk] [get_bd_pins clk_wiz_1/clk_out1]
validate_bd_design
WARNING: [filemgmt 56-443] The ECC Algorithm string is empty. Setting the Memory Map to default ECC value to ECC_NONE.
INFO: [xilinx.com:ip:clk_wiz:6.0-1] /clk_wiz_1 clk_wiz propagate
INFO: [xilinx.com:ip:axi_intc:4.1-1] /microblaze_0_axi_intc: The AXI INTC core has been configured to operate with synchronous clocks.
INFO: [xilinx.com:ip:axi_quad_spi:3.2-1] /spi_usb 
                   #######################################################################################
                   INFO: AXI Quad SPI core's AXI Lite Clock and EXT SPI CLK are synchronous to each other.
                   ########################################################################################
save_bd_design
Wrote  : <C:\Users\curti\OneDrive\Documents\UIUC\ECE-385\Vivado_Projects\lab_6_2\lab_6.srcs\sources_1\bd\mb_block\mb_block.bd> 
Wrote  : <C:/Users/curti/OneDrive/Documents/UIUC/ECE-385/Vivado_Projects/lab_6_2/lab_6.srcs/sources_1/bd/mb_block/ui/bd_d3042d03.ui> 
add_files -norecurse {C:/Users/curti/OneDrive/Documents/UIUC/ECE-385/Vivado_Projects/lab_6_2/lab6_2_provided/design_source/VGA_controller.sv C:/Users/curti/OneDrive/Documents/UIUC/ECE-385/Vivado_Projects/lab_6_2/lab6_2_provided/design_source/ball.sv C:/Users/curti/OneDrive/Documents/UIUC/ECE-385/Vivado_Projects/lab_6_2/lab6_2_provided/design_source/mb_usb_hdmi_top.sv C:/Users/curti/OneDrive/Documents/UIUC/ECE-385/Vivado_Projects/lab_6_2/lab6_2_provided/design_source/Color_Mapper.sv C:/Users/curti/OneDrive/Documents/UIUC/ECE-385/Vivado_Projects/lab_6_2/lab6_2_provided/design_source/hex_driver.sv}
update_compile_order -fileset sources_1
add_files -fileset constrs_1 -norecurse C:/Users/curti/OneDrive/Documents/UIUC/ECE-385/Vivado_Projects/lab_6_2/lab6_2_provided/pin_assignment/mb_usb_hdmi_top.xdc
reorder_files -fileset constrs_1 -before C:/Users/curti/OneDrive/Documents/UIUC/ECE-385/Vivado_Projects/lab_6_2/lab6_1_provided/pin_assignment/mb_intro_top.xdc C:/Users/curti/OneDrive/Documents/UIUC/ECE-385/Vivado_Projects/lab_6_2/lab6_2_provided/pin_assignment/mb_usb_hdmi_top.xdc
set_property  ip_repo_paths  C:/Users/curti/OneDrive/Documents/UIUC/ECE-385/Vivado_Projects/lab_6_2/RD_hdmi_ip2020 [current_project]
update_ip_catalog
INFO: [IP_Flow 19-234] Refreshing IP repositories
INFO: [IP_Flow 19-1700] Loaded user IP repository 'c:/Users/curti/OneDrive/Documents/UIUC/ECE-385/Vivado_Projects/lab_6_2/RD_hdmi_ip2020'.
create_ip -name hdmi_tx -vendor realdigital.org -library realdigital -version 1.0 -module_name hdmi_tx_0
set_property -dict [list \
  CONFIG.C_BLUE_WIDTH {4} \
  CONFIG.C_GREEN_WIDTH {4} \
  CONFIG.C_RED_WIDTH {4} \
  CONFIG.MODE {HDMI} \
] [get_ips hdmi_tx_0]
generate_target {instantiation_template} [get_files c:/Users/curti/OneDrive/Documents/UIUC/ECE-385/Vivado_Projects/lab_6_2/lab_6.srcs/sources_1/ip/hdmi_tx_0/hdmi_tx_0.xci]
INFO: [IP_Flow 19-1686] Generating 'Instantiation Template' target for IP 'hdmi_tx_0'...
update_compile_order -fileset sources_1
generate_target all [get_files  c:/Users/curti/OneDrive/Documents/UIUC/ECE-385/Vivado_Projects/lab_6_2/lab_6.srcs/sources_1/ip/hdmi_tx_0/hdmi_tx_0.xci]
INFO: [IP_Flow 19-1686] Generating 'Synthesis' target for IP 'hdmi_tx_0'...
INFO: [IP_Flow 19-1686] Generating 'Simulation' target for IP 'hdmi_tx_0'...
catch { config_ip_cache -export [get_ips -all hdmi_tx_0] }
INFO: [IP_Flow 19-6924] IPCACHE: Running cache check for IP inst: hdmi_tx_0
export_ip_user_files -of_objects [get_files c:/Users/curti/OneDrive/Documents/UIUC/ECE-385/Vivado_Projects/lab_6_2/lab_6.srcs/sources_1/ip/hdmi_tx_0/hdmi_tx_0.xci] -no_script -sync -force -quiet
create_ip_run [get_files -of_objects [get_fileset sources_1] c:/Users/curti/OneDrive/Documents/UIUC/ECE-385/Vivado_Projects/lab_6_2/lab_6.srcs/sources_1/ip/hdmi_tx_0/hdmi_tx_0.xci]
launch_runs hdmi_tx_0_synth_1 -jobs 10
INFO: [IP_Flow 19-6924] IPCACHE: Running cache check for IP inst: hdmi_tx_0
[Thu Oct 24 01:44:27 2024] Launched hdmi_tx_0_synth_1...
Run output will be captured here: C:/Users/curti/OneDrive/Documents/UIUC/ECE-385/Vivado_Projects/lab_6_2/lab_6.runs/hdmi_tx_0_synth_1/runme.log
export_simulation -of_objects [get_files c:/Users/curti/OneDrive/Documents/UIUC/ECE-385/Vivado_Projects/lab_6_2/lab_6.srcs/sources_1/ip/hdmi_tx_0/hdmi_tx_0.xci] -directory C:/Users/curti/OneDrive/Documents/UIUC/ECE-385/Vivado_Projects/lab_6_2/lab_6.ip_user_files/sim_scripts -ip_user_files_dir C:/Users/curti/OneDrive/Documents/UIUC/ECE-385/Vivado_Projects/lab_6_2/lab_6.ip_user_files -ipstatic_source_dir C:/Users/curti/OneDrive/Documents/UIUC/ECE-385/Vivado_Projects/lab_6_2/lab_6.ip_user_files/ipstatic -lib_map_path [list {modelsim=C:/Users/curti/OneDrive/Documents/UIUC/ECE-385/Vivado_Projects/lab_6_2/lab_6.cache/compile_simlib/modelsim} {questa=C:/Users/curti/OneDrive/Documents/UIUC/ECE-385/Vivado_Projects/lab_6_2/lab_6.cache/compile_simlib/questa} {riviera=C:/Users/curti/OneDrive/Documents/UIUC/ECE-385/Vivado_Projects/lab_6_2/lab_6.cache/compile_simlib/riviera} {activehdl=C:/Users/curti/OneDrive/Documents/UIUC/ECE-385/Vivado_Projects/lab_6_2/lab_6.cache/compile_simlib/activehdl}] -use_ip_compiled_libs -force -quiet
create_ip -name clk_wiz -vendor xilinx.com -library ip -version 6.0 -module_name clk_wiz_0
set_property -dict [list \
  CONFIG.CLKOUT1_JITTER {175.402} \
  CONFIG.CLKOUT1_PHASE_ERROR {98.575} \
  CONFIG.CLKOUT1_REQUESTED_OUT_FREQ {25} \
  CONFIG.CLKOUT2_JITTER {125.247} \
  CONFIG.CLKOUT2_PHASE_ERROR {98.575} \
  CONFIG.CLKOUT2_REQUESTED_OUT_FREQ {125.000} \
  CONFIG.CLKOUT2_USED {true} \
  CONFIG.MMCM_CLKFBOUT_MULT_F {10.000} \
  CONFIG.MMCM_CLKOUT0_DIVIDE_F {40.000} \
  CONFIG.MMCM_CLKOUT1_DIVIDE {8} \
  CONFIG.NUM_OUT_CLKS {2} \
] [get_ips clk_wiz_0]
generate_target {instantiation_template} [get_files c:/Users/curti/OneDrive/Documents/UIUC/ECE-385/Vivado_Projects/lab_6_2/lab_6.srcs/sources_1/ip/clk_wiz_0/clk_wiz_0.xci]
INFO: [IP_Flow 19-1686] Generating 'Instantiation Template' target for IP 'clk_wiz_0'...
update_compile_order -fileset sources_1
generate_target all [get_files  c:/Users/curti/OneDrive/Documents/UIUC/ECE-385/Vivado_Projects/lab_6_2/lab_6.srcs/sources_1/ip/clk_wiz_0/clk_wiz_0.xci]
INFO: [IP_Flow 19-1686] Generating 'Synthesis' target for IP 'clk_wiz_0'...
INFO: [IP_Flow 19-1686] Generating 'Simulation' target for IP 'clk_wiz_0'...
INFO: [IP_Flow 19-1686] Generating 'Implementation' target for IP 'clk_wiz_0'...
INFO: [IP_Flow 19-1686] Generating 'Change Log' target for IP 'clk_wiz_0'...
catch { config_ip_cache -export [get_ips -all clk_wiz_0] }
INFO: [IP_Flow 19-6924] IPCACHE: Running cache check for IP inst: clk_wiz_0
export_ip_user_files -of_objects [get_files c:/Users/curti/OneDrive/Documents/UIUC/ECE-385/Vivado_Projects/lab_6_2/lab_6.srcs/sources_1/ip/clk_wiz_0/clk_wiz_0.xci] -no_script -sync -force -quiet
create_ip_run [get_files -of_objects [get_fileset sources_1] c:/Users/curti/OneDrive/Documents/UIUC/ECE-385/Vivado_Projects/lab_6_2/lab_6.srcs/sources_1/ip/clk_wiz_0/clk_wiz_0.xci]
launch_runs clk_wiz_0_synth_1 -jobs 10
INFO: [IP_Flow 19-6924] IPCACHE: Running cache check for IP inst: clk_wiz_0
[Thu Oct 24 01:46:48 2024] Launched clk_wiz_0_synth_1...
Run output will be captured here: C:/Users/curti/OneDrive/Documents/UIUC/ECE-385/Vivado_Projects/lab_6_2/lab_6.runs/clk_wiz_0_synth_1/runme.log
export_simulation -of_objects [get_files c:/Users/curti/OneDrive/Documents/UIUC/ECE-385/Vivado_Projects/lab_6_2/lab_6.srcs/sources_1/ip/clk_wiz_0/clk_wiz_0.xci] -directory C:/Users/curti/OneDrive/Documents/UIUC/ECE-385/Vivado_Projects/lab_6_2/lab_6.ip_user_files/sim_scripts -ip_user_files_dir C:/Users/curti/OneDrive/Documents/UIUC/ECE-385/Vivado_Projects/lab_6_2/lab_6.ip_user_files -ipstatic_source_dir C:/Users/curti/OneDrive/Documents/UIUC/ECE-385/Vivado_Projects/lab_6_2/lab_6.ip_user_files/ipstatic -lib_map_path [list {modelsim=C:/Users/curti/OneDrive/Documents/UIUC/ECE-385/Vivado_Projects/lab_6_2/lab_6.cache/compile_simlib/modelsim} {questa=C:/Users/curti/OneDrive/Documents/UIUC/ECE-385/Vivado_Projects/lab_6_2/lab_6.cache/compile_simlib/questa} {riviera=C:/Users/curti/OneDrive/Documents/UIUC/ECE-385/Vivado_Projects/lab_6_2/lab_6.cache/compile_simlib/riviera} {activehdl=C:/Users/curti/OneDrive/Documents/UIUC/ECE-385/Vivado_Projects/lab_6_2/lab_6.cache/compile_simlib/activehdl}] -use_ip_compiled_libs -force -quiet
set_property top mb_usb_hdmi_top [current_fileset]
update_compile_order -fileset sources_1
reset_run synth_1
INFO: [Project 1-1161] Replacing file C:/Users/curti/OneDrive/Documents/UIUC/ECE-385/Vivado_Projects/lab_6_2/lab_6.srcs/utils_1/imports/synth_1/mb_intro_top.dcp with file C:/Users/curti/OneDrive/Documents/UIUC/ECE-385/Vivado_Projects/lab_6_2/lab_6.runs/synth_1/mb_intro_top.dcp
launch_runs impl_1 -to_step write_bitstream -jobs 10
[Thu Oct 24 01:47:58 2024] Launched synth_1...
Run output will be captured here: C:/Users/curti/OneDrive/Documents/UIUC/ECE-385/Vivado_Projects/lab_6_2/lab_6.runs/synth_1/runme.log
[Thu Oct 24 01:47:58 2024] Launched impl_1...
Run output will be captured here: C:/Users/curti/OneDrive/Documents/UIUC/ECE-385/Vivado_Projects/lab_6_2/lab_6.runs/impl_1/runme.log
open_bd_design {C:/Users/curti/OneDrive/Documents/UIUC/ECE-385/Vivado_Projects/lab_6_2/lab_6.srcs/sources_1/bd/mb_block/mb_block.bd}
reset_run synth_1
launch_runs synth_1 -jobs 10
INFO: [BD 41-1662] The design 'mb_block.bd' is already validated. Therefore parameter propagation will not be re-run.
WARNING: [filemgmt 56-443] The ECC Algorithm string is empty. Setting the Memory Map to default ECC value to ECC_NONE.
WARNING: [filemgmt 56-443] The ECC Algorithm string is empty. Setting the Memory Map to default ECC value to ECC_NONE.
Wrote  : <C:/Users/curti/OneDrive/Documents/UIUC/ECE-385/Vivado_Projects/lab_6_2/lab_6.srcs/sources_1/bd/mb_block/ui/bd_d3042d03.ui> 
Verilog Output written to : c:/Users/curti/OneDrive/Documents/UIUC/ECE-385/Vivado_Projects/lab_6_2/lab_6.gen/sources_1/bd/mb_block/synth/mb_block.v
Verilog Output written to : c:/Users/curti/OneDrive/Documents/UIUC/ECE-385/Vivado_Projects/lab_6_2/lab_6.gen/sources_1/bd/mb_block/sim/mb_block.v
Verilog Output written to : c:/Users/curti/OneDrive/Documents/UIUC/ECE-385/Vivado_Projects/lab_6_2/lab_6.gen/sources_1/bd/mb_block/hdl/mb_block_wrapper.v
INFO: [BD 41-1029] Generation completed for the IP Integrator block microblaze_0_axi_periph/xbar .
INFO: [BD 41-1029] Generation completed for the IP Integrator block microblaze_0_axi_intc .
INFO: [BD 41-1029] Generation completed for the IP Integrator block gpio_usb_rst .
INFO: [BD 41-1029] Generation completed for the IP Integrator block gpio_usb_int .
INFO: [BD 41-1029] Generation completed for the IP Integrator block gpio_usb_keycode .
INFO: [BD 41-1029] Generation completed for the IP Integrator block spi_usb .
WARNING: [IP_Flow 19-4994] Overwriting existing constraint file 'c:/Users/curti/OneDrive/Documents/UIUC/ECE-385/Vivado_Projects/lab_6_2/lab_6.gen/sources_1/bd/mb_block/ip/mb_block_axi_timer_0_0/mb_block_axi_timer_0_0_ooc.xdc'
INFO: [BD 41-1029] Generation completed for the IP Integrator block timer_usb_axi .
INFO: [BD 41-1029] Generation completed for the IP Integrator block xlconcat_0 .
Exporting to file c:/Users/curti/OneDrive/Documents/UIUC/ECE-385/Vivado_Projects/lab_6_2/lab_6.gen/sources_1/bd/mb_block/hw_handoff/mb_block.hwh
Generated Hardware Definition File c:/Users/curti/OneDrive/Documents/UIUC/ECE-385/Vivado_Projects/lab_6_2/lab_6.gen/sources_1/bd/mb_block/synth/mb_block.hwdef
INFO: [IP_Flow 19-6930] IPCACHE: runCacheChecks() number of threads = 8
INFO: [IP_Flow 19-6921] IPCACHE: Adding cache check func to thread queue for IP mb_block_axi_gpio_0_1
INFO: [IP_Flow 19-6921] IPCACHE: Adding cache check func to thread queue for IP mb_block_axi_gpio_0_2
INFO: [IP_Flow 19-6921] IPCACHE: Adding cache check func to thread queue for IP mb_block_axi_gpio_0_3
INFO: [IP_Flow 19-6921] IPCACHE: Adding cache check func to thread queue for IP mb_block_axi_quad_spi_0_0
INFO: [IP_Flow 19-6921] IPCACHE: Adding cache check func to thread queue for IP mb_block_axi_timer_0_0
INFO: [IP_Flow 19-6921] IPCACHE: Adding cache check func to thread queue for IP mb_block_microblaze_0_axi_intc_0
INFO: [IP_Flow 19-6921] IPCACHE: Adding cache check func to thread queue for IP mb_block_xbar_0
INFO: [IP_Flow 19-8020] IPCACHE: runCacheChecks() calling threadPool finishWork()
INFO: [IP_Flow 19-6924] IPCACHE: Running cache check for IP inst: mb_block_axi_gpio_0_1
INFO: [IP_Flow 19-6922] IPCACHE: Exporting cached entry 0d35a43ee54ce79e to dir: c:/Users/curti/OneDrive/Documents/UIUC/ECE-385/Vivado_Projects/lab_6_2/lab_6.gen/sources_1/bd/mb_block/ip/mb_block_axi_gpio_0_1
INFO: [IP_Flow 19-6928] IPCACHE: copied cached file c:/Users/curti/OneDrive/Documents/UIUC/ECE-385/Vivado_Projects/lab_6_2/lab_6.cache/ip/2022.2/0/d/0d35a43ee54ce79e/mb_block_axi_gpio_0_0.dcp to c:/Users/curti/OneDrive/Documents/UIUC/ECE-385/Vivado_Projects/lab_6_2/lab_6.gen/sources_1/bd/mb_block/ip/mb_block_axi_gpio_0_1/mb_block_axi_gpio_0_1.dcp.
INFO: [IP_Flow 19-6926] IPCACHE: added file to list for BOM: c:/Users/curti/OneDrive/Documents/UIUC/ECE-385/Vivado_Projects/lab_6_2/lab_6.gen/sources_1/bd/mb_block/ip/mb_block_axi_gpio_0_1/mb_block_axi_gpio_0_1.dcp
INFO: [IP_Flow 19-6928] IPCACHE: copied cached file c:/Users/curti/OneDrive/Documents/UIUC/ECE-385/Vivado_Projects/lab_6_2/lab_6.cache/ip/2022.2/0/d/0d35a43ee54ce79e/mb_block_axi_gpio_0_0_sim_netlist.v to c:/Users/curti/OneDrive/Documents/UIUC/ECE-385/Vivado_Projects/lab_6_2/lab_6.gen/sources_1/bd/mb_block/ip/mb_block_axi_gpio_0_1/mb_block_axi_gpio_0_1_sim_netlist.v.
INFO: [IP_Flow 19-6926] IPCACHE: added file to list for BOM: c:/Users/curti/OneDrive/Documents/UIUC/ECE-385/Vivado_Projects/lab_6_2/lab_6.gen/sources_1/bd/mb_block/ip/mb_block_axi_gpio_0_1/mb_block_axi_gpio_0_1_sim_netlist.v
INFO: [IP_Flow 19-6928] IPCACHE: copied cached file c:/Users/curti/OneDrive/Documents/UIUC/ECE-385/Vivado_Projects/lab_6_2/lab_6.cache/ip/2022.2/0/d/0d35a43ee54ce79e/mb_block_axi_gpio_0_0_sim_netlist.vhdl to c:/Users/curti/OneDrive/Documents/UIUC/ECE-385/Vivado_Projects/lab_6_2/lab_6.gen/sources_1/bd/mb_block/ip/mb_block_axi_gpio_0_1/mb_block_axi_gpio_0_1_sim_netlist.vhdl.
INFO: [IP_Flow 19-6926] IPCACHE: added file to list for BOM: c:/Users/curti/OneDrive/Documents/UIUC/ECE-385/Vivado_Projects/lab_6_2/lab_6.gen/sources_1/bd/mb_block/ip/mb_block_axi_gpio_0_1/mb_block_axi_gpio_0_1_sim_netlist.vhdl
INFO: [IP_Flow 19-6928] IPCACHE: copied cached file c:/Users/curti/OneDrive/Documents/UIUC/ECE-385/Vivado_Projects/lab_6_2/lab_6.cache/ip/2022.2/0/d/0d35a43ee54ce79e/mb_block_axi_gpio_0_0_stub.v to c:/Users/curti/OneDrive/Documents/UIUC/ECE-385/Vivado_Projects/lab_6_2/lab_6.gen/sources_1/bd/mb_block/ip/mb_block_axi_gpio_0_1/mb_block_axi_gpio_0_1_stub.v.
INFO: [IP_Flow 19-6926] IPCACHE: added file to list for BOM: c:/Users/curti/OneDrive/Documents/UIUC/ECE-385/Vivado_Projects/lab_6_2/lab_6.gen/sources_1/bd/mb_block/ip/mb_block_axi_gpio_0_1/mb_block_axi_gpio_0_1_stub.v
INFO: [IP_Flow 19-6928] IPCACHE: copied cached file c:/Users/curti/OneDrive/Documents/UIUC/ECE-385/Vivado_Projects/lab_6_2/lab_6.cache/ip/2022.2/0/d/0d35a43ee54ce79e/mb_block_axi_gpio_0_0_stub.vhdl to c:/Users/curti/OneDrive/Documents/UIUC/ECE-385/Vivado_Projects/lab_6_2/lab_6.gen/sources_1/bd/mb_block/ip/mb_block_axi_gpio_0_1/mb_block_axi_gpio_0_1_stub.vhdl.
INFO: [IP_Flow 19-6926] IPCACHE: added file to list for BOM: c:/Users/curti/OneDrive/Documents/UIUC/ECE-385/Vivado_Projects/lab_6_2/lab_6.gen/sources_1/bd/mb_block/ip/mb_block_axi_gpio_0_1/mb_block_axi_gpio_0_1_stub.vhdl
INFO: [IP_Flow 19-4993] Using cached IP synthesis design for IP mb_block_axi_gpio_0_1, cache-ID = 0d35a43ee54ce79e; cache size = 14.100 MB.
INFO: [IP_Flow 19-6924] IPCACHE: Running cache check for IP inst: mb_block_axi_gpio_0_2
INFO: [IP_Flow 19-6924] IPCACHE: Running cache check for IP inst: mb_block_axi_gpio_0_3
INFO: [IP_Flow 19-6924] IPCACHE: Running cache check for IP inst: mb_block_axi_quad_spi_0_0
INFO: [IP_Flow 19-6924] IPCACHE: Running cache check for IP inst: mb_block_axi_timer_0_0
INFO: [IP_Flow 19-6924] IPCACHE: Running cache check for IP inst: mb_block_microblaze_0_axi_intc_0
INFO: [IP_Flow 19-6924] IPCACHE: Running cache check for IP inst: mb_block_xbar_0
[Thu Oct 24 01:52:22 2024] Launched mb_block_xbar_0_synth_1, mb_block_microblaze_0_axi_intc_0_synth_1, mb_block_axi_timer_0_0_synth_1, mb_block_axi_gpio_0_2_synth_1, mb_block_axi_gpio_0_3_synth_1, mb_block_axi_quad_spi_0_0_synth_1...
Run output will be captured here:
mb_block_xbar_0_synth_1: C:/Users/curti/OneDrive/Documents/UIUC/ECE-385/Vivado_Projects/lab_6_2/lab_6.runs/mb_block_xbar_0_synth_1/runme.log
mb_block_microblaze_0_axi_intc_0_synth_1: C:/Users/curti/OneDrive/Documents/UIUC/ECE-385/Vivado_Projects/lab_6_2/lab_6.runs/mb_block_microblaze_0_axi_intc_0_synth_1/runme.log
mb_block_axi_timer_0_0_synth_1: C:/Users/curti/OneDrive/Documents/UIUC/ECE-385/Vivado_Projects/lab_6_2/lab_6.runs/mb_block_axi_timer_0_0_synth_1/runme.log
mb_block_axi_gpio_0_2_synth_1: C:/Users/curti/OneDrive/Documents/UIUC/ECE-385/Vivado_Projects/lab_6_2/lab_6.runs/mb_block_axi_gpio_0_2_synth_1/runme.log
mb_block_axi_gpio_0_3_synth_1: C:/Users/curti/OneDrive/Documents/UIUC/ECE-385/Vivado_Projects/lab_6_2/lab_6.runs/mb_block_axi_gpio_0_3_synth_1/runme.log
mb_block_axi_quad_spi_0_0_synth_1: C:/Users/curti/OneDrive/Documents/UIUC/ECE-385/Vivado_Projects/lab_6_2/lab_6.runs/mb_block_axi_quad_spi_0_0_synth_1/runme.log
[Thu Oct 24 01:52:23 2024] Launched synth_1...
Run output will be captured here: C:/Users/curti/OneDrive/Documents/UIUC/ECE-385/Vivado_Projects/lab_6_2/lab_6.runs/synth_1/runme.log
launch_runs: Time (s): cpu = 00:00:05 ; elapsed = 00:00:11 . Memory (MB): peak = 2133.156 ; gain = 257.961
launch_runs impl_1 -jobs 10
[Thu Oct 24 01:55:52 2024] Launched impl_1...
Run output will be captured here: C:/Users/curti/OneDrive/Documents/UIUC/ECE-385/Vivado_Projects/lab_6_2/lab_6.runs/impl_1/runme.log
open_run impl_1
INFO: [Device 21-403] Loading part xc7s50csga324-1
Netlist sorting complete. Time (s): cpu = 00:00:00 ; elapsed = 00:00:00.221 . Memory (MB): peak = 2155.969 ; gain = 0.000
INFO: [Netlist 29-17] Analyzing 411 Unisim elements for replacement
INFO: [Netlist 29-28] Unisim Transformation completed in 0 CPU seconds
INFO: [Project 1-479] Netlist was created with Vivado 2022.2
INFO: [Project 1-570] Preparing netlist for logic optimization
WARNING: [Constraints 18-550] Could not create 'IBUF_LOW_PWR' constraint because net 'clk_wiz/clk_in1' is not directly connected to top level port. Synthesis is ignored for IBUF_LOW_PWR but preserved for implementation.
WARNING: [Constraints 18-550] Could not create 'IBUF_LOW_PWR' constraint because net 'mb_block_i/clk_wiz_1/clk_in1' is not directly connected to top level port. Synthesis is ignored for IBUF_LOW_PWR but preserved for implementation.
INFO: [Timing 38-478] Restoring timing data from binary archive.
INFO: [Timing 38-479] Binary timing data restore complete.
INFO: [Project 1-856] Restoring constraints from binary archive.
INFO: [Project 1-853] Binary constraint restore complete.
Reading XDEF placement.
Reading placer database...
Reading XDEF routing.
Read XDEF Files: Time (s): cpu = 00:00:01 ; elapsed = 00:00:00.508 . Memory (MB): peak = 2754.918 ; gain = 0.000
Restored from archive | CPU: 1.000000 secs | Memory: 0.000000 MB |
Finished XDEF File Restore: Time (s): cpu = 00:00:01 ; elapsed = 00:00:00.509 . Memory (MB): peak = 2754.918 ; gain = 0.000
Generating merged BMM file for the design top 'mb_usb_hdmi_top'...
INFO: [Memdata 28-144] Successfully populated the BRAM INIT strings from the following elf files: c:/Users/curti/OneDrive/Documents/UIUC/ECE-385/Vivado_Projects/lab_6_2/lab_6.gen/sources_1/bd/mb_block/ip/mb_block_microblaze_0_0/data/mb_bootloop_le.elf 
Netlist sorting complete. Time (s): cpu = 00:00:00 ; elapsed = 00:00:00.009 . Memory (MB): peak = 2754.918 ; gain = 0.000
INFO: [Project 1-111] Unisim Transformation Summary:
  A total of 246 instances were transformed.
  LUT6_2 => LUT6_2 (LUT5, LUT6): 143 instances
  RAM16X1D => RAM32X1D (RAMD32(x2)): 32 instances
  RAM32M => RAM32M (RAMD32(x6), RAMS32(x2)): 2 instances
  RAM32X1D => RAM32X1D (RAMD32(x2)): 68 instances
  SRLC16E => SRL16E: 1 instance 

open_run: Time (s): cpu = 00:00:11 ; elapsed = 00:00:12 . Memory (MB): peak = 2908.145 ; gain = 774.988
launch_runs impl_1 -to_step write_bitstream -jobs 10
[Thu Oct 24 01:59:02 2024] Launched impl_1...
Run output will be captured here: C:/Users/curti/OneDrive/Documents/UIUC/ECE-385/Vivado_Projects/lab_6_2/lab_6.runs/impl_1/runme.log
