
*** Running vivado
    with args -log hdmi_text_controller_v1_0.vds -m64 -product Vivado -mode batch -messageDb vivado.pb -notrace -source hdmi_text_controller_v1_0.tcl



****** Vivado v2022.2 (64-bit)
  **** SW Build 3671981 on Fri Oct 14 05:00:03 MDT 2022
  **** IP Build 3669848 on Fri Oct 14 08:30:02 MDT 2022
    ** Copyright 1986-2022 Xilinx, Inc. All Rights Reserved.

source hdmi_text_controller_v1_0.tcl -notrace
INFO: [IP_Flow 19-234] Refreshing IP repositories
INFO: [IP_Flow 19-1700] Loaded user IP repository 'c:/Users/curti/OneDrive/Documents/UIUC/ECE-385/Vivado_Projects/ip_repo/hdmi_text_controller_1_0'.
INFO: [IP_Flow 19-1700] Loaded user IP repository 'c:/Users/curti/OneDrive/Documents/UIUC/ECE-385/Vivado_Projects/lab7_1/lab7_1_provided_fa24/hdmi_tx_1.0'.
INFO: [IP_Flow 19-2313] Loaded Vivado IP repository 'C:/Xilinx/Vivado/2022.2/data/ip'.
WARNING: [IP_Flow 19-4995] The host OS only allows 260 characters in a normal path. The IP cache path is more than 80 characters. If you experience issues with IP caching, please consider changing the IP cache to a location with a shorter path. Alternately consider using the OS subst command to map part of the path to a drive letter. 
Current IP cache path is c:/Users/curti/OneDrive/Documents/UIUC/ECE-385/Vivado_Projects/lab7_1/lab7_1.cache/ip 
Command: read_checkpoint -auto_incremental -incremental C:/Users/curti/OneDrive/Documents/UIUC/ECE-385/Vivado_Projects/lab7_1/lab7_1.srcs/utils_1/imports/synth_1/mb_usb_hdmi_top.dcp
INFO: [Vivado 12-5825] Read reference checkpoint from C:/Users/curti/OneDrive/Documents/UIUC/ECE-385/Vivado_Projects/lab7_1/lab7_1.srcs/utils_1/imports/synth_1/mb_usb_hdmi_top.dcp for incremental synthesis
INFO: [Vivado 12-7989] Please ensure there are no constraint changes
Command: synth_design -top hdmi_text_controller_v1_0 -part xc7s50csga324-1
Starting synth_design
Attempting to get a license for feature 'Synthesis' and/or device 'xc7s50'
INFO: [Common 17-349] Got license for feature 'Synthesis' and/or device 'xc7s50'
INFO: [Device 21-403] Loading part xc7s50csga324-1
INFO: [Synth 8-7079] Multithreading enabled for synth_design using a maximum of 2 processes.
INFO: [Synth 8-7078] Launching helper process for spawning children vivado processes
INFO: [Synth 8-7075] Helper process launched with PID 30132
INFO: [Synth 8-11241] undeclared symbol 'REGCCE', assumed default net type 'wire' [C:/Xilinx/Vivado/2022.2/data/verilog/src/unimacro/BRAM_SINGLE_MACRO.v:2170]
---------------------------------------------------------------------------------
Starting RTL Elaboration : Time (s): cpu = 00:00:03 ; elapsed = 00:00:04 . Memory (MB): peak = 1186.930 ; gain = 407.258
---------------------------------------------------------------------------------
INFO: [Synth 8-6157] synthesizing module 'hdmi_text_controller_v1_0' [C:/Users/curti/OneDrive/Documents/UIUC/ECE-385/Vivado_Projects/lab7_1/lab7_1_provided_fa24/hdmi_text_controller_v1_0.sv:10]
INFO: [Synth 8-6157] synthesizing module 'hdmi_text_controller_v1_0_AXI' [C:/Users/curti/OneDrive/Documents/UIUC/ECE-385/Vivado_Projects/lab7_1/lab7_1_provided_fa24/hdmi_text_controller_v1_0_AXI.sv:28]
	Parameter C_S_AXI_DATA_WIDTH bound to: 32 - type: integer 
	Parameter C_S_AXI_ADDR_WIDTH bound to: 4 - type: integer 
INFO: [Synth 8-6155] done synthesizing module 'hdmi_text_controller_v1_0_AXI' (0#1) [C:/Users/curti/OneDrive/Documents/UIUC/ECE-385/Vivado_Projects/lab7_1/lab7_1_provided_fa24/hdmi_text_controller_v1_0_AXI.sv:28]
INFO: [Synth 8-6157] synthesizing module 'clk_wiz_0' [C:/Users/curti/OneDrive/Documents/UIUC/ECE-385/Vivado_Projects/lab7_1/lab7_1.runs/synth_1/.Xil/Vivado-29208-Curtis-Laptop/realtime/clk_wiz_0_stub.v:5]
INFO: [Synth 8-6155] done synthesizing module 'clk_wiz_0' (0#1) [C:/Users/curti/OneDrive/Documents/UIUC/ECE-385/Vivado_Projects/lab7_1/lab7_1.runs/synth_1/.Xil/Vivado-29208-Curtis-Laptop/realtime/clk_wiz_0_stub.v:5]
INFO: [Synth 8-6157] synthesizing module 'vga_controller' [C:/Users/curti/OneDrive/Documents/UIUC/ECE-385/Vivado_Projects/lab7_1/lab7_1_provided_fa24/VGA_controller.sv:26]
INFO: [Synth 8-6155] done synthesizing module 'vga_controller' (0#1) [C:/Users/curti/OneDrive/Documents/UIUC/ECE-385/Vivado_Projects/lab7_1/lab7_1_provided_fa24/VGA_controller.sv:26]
WARNING: [Synth 8-7071] port 'sync' of module 'vga_controller' is unconnected for instance 'vga' [C:/Users/curti/OneDrive/Documents/UIUC/ECE-385/Vivado_Projects/lab7_1/lab7_1_provided_fa24/hdmi_text_controller_v1_0.sv:112]
WARNING: [Synth 8-7023] instance 'vga' of module 'vga_controller' has 8 connections declared, but only 7 given [C:/Users/curti/OneDrive/Documents/UIUC/ECE-385/Vivado_Projects/lab7_1/lab7_1_provided_fa24/hdmi_text_controller_v1_0.sv:112]
INFO: [Synth 8-6157] synthesizing module 'hdmi_tx_0' [C:/Users/curti/OneDrive/Documents/UIUC/ECE-385/Vivado_Projects/lab7_1/lab7_1.runs/synth_1/.Xil/Vivado-29208-Curtis-Laptop/realtime/hdmi_tx_0_stub.v:5]
INFO: [Synth 8-6155] done synthesizing module 'hdmi_tx_0' (0#1) [C:/Users/curti/OneDrive/Documents/UIUC/ECE-385/Vivado_Projects/lab7_1/lab7_1.runs/synth_1/.Xil/Vivado-29208-Curtis-Laptop/realtime/hdmi_tx_0_stub.v:5]
INFO: [Synth 8-6155] done synthesizing module 'hdmi_text_controller_v1_0' (0#1) [C:/Users/curti/OneDrive/Documents/UIUC/ECE-385/Vivado_Projects/lab7_1/lab7_1_provided_fa24/hdmi_text_controller_v1_0.sv:10]
WARNING: [Synth 8-6014] Unused sequential element slv_regs_reg[4] was removed.  [C:/Users/curti/OneDrive/Documents/UIUC/ECE-385/Vivado_Projects/lab7_1/lab7_1_provided_fa24/hdmi_text_controller_v1_0_AXI.sv:252]
WARNING: [Synth 8-6014] Unused sequential element slv_regs_reg[5] was removed.  [C:/Users/curti/OneDrive/Documents/UIUC/ECE-385/Vivado_Projects/lab7_1/lab7_1_provided_fa24/hdmi_text_controller_v1_0_AXI.sv:252]
WARNING: [Synth 8-6014] Unused sequential element slv_regs_reg[6] was removed.  [C:/Users/curti/OneDrive/Documents/UIUC/ECE-385/Vivado_Projects/lab7_1/lab7_1_provided_fa24/hdmi_text_controller_v1_0_AXI.sv:252]
WARNING: [Synth 8-6014] Unused sequential element slv_regs_reg[7] was removed.  [C:/Users/curti/OneDrive/Documents/UIUC/ECE-385/Vivado_Projects/lab7_1/lab7_1_provided_fa24/hdmi_text_controller_v1_0_AXI.sv:252]
WARNING: [Synth 8-6014] Unused sequential element slv_regs_reg[8] was removed.  [C:/Users/curti/OneDrive/Documents/UIUC/ECE-385/Vivado_Projects/lab7_1/lab7_1_provided_fa24/hdmi_text_controller_v1_0_AXI.sv:252]
WARNING: [Synth 8-6014] Unused sequential element slv_regs_reg[9] was removed.  [C:/Users/curti/OneDrive/Documents/UIUC/ECE-385/Vivado_Projects/lab7_1/lab7_1_provided_fa24/hdmi_text_controller_v1_0_AXI.sv:252]
WARNING: [Synth 8-6014] Unused sequential element slv_regs_reg[10] was removed.  [C:/Users/curti/OneDrive/Documents/UIUC/ECE-385/Vivado_Projects/lab7_1/lab7_1_provided_fa24/hdmi_text_controller_v1_0_AXI.sv:252]
WARNING: [Synth 8-6014] Unused sequential element slv_regs_reg[11] was removed.  [C:/Users/curti/OneDrive/Documents/UIUC/ECE-385/Vivado_Projects/lab7_1/lab7_1_provided_fa24/hdmi_text_controller_v1_0_AXI.sv:252]
WARNING: [Synth 8-6014] Unused sequential element slv_regs_reg[12] was removed.  [C:/Users/curti/OneDrive/Documents/UIUC/ECE-385/Vivado_Projects/lab7_1/lab7_1_provided_fa24/hdmi_text_controller_v1_0_AXI.sv:252]
WARNING: [Synth 8-6014] Unused sequential element slv_regs_reg[13] was removed.  [C:/Users/curti/OneDrive/Documents/UIUC/ECE-385/Vivado_Projects/lab7_1/lab7_1_provided_fa24/hdmi_text_controller_v1_0_AXI.sv:252]
WARNING: [Synth 8-6014] Unused sequential element slv_regs_reg[14] was removed.  [C:/Users/curti/OneDrive/Documents/UIUC/ECE-385/Vivado_Projects/lab7_1/lab7_1_provided_fa24/hdmi_text_controller_v1_0_AXI.sv:252]
WARNING: [Synth 8-6014] Unused sequential element slv_regs_reg[15] was removed.  [C:/Users/curti/OneDrive/Documents/UIUC/ECE-385/Vivado_Projects/lab7_1/lab7_1_provided_fa24/hdmi_text_controller_v1_0_AXI.sv:252]
WARNING: [Synth 8-3848] Net red in module/entity hdmi_text_controller_v1_0 does not have driver. [C:/Users/curti/OneDrive/Documents/UIUC/ECE-385/Vivado_Projects/lab7_1/lab7_1_provided_fa24/hdmi_text_controller_v1_0.sv:63]
WARNING: [Synth 8-3848] Net green in module/entity hdmi_text_controller_v1_0 does not have driver. [C:/Users/curti/OneDrive/Documents/UIUC/ECE-385/Vivado_Projects/lab7_1/lab7_1_provided_fa24/hdmi_text_controller_v1_0.sv:63]
WARNING: [Synth 8-3848] Net blue in module/entity hdmi_text_controller_v1_0 does not have driver. [C:/Users/curti/OneDrive/Documents/UIUC/ECE-385/Vivado_Projects/lab7_1/lab7_1_provided_fa24/hdmi_text_controller_v1_0.sv:63]
WARNING: [Synth 8-7129] Port S_AXI_AWPROT[2] in module hdmi_text_controller_v1_0_AXI is either unconnected or has no load
WARNING: [Synth 8-7129] Port S_AXI_AWPROT[1] in module hdmi_text_controller_v1_0_AXI is either unconnected or has no load
WARNING: [Synth 8-7129] Port S_AXI_AWPROT[0] in module hdmi_text_controller_v1_0_AXI is either unconnected or has no load
WARNING: [Synth 8-7129] Port S_AXI_ARPROT[2] in module hdmi_text_controller_v1_0_AXI is either unconnected or has no load
WARNING: [Synth 8-7129] Port S_AXI_ARPROT[1] in module hdmi_text_controller_v1_0_AXI is either unconnected or has no load
WARNING: [Synth 8-7129] Port S_AXI_ARPROT[0] in module hdmi_text_controller_v1_0_AXI is either unconnected or has no load
---------------------------------------------------------------------------------
Finished RTL Elaboration : Time (s): cpu = 00:00:04 ; elapsed = 00:00:05 . Memory (MB): peak = 1281.195 ; gain = 501.523
---------------------------------------------------------------------------------
---------------------------------------------------------------------------------
Start Handling Custom Attributes
---------------------------------------------------------------------------------
---------------------------------------------------------------------------------
Finished Handling Custom Attributes : Time (s): cpu = 00:00:04 ; elapsed = 00:00:05 . Memory (MB): peak = 1281.195 ; gain = 501.523
---------------------------------------------------------------------------------
---------------------------------------------------------------------------------
Finished RTL Optimization Phase 1 : Time (s): cpu = 00:00:04 ; elapsed = 00:00:05 . Memory (MB): peak = 1281.195 ; gain = 501.523
---------------------------------------------------------------------------------
Netlist sorting complete. Time (s): cpu = 00:00:00 ; elapsed = 00:00:00.005 . Memory (MB): peak = 1281.195 ; gain = 0.000
INFO: [Project 1-570] Preparing netlist for logic optimization

Processing XDC Constraints
Initializing timing engine
Parsing XDC File [c:/Users/curti/OneDrive/Documents/UIUC/ECE-385/Vivado_Projects/lab7_1/lab7_1.gen/sources_1/ip/hdmi_tx_0/hdmi_tx_0/hdmi_tx_0_in_context.xdc] for cell 'vga_to_hdmi'
Finished Parsing XDC File [c:/Users/curti/OneDrive/Documents/UIUC/ECE-385/Vivado_Projects/lab7_1/lab7_1.gen/sources_1/ip/hdmi_tx_0/hdmi_tx_0/hdmi_tx_0_in_context.xdc] for cell 'vga_to_hdmi'
Parsing XDC File [c:/Users/curti/OneDrive/Documents/UIUC/ECE-385/Vivado_Projects/lab7_1/lab7_1.gen/sources_1/ip/clk_wiz_0/clk_wiz_0/clk_wiz_0_in_context.xdc] for cell 'clk_wiz'
Finished Parsing XDC File [c:/Users/curti/OneDrive/Documents/UIUC/ECE-385/Vivado_Projects/lab7_1/lab7_1.gen/sources_1/ip/clk_wiz_0/clk_wiz_0/clk_wiz_0_in_context.xdc] for cell 'clk_wiz'
Parsing XDC File [C:/Users/curti/OneDrive/Documents/UIUC/ECE-385/Vivado_Projects/lab7_1/lab7_1_provided_fa24/mb_usb_hdmi_top.xdc]
CRITICAL WARNING: [Constraints 18-1056] Clock 'clk_100' completely overrides clock 'Clk'.
New: create_clock -period 10.000 -name clk_100 -waveform {0.000 5.000} [get_ports Clk], [C:/Users/curti/OneDrive/Documents/UIUC/ECE-385/Vivado_Projects/lab7_1/lab7_1_provided_fa24/mb_usb_hdmi_top.xdc:1]
Previous: create_clock -period 10.000 [get_ports Clk], [c:/Users/curti/OneDrive/Documents/UIUC/ECE-385/Vivado_Projects/lab7_1/lab7_1.gen/sources_1/ip/clk_wiz_0/clk_wiz_0/clk_wiz_0_in_context.xdc:1]
Resolution: Review the constraint files and remove the redundant clock definition(s). If the clock constraints are not saved in a file, you can first save the constraints to an XDC file and reload the design once the constraints have been corrected.
WARNING: [Vivado 12-584] No ports matched 'uart_rtl_0_rxd'. [C:/Users/curti/OneDrive/Documents/UIUC/ECE-385/Vivado_Projects/lab7_1/lab7_1_provided_fa24/mb_usb_hdmi_top.xdc:5]
WARNING: [Vivado 12-584] No ports matched 'uart_rtl_0_txd'. [C:/Users/curti/OneDrive/Documents/UIUC/ECE-385/Vivado_Projects/lab7_1/lab7_1_provided_fa24/mb_usb_hdmi_top.xdc:6]
WARNING: [Vivado 12-584] No ports matched 'uart_rtl_0_rxd'. [C:/Users/curti/OneDrive/Documents/UIUC/ECE-385/Vivado_Projects/lab7_1/lab7_1_provided_fa24/mb_usb_hdmi_top.xdc:9]
WARNING: [Vivado 12-584] No ports matched 'uart_rtl_0_txd'. [C:/Users/curti/OneDrive/Documents/UIUC/ECE-385/Vivado_Projects/lab7_1/lab7_1_provided_fa24/mb_usb_hdmi_top.xdc:10]
WARNING: [Vivado 12-584] No ports matched 'gpio_usb_int_tri_i[0]'. [C:/Users/curti/OneDrive/Documents/UIUC/ECE-385/Vivado_Projects/lab7_1/lab7_1_provided_fa24/mb_usb_hdmi_top.xdc:12]
WARNING: [Vivado 12-584] No ports matched 'usb_spi_miso'. [C:/Users/curti/OneDrive/Documents/UIUC/ECE-385/Vivado_Projects/lab7_1/lab7_1_provided_fa24/mb_usb_hdmi_top.xdc:13]
WARNING: [Vivado 12-584] No ports matched 'usb_spi_mosi'. [C:/Users/curti/OneDrive/Documents/UIUC/ECE-385/Vivado_Projects/lab7_1/lab7_1_provided_fa24/mb_usb_hdmi_top.xdc:14]
WARNING: [Vivado 12-584] No ports matched 'usb_spi_sclk'. [C:/Users/curti/OneDrive/Documents/UIUC/ECE-385/Vivado_Projects/lab7_1/lab7_1_provided_fa24/mb_usb_hdmi_top.xdc:15]
WARNING: [Vivado 12-584] No ports matched 'gpio_usb_int_tri_i[0]'. [C:/Users/curti/OneDrive/Documents/UIUC/ECE-385/Vivado_Projects/lab7_1/lab7_1_provided_fa24/mb_usb_hdmi_top.xdc:16]
WARNING: [Vivado 12-584] No ports matched 'usb_spi_sclk'. [C:/Users/curti/OneDrive/Documents/UIUC/ECE-385/Vivado_Projects/lab7_1/lab7_1_provided_fa24/mb_usb_hdmi_top.xdc:17]
WARNING: [Vivado 12-584] No ports matched 'usb_spi_mosi'. [C:/Users/curti/OneDrive/Documents/UIUC/ECE-385/Vivado_Projects/lab7_1/lab7_1_provided_fa24/mb_usb_hdmi_top.xdc:18]
WARNING: [Vivado 12-584] No ports matched 'usb_spi_miso'. [C:/Users/curti/OneDrive/Documents/UIUC/ECE-385/Vivado_Projects/lab7_1/lab7_1_provided_fa24/mb_usb_hdmi_top.xdc:19]
WARNING: [Vivado 12-584] No ports matched 'gpio_usb_rst_tri_o'. [C:/Users/curti/OneDrive/Documents/UIUC/ECE-385/Vivado_Projects/lab7_1/lab7_1_provided_fa24/mb_usb_hdmi_top.xdc:21]
WARNING: [Vivado 12-584] No ports matched 'gpio_usb_rst_tri_o'. [C:/Users/curti/OneDrive/Documents/UIUC/ECE-385/Vivado_Projects/lab7_1/lab7_1_provided_fa24/mb_usb_hdmi_top.xdc:22]
WARNING: [Vivado 12-584] No ports matched 'usb_spi_ss'. [C:/Users/curti/OneDrive/Documents/UIUC/ECE-385/Vivado_Projects/lab7_1/lab7_1_provided_fa24/mb_usb_hdmi_top.xdc:23]
WARNING: [Vivado 12-584] No ports matched 'usb_spi_ss'. [C:/Users/curti/OneDrive/Documents/UIUC/ECE-385/Vivado_Projects/lab7_1/lab7_1_provided_fa24/mb_usb_hdmi_top.xdc:24]
WARNING: [Vivado 12-584] No ports matched 'hex_gridA[3]'. [C:/Users/curti/OneDrive/Documents/UIUC/ECE-385/Vivado_Projects/lab7_1/lab7_1_provided_fa24/mb_usb_hdmi_top.xdc:27]
WARNING: [Vivado 12-584] No ports matched 'hex_gridA[2]'. [C:/Users/curti/OneDrive/Documents/UIUC/ECE-385/Vivado_Projects/lab7_1/lab7_1_provided_fa24/mb_usb_hdmi_top.xdc:28]
WARNING: [Vivado 12-584] No ports matched 'hex_gridA[1]'. [C:/Users/curti/OneDrive/Documents/UIUC/ECE-385/Vivado_Projects/lab7_1/lab7_1_provided_fa24/mb_usb_hdmi_top.xdc:29]
WARNING: [Vivado 12-584] No ports matched 'hex_gridA[0]'. [C:/Users/curti/OneDrive/Documents/UIUC/ECE-385/Vivado_Projects/lab7_1/lab7_1_provided_fa24/mb_usb_hdmi_top.xdc:30]
WARNING: [Vivado 12-584] No ports matched 'hex_gridB[3]'. [C:/Users/curti/OneDrive/Documents/UIUC/ECE-385/Vivado_Projects/lab7_1/lab7_1_provided_fa24/mb_usb_hdmi_top.xdc:31]
WARNING: [Vivado 12-584] No ports matched 'hex_gridB[2]'. [C:/Users/curti/OneDrive/Documents/UIUC/ECE-385/Vivado_Projects/lab7_1/lab7_1_provided_fa24/mb_usb_hdmi_top.xdc:32]
WARNING: [Vivado 12-584] No ports matched 'hex_gridB[1]'. [C:/Users/curti/OneDrive/Documents/UIUC/ECE-385/Vivado_Projects/lab7_1/lab7_1_provided_fa24/mb_usb_hdmi_top.xdc:33]
WARNING: [Vivado 12-584] No ports matched 'hex_gridB[0]'. [C:/Users/curti/OneDrive/Documents/UIUC/ECE-385/Vivado_Projects/lab7_1/lab7_1_provided_fa24/mb_usb_hdmi_top.xdc:34]
WARNING: [Vivado 12-584] No ports matched 'hex_segA[7]'. [C:/Users/curti/OneDrive/Documents/UIUC/ECE-385/Vivado_Projects/lab7_1/lab7_1_provided_fa24/mb_usb_hdmi_top.xdc:35]
WARNING: [Vivado 12-584] No ports matched 'hex_segA[6]'. [C:/Users/curti/OneDrive/Documents/UIUC/ECE-385/Vivado_Projects/lab7_1/lab7_1_provided_fa24/mb_usb_hdmi_top.xdc:36]
WARNING: [Vivado 12-584] No ports matched 'hex_segA[5]'. [C:/Users/curti/OneDrive/Documents/UIUC/ECE-385/Vivado_Projects/lab7_1/lab7_1_provided_fa24/mb_usb_hdmi_top.xdc:37]
WARNING: [Vivado 12-584] No ports matched 'hex_segA[4]'. [C:/Users/curti/OneDrive/Documents/UIUC/ECE-385/Vivado_Projects/lab7_1/lab7_1_provided_fa24/mb_usb_hdmi_top.xdc:38]
WARNING: [Vivado 12-584] No ports matched 'hex_segA[3]'. [C:/Users/curti/OneDrive/Documents/UIUC/ECE-385/Vivado_Projects/lab7_1/lab7_1_provided_fa24/mb_usb_hdmi_top.xdc:39]
WARNING: [Vivado 12-584] No ports matched 'hex_segA[2]'. [C:/Users/curti/OneDrive/Documents/UIUC/ECE-385/Vivado_Projects/lab7_1/lab7_1_provided_fa24/mb_usb_hdmi_top.xdc:40]
WARNING: [Vivado 12-584] No ports matched 'hex_segA[1]'. [C:/Users/curti/OneDrive/Documents/UIUC/ECE-385/Vivado_Projects/lab7_1/lab7_1_provided_fa24/mb_usb_hdmi_top.xdc:41]
WARNING: [Vivado 12-584] No ports matched 'hex_segA[0]'. [C:/Users/curti/OneDrive/Documents/UIUC/ECE-385/Vivado_Projects/lab7_1/lab7_1_provided_fa24/mb_usb_hdmi_top.xdc:42]
WARNING: [Vivado 12-584] No ports matched 'hex_segB[7]'. [C:/Users/curti/OneDrive/Documents/UIUC/ECE-385/Vivado_Projects/lab7_1/lab7_1_provided_fa24/mb_usb_hdmi_top.xdc:43]
WARNING: [Vivado 12-584] No ports matched 'hex_segB[6]'. [C:/Users/curti/OneDrive/Documents/UIUC/ECE-385/Vivado_Projects/lab7_1/lab7_1_provided_fa24/mb_usb_hdmi_top.xdc:44]
WARNING: [Vivado 12-584] No ports matched 'hex_segB[5]'. [C:/Users/curti/OneDrive/Documents/UIUC/ECE-385/Vivado_Projects/lab7_1/lab7_1_provided_fa24/mb_usb_hdmi_top.xdc:45]
WARNING: [Vivado 12-584] No ports matched 'hex_segB[4]'. [C:/Users/curti/OneDrive/Documents/UIUC/ECE-385/Vivado_Projects/lab7_1/lab7_1_provided_fa24/mb_usb_hdmi_top.xdc:46]
WARNING: [Vivado 12-584] No ports matched 'hex_segB[3]'. [C:/Users/curti/OneDrive/Documents/UIUC/ECE-385/Vivado_Projects/lab7_1/lab7_1_provided_fa24/mb_usb_hdmi_top.xdc:47]
WARNING: [Vivado 12-584] No ports matched 'hex_segB[2]'. [C:/Users/curti/OneDrive/Documents/UIUC/ECE-385/Vivado_Projects/lab7_1/lab7_1_provided_fa24/mb_usb_hdmi_top.xdc:48]
WARNING: [Vivado 12-584] No ports matched 'hex_segB[1]'. [C:/Users/curti/OneDrive/Documents/UIUC/ECE-385/Vivado_Projects/lab7_1/lab7_1_provided_fa24/mb_usb_hdmi_top.xdc:49]
WARNING: [Vivado 12-584] No ports matched 'hex_segB[0]'. [C:/Users/curti/OneDrive/Documents/UIUC/ECE-385/Vivado_Projects/lab7_1/lab7_1_provided_fa24/mb_usb_hdmi_top.xdc:50]
WARNING: [Vivado 12-584] No ports matched 'hex_gridA[0]'. [C:/Users/curti/OneDrive/Documents/UIUC/ECE-385/Vivado_Projects/lab7_1/lab7_1_provided_fa24/mb_usb_hdmi_top.xdc:51]
WARNING: [Vivado 12-584] No ports matched 'hex_gridA[1]'. [C:/Users/curti/OneDrive/Documents/UIUC/ECE-385/Vivado_Projects/lab7_1/lab7_1_provided_fa24/mb_usb_hdmi_top.xdc:52]
WARNING: [Vivado 12-584] No ports matched 'hex_gridA[2]'. [C:/Users/curti/OneDrive/Documents/UIUC/ECE-385/Vivado_Projects/lab7_1/lab7_1_provided_fa24/mb_usb_hdmi_top.xdc:53]
WARNING: [Vivado 12-584] No ports matched 'hex_gridA[3]'. [C:/Users/curti/OneDrive/Documents/UIUC/ECE-385/Vivado_Projects/lab7_1/lab7_1_provided_fa24/mb_usb_hdmi_top.xdc:54]
WARNING: [Vivado 12-584] No ports matched 'hex_segA[0]'. [C:/Users/curti/OneDrive/Documents/UIUC/ECE-385/Vivado_Projects/lab7_1/lab7_1_provided_fa24/mb_usb_hdmi_top.xdc:55]
WARNING: [Vivado 12-584] No ports matched 'hex_segA[1]'. [C:/Users/curti/OneDrive/Documents/UIUC/ECE-385/Vivado_Projects/lab7_1/lab7_1_provided_fa24/mb_usb_hdmi_top.xdc:56]
WARNING: [Vivado 12-584] No ports matched 'hex_segA[2]'. [C:/Users/curti/OneDrive/Documents/UIUC/ECE-385/Vivado_Projects/lab7_1/lab7_1_provided_fa24/mb_usb_hdmi_top.xdc:57]
WARNING: [Vivado 12-584] No ports matched 'hex_segA[3]'. [C:/Users/curti/OneDrive/Documents/UIUC/ECE-385/Vivado_Projects/lab7_1/lab7_1_provided_fa24/mb_usb_hdmi_top.xdc:58]
WARNING: [Vivado 12-584] No ports matched 'hex_segA[4]'. [C:/Users/curti/OneDrive/Documents/UIUC/ECE-385/Vivado_Projects/lab7_1/lab7_1_provided_fa24/mb_usb_hdmi_top.xdc:59]
WARNING: [Vivado 12-584] No ports matched 'hex_segA[5]'. [C:/Users/curti/OneDrive/Documents/UIUC/ECE-385/Vivado_Projects/lab7_1/lab7_1_provided_fa24/mb_usb_hdmi_top.xdc:60]
WARNING: [Vivado 12-584] No ports matched 'hex_segA[6]'. [C:/Users/curti/OneDrive/Documents/UIUC/ECE-385/Vivado_Projects/lab7_1/lab7_1_provided_fa24/mb_usb_hdmi_top.xdc:61]
WARNING: [Vivado 12-584] No ports matched 'hex_segA[7]'. [C:/Users/curti/OneDrive/Documents/UIUC/ECE-385/Vivado_Projects/lab7_1/lab7_1_provided_fa24/mb_usb_hdmi_top.xdc:62]
WARNING: [Vivado 12-584] No ports matched 'hex_segB[0]'. [C:/Users/curti/OneDrive/Documents/UIUC/ECE-385/Vivado_Projects/lab7_1/lab7_1_provided_fa24/mb_usb_hdmi_top.xdc:63]
WARNING: [Vivado 12-584] No ports matched 'hex_segB[1]'. [C:/Users/curti/OneDrive/Documents/UIUC/ECE-385/Vivado_Projects/lab7_1/lab7_1_provided_fa24/mb_usb_hdmi_top.xdc:64]
WARNING: [Vivado 12-584] No ports matched 'hex_segB[2]'. [C:/Users/curti/OneDrive/Documents/UIUC/ECE-385/Vivado_Projects/lab7_1/lab7_1_provided_fa24/mb_usb_hdmi_top.xdc:65]
WARNING: [Vivado 12-584] No ports matched 'hex_segB[3]'. [C:/Users/curti/OneDrive/Documents/UIUC/ECE-385/Vivado_Projects/lab7_1/lab7_1_provided_fa24/mb_usb_hdmi_top.xdc:66]
WARNING: [Vivado 12-584] No ports matched 'hex_segB[4]'. [C:/Users/curti/OneDrive/Documents/UIUC/ECE-385/Vivado_Projects/lab7_1/lab7_1_provided_fa24/mb_usb_hdmi_top.xdc:67]
WARNING: [Vivado 12-584] No ports matched 'hex_segB[5]'. [C:/Users/curti/OneDrive/Documents/UIUC/ECE-385/Vivado_Projects/lab7_1/lab7_1_provided_fa24/mb_usb_hdmi_top.xdc:68]
WARNING: [Vivado 12-584] No ports matched 'hex_segB[6]'. [C:/Users/curti/OneDrive/Documents/UIUC/ECE-385/Vivado_Projects/lab7_1/lab7_1_provided_fa24/mb_usb_hdmi_top.xdc:69]
WARNING: [Vivado 12-584] No ports matched 'hex_segB[7]'. [C:/Users/curti/OneDrive/Documents/UIUC/ECE-385/Vivado_Projects/lab7_1/lab7_1_provided_fa24/mb_usb_hdmi_top.xdc:70]
WARNING: [Vivado 12-584] No ports matched 'hex_gridB[0]'. [C:/Users/curti/OneDrive/Documents/UIUC/ECE-385/Vivado_Projects/lab7_1/lab7_1_provided_fa24/mb_usb_hdmi_top.xdc:71]
WARNING: [Vivado 12-584] No ports matched 'hex_gridB[1]'. [C:/Users/curti/OneDrive/Documents/UIUC/ECE-385/Vivado_Projects/lab7_1/lab7_1_provided_fa24/mb_usb_hdmi_top.xdc:72]
WARNING: [Vivado 12-584] No ports matched 'hex_gridB[2]'. [C:/Users/curti/OneDrive/Documents/UIUC/ECE-385/Vivado_Projects/lab7_1/lab7_1_provided_fa24/mb_usb_hdmi_top.xdc:73]
WARNING: [Vivado 12-584] No ports matched 'hex_gridB[3]'. [C:/Users/curti/OneDrive/Documents/UIUC/ECE-385/Vivado_Projects/lab7_1/lab7_1_provided_fa24/mb_usb_hdmi_top.xdc:74]
Finished Parsing XDC File [C:/Users/curti/OneDrive/Documents/UIUC/ECE-385/Vivado_Projects/lab7_1/lab7_1_provided_fa24/mb_usb_hdmi_top.xdc]
WARNING: [Project 1-498] One or more constraints failed evaluation while reading constraint file [C:/Users/curti/OneDrive/Documents/UIUC/ECE-385/Vivado_Projects/lab7_1/lab7_1_provided_fa24/mb_usb_hdmi_top.xdc] and the design contains unresolved black boxes. These constraints will be read post-synthesis (as long as their source constraint file is marked as used_in_implementation) and should be applied correctly then. You should review the constraints listed in the file [.Xil/hdmi_text_controller_v1_0_propImpl.xdc] and check the run log file to verify that these constraints were correctly applied.
INFO: [Project 1-236] Implementation specific constraints were found while reading constraint file [C:/Users/curti/OneDrive/Documents/UIUC/ECE-385/Vivado_Projects/lab7_1/lab7_1_provided_fa24/mb_usb_hdmi_top.xdc]. These constraints will be ignored for synthesis but will be used in implementation. Impacted constraints are listed in the file [.Xil/hdmi_text_controller_v1_0_propImpl.xdc].
Resolution: To avoid this warning, move constraints listed in [.Xil/hdmi_text_controller_v1_0_propImpl.xdc] to another XDC file and exclude this new file from synthesis with the used_in_synthesis property (File Properties dialog in GUI) and re-run elaboration/synthesis.
Completed Processing XDC Constraints

Netlist sorting complete. Time (s): cpu = 00:00:00 ; elapsed = 00:00:00 . Memory (MB): peak = 1336.574 ; gain = 0.000
INFO: [Project 1-111] Unisim Transformation Summary:
No Unisim elements were transformed.

Constraint Validation Runtime : Time (s): cpu = 00:00:00 ; elapsed = 00:00:00.003 . Memory (MB): peak = 1336.574 ; gain = 0.000
INFO: [Synth 8-11241] undeclared symbol 'REGCCE', assumed default net type 'wire' [C:/Xilinx/Vivado/2022.2/data/verilog/src/unimacro/BRAM_SINGLE_MACRO.v:2170]
---------------------------------------------------------------------------------
Finished Constraint Validation : Time (s): cpu = 00:00:09 ; elapsed = 00:00:10 . Memory (MB): peak = 1336.574 ; gain = 556.902
---------------------------------------------------------------------------------
---------------------------------------------------------------------------------
Start Loading Part and Timing Information
---------------------------------------------------------------------------------
Loading part: xc7s50csga324-1
---------------------------------------------------------------------------------
Finished Loading Part and Timing Information : Time (s): cpu = 00:00:09 ; elapsed = 00:00:10 . Memory (MB): peak = 1336.574 ; gain = 556.902
---------------------------------------------------------------------------------
---------------------------------------------------------------------------------
Start Applying 'set_property' XDC Constraints
---------------------------------------------------------------------------------
Applied set_property IO_BUFFER_TYPE = NONE for hdmi_tmds_clk_n. (constraint file  c:/Users/curti/OneDrive/Documents/UIUC/ECE-385/Vivado_Projects/lab7_1/lab7_1.gen/sources_1/ip/hdmi_tx_0/hdmi_tx_0/hdmi_tx_0_in_context.xdc, line 1).
Applied set_property CLOCK_BUFFER_TYPE = NONE for hdmi_tmds_clk_n. (constraint file  c:/Users/curti/OneDrive/Documents/UIUC/ECE-385/Vivado_Projects/lab7_1/lab7_1.gen/sources_1/ip/hdmi_tx_0/hdmi_tx_0/hdmi_tx_0_in_context.xdc, line 2).
Applied set_property IO_BUFFER_TYPE = NONE for hdmi_tmds_clk_p. (constraint file  c:/Users/curti/OneDrive/Documents/UIUC/ECE-385/Vivado_Projects/lab7_1/lab7_1.gen/sources_1/ip/hdmi_tx_0/hdmi_tx_0/hdmi_tx_0_in_context.xdc, line 3).
Applied set_property CLOCK_BUFFER_TYPE = NONE for hdmi_tmds_clk_p. (constraint file  c:/Users/curti/OneDrive/Documents/UIUC/ECE-385/Vivado_Projects/lab7_1/lab7_1.gen/sources_1/ip/hdmi_tx_0/hdmi_tx_0/hdmi_tx_0_in_context.xdc, line 4).
Applied set_property IO_BUFFER_TYPE = NONE for hdmi_tmds_data_n[0]. (constraint file  c:/Users/curti/OneDrive/Documents/UIUC/ECE-385/Vivado_Projects/lab7_1/lab7_1.gen/sources_1/ip/hdmi_tx_0/hdmi_tx_0/hdmi_tx_0_in_context.xdc, line 5).
Applied set_property CLOCK_BUFFER_TYPE = NONE for hdmi_tmds_data_n[0]. (constraint file  c:/Users/curti/OneDrive/Documents/UIUC/ECE-385/Vivado_Projects/lab7_1/lab7_1.gen/sources_1/ip/hdmi_tx_0/hdmi_tx_0/hdmi_tx_0_in_context.xdc, line 6).
Applied set_property IO_BUFFER_TYPE = NONE for hdmi_tmds_data_n[1]. (constraint file  c:/Users/curti/OneDrive/Documents/UIUC/ECE-385/Vivado_Projects/lab7_1/lab7_1.gen/sources_1/ip/hdmi_tx_0/hdmi_tx_0/hdmi_tx_0_in_context.xdc, line 7).
Applied set_property CLOCK_BUFFER_TYPE = NONE for hdmi_tmds_data_n[1]. (constraint file  c:/Users/curti/OneDrive/Documents/UIUC/ECE-385/Vivado_Projects/lab7_1/lab7_1.gen/sources_1/ip/hdmi_tx_0/hdmi_tx_0/hdmi_tx_0_in_context.xdc, line 8).
Applied set_property IO_BUFFER_TYPE = NONE for hdmi_tmds_data_n[2]. (constraint file  c:/Users/curti/OneDrive/Documents/UIUC/ECE-385/Vivado_Projects/lab7_1/lab7_1.gen/sources_1/ip/hdmi_tx_0/hdmi_tx_0/hdmi_tx_0_in_context.xdc, line 9).
Applied set_property CLOCK_BUFFER_TYPE = NONE for hdmi_tmds_data_n[2]. (constraint file  c:/Users/curti/OneDrive/Documents/UIUC/ECE-385/Vivado_Projects/lab7_1/lab7_1.gen/sources_1/ip/hdmi_tx_0/hdmi_tx_0/hdmi_tx_0_in_context.xdc, line 10).
Applied set_property IO_BUFFER_TYPE = NONE for hdmi_tmds_data_p[0]. (constraint file  c:/Users/curti/OneDrive/Documents/UIUC/ECE-385/Vivado_Projects/lab7_1/lab7_1.gen/sources_1/ip/hdmi_tx_0/hdmi_tx_0/hdmi_tx_0_in_context.xdc, line 11).
Applied set_property CLOCK_BUFFER_TYPE = NONE for hdmi_tmds_data_p[0]. (constraint file  c:/Users/curti/OneDrive/Documents/UIUC/ECE-385/Vivado_Projects/lab7_1/lab7_1.gen/sources_1/ip/hdmi_tx_0/hdmi_tx_0/hdmi_tx_0_in_context.xdc, line 12).
Applied set_property IO_BUFFER_TYPE = NONE for hdmi_tmds_data_p[1]. (constraint file  c:/Users/curti/OneDrive/Documents/UIUC/ECE-385/Vivado_Projects/lab7_1/lab7_1.gen/sources_1/ip/hdmi_tx_0/hdmi_tx_0/hdmi_tx_0_in_context.xdc, line 13).
Applied set_property CLOCK_BUFFER_TYPE = NONE for hdmi_tmds_data_p[1]. (constraint file  c:/Users/curti/OneDrive/Documents/UIUC/ECE-385/Vivado_Projects/lab7_1/lab7_1.gen/sources_1/ip/hdmi_tx_0/hdmi_tx_0/hdmi_tx_0_in_context.xdc, line 14).
Applied set_property IO_BUFFER_TYPE = NONE for hdmi_tmds_data_p[2]. (constraint file  c:/Users/curti/OneDrive/Documents/UIUC/ECE-385/Vivado_Projects/lab7_1/lab7_1.gen/sources_1/ip/hdmi_tx_0/hdmi_tx_0/hdmi_tx_0_in_context.xdc, line 15).
Applied set_property CLOCK_BUFFER_TYPE = NONE for hdmi_tmds_data_p[2]. (constraint file  c:/Users/curti/OneDrive/Documents/UIUC/ECE-385/Vivado_Projects/lab7_1/lab7_1.gen/sources_1/ip/hdmi_tx_0/hdmi_tx_0/hdmi_tx_0_in_context.xdc, line 16).
Applied set_property IO_BUFFER_TYPE = NONE for Clk. (constraint file  c:/Users/curti/OneDrive/Documents/UIUC/ECE-385/Vivado_Projects/lab7_1/lab7_1.gen/sources_1/ip/clk_wiz_0/clk_wiz_0/clk_wiz_0_in_context.xdc, line 4).
Applied set_property CLOCK_BUFFER_TYPE = NONE for Clk. (constraint file  c:/Users/curti/OneDrive/Documents/UIUC/ECE-385/Vivado_Projects/lab7_1/lab7_1.gen/sources_1/ip/clk_wiz_0/clk_wiz_0/clk_wiz_0_in_context.xdc, line 5).
Applied set_property KEEP_HIERARCHY = SOFT for vga_to_hdmi. (constraint file  auto generated constraint).
Applied set_property KEEP_HIERARCHY = SOFT for clk_wiz. (constraint file  auto generated constraint).
---------------------------------------------------------------------------------
Finished applying 'set_property' XDC Constraints : Time (s): cpu = 00:00:09 ; elapsed = 00:00:10 . Memory (MB): peak = 1336.574 ; gain = 556.902
---------------------------------------------------------------------------------
---------------------------------------------------------------------------------
Start Preparing Guide Design
---------------------------------------------------------------------------------
CRITICAL WARNING: [Synth 8-6895] The reference checkpoint C:/Users/curti/OneDrive/Documents/UIUC/ECE-385/Vivado_Projects/lab7_1/lab7_1.srcs/utils_1/imports/synth_1/mb_usb_hdmi_top.dcp is not suitable for use with incremental synthesis for this design. Please regenerate the checkpoint for this design with -incremental_synth switch in the same Vivado session that synth_design has been run. Synthesis will continue with the default flow
---------------------------------------------------------------------------------
Finished Doing Graph Differ : Time (s): cpu = 00:00:09 ; elapsed = 00:00:10 . Memory (MB): peak = 1336.574 ; gain = 556.902
---------------------------------------------------------------------------------
---------------------------------------------------------------------------------
Finished Preparing Guide Design : Time (s): cpu = 00:00:09 ; elapsed = 00:00:10 . Memory (MB): peak = 1336.574 ; gain = 556.902
---------------------------------------------------------------------------------
---------------------------------------------------------------------------------
Finished RTL Optimization Phase 2 : Time (s): cpu = 00:00:09 ; elapsed = 00:00:11 . Memory (MB): peak = 1336.574 ; gain = 556.902
---------------------------------------------------------------------------------


Incremental Synthesis Report Summary:

1. Incremental synthesis run: no

   Reason for not running incremental synthesis : 


INFO: [Synth 8-7130] Flow is switching to default flow due to incremental criteria not met. If you would like to alter this behaviour and have the flow terminate instead, please set the following parameter config_implementation {autoIncr.Synth.RejectBehavior Terminate}
---------------------------------------------------------------------------------
Start RTL Component Statistics 
---------------------------------------------------------------------------------
Detailed RTL Component Info : 
+---Adders : 
	   2 Input   11 Bit       Adders := 2     
	   2 Input   10 Bit       Adders := 2     
+---Registers : 
	               32 Bit    Registers := 5     
	               10 Bit    Registers := 2     
	                4 Bit    Registers := 2     
	                2 Bit    Registers := 2     
	                1 Bit    Registers := 8     
+---Muxes : 
	   2 Input   32 Bit        Muxes := 4     
	   4 Input   32 Bit        Muxes := 1     
	   2 Input    8 Bit        Muxes := 20    
	   2 Input    1 Bit        Muxes := 5     
---------------------------------------------------------------------------------
Finished RTL Component Statistics 
---------------------------------------------------------------------------------
---------------------------------------------------------------------------------
Start Part Resource Summary
---------------------------------------------------------------------------------
Part Resources:
DSPs: 120 (col length:60)
BRAMs: 150 (col length: RAMB18 60 RAMB36 30)
---------------------------------------------------------------------------------
Finished Part Resource Summary
---------------------------------------------------------------------------------
---------------------------------------------------------------------------------
Start Cross Boundary and Area Optimization
---------------------------------------------------------------------------------
WARNING: [Synth 8-7080] Parallel synthesis criteria is not met
WARNING: [Synth 8-7129] Port axi_awprot[2] in module hdmi_text_controller_v1_0 is either unconnected or has no load
WARNING: [Synth 8-7129] Port axi_awprot[1] in module hdmi_text_controller_v1_0 is either unconnected or has no load
WARNING: [Synth 8-7129] Port axi_awprot[0] in module hdmi_text_controller_v1_0 is either unconnected or has no load
WARNING: [Synth 8-7129] Port axi_arprot[2] in module hdmi_text_controller_v1_0 is either unconnected or has no load
WARNING: [Synth 8-7129] Port axi_arprot[1] in module hdmi_text_controller_v1_0 is either unconnected or has no load
WARNING: [Synth 8-7129] Port axi_arprot[0] in module hdmi_text_controller_v1_0 is either unconnected or has no load
---------------------------------------------------------------------------------
Finished Cross Boundary and Area Optimization : Time (s): cpu = 00:00:11 ; elapsed = 00:00:12 . Memory (MB): peak = 1336.574 ; gain = 556.902
---------------------------------------------------------------------------------
---------------------------------------------------------------------------------
Start Applying XDC Timing Constraints
---------------------------------------------------------------------------------
---------------------------------------------------------------------------------
Finished Applying XDC Timing Constraints : Time (s): cpu = 00:00:15 ; elapsed = 00:00:16 . Memory (MB): peak = 1336.574 ; gain = 556.902
---------------------------------------------------------------------------------
---------------------------------------------------------------------------------
Start Timing Optimization
---------------------------------------------------------------------------------
---------------------------------------------------------------------------------
Finished Timing Optimization : Time (s): cpu = 00:00:15 ; elapsed = 00:00:17 . Memory (MB): peak = 1336.574 ; gain = 556.902
---------------------------------------------------------------------------------
---------------------------------------------------------------------------------
Start Technology Mapping
---------------------------------------------------------------------------------
---------------------------------------------------------------------------------
Finished Technology Mapping : Time (s): cpu = 00:00:15 ; elapsed = 00:00:17 . Memory (MB): peak = 1336.574 ; gain = 556.902
---------------------------------------------------------------------------------
---------------------------------------------------------------------------------
Start IO Insertion
---------------------------------------------------------------------------------
---------------------------------------------------------------------------------
Start Flattening Before IO Insertion
---------------------------------------------------------------------------------
---------------------------------------------------------------------------------
Finished Flattening Before IO Insertion
---------------------------------------------------------------------------------
---------------------------------------------------------------------------------
Start Final Netlist Cleanup
---------------------------------------------------------------------------------
---------------------------------------------------------------------------------
Finished Final Netlist Cleanup
---------------------------------------------------------------------------------
CRITICAL WARNING: [Synth 8-4442] BlackBox module vga_to_hdmi has unconnected pin red[3]
CRITICAL WARNING: [Synth 8-4442] BlackBox module vga_to_hdmi has unconnected pin red[2]
CRITICAL WARNING: [Synth 8-4442] BlackBox module vga_to_hdmi has unconnected pin red[1]
CRITICAL WARNING: [Synth 8-4442] BlackBox module vga_to_hdmi has unconnected pin red[0]
CRITICAL WARNING: [Synth 8-4442] BlackBox module vga_to_hdmi has unconnected pin green[3]
CRITICAL WARNING: [Synth 8-4442] BlackBox module vga_to_hdmi has unconnected pin green[2]
CRITICAL WARNING: [Synth 8-4442] BlackBox module vga_to_hdmi has unconnected pin green[1]
CRITICAL WARNING: [Synth 8-4442] BlackBox module vga_to_hdmi has unconnected pin green[0]
CRITICAL WARNING: [Synth 8-4442] BlackBox module vga_to_hdmi has unconnected pin blue[3]
CRITICAL WARNING: [Synth 8-4442] BlackBox module vga_to_hdmi has unconnected pin blue[2]
CRITICAL WARNING: [Synth 8-4442] BlackBox module vga_to_hdmi has unconnected pin blue[1]
CRITICAL WARNING: [Synth 8-4442] BlackBox module vga_to_hdmi has unconnected pin blue[0]
---------------------------------------------------------------------------------
Finished IO Insertion : Time (s): cpu = 00:00:18 ; elapsed = 00:00:20 . Memory (MB): peak = 1336.574 ; gain = 556.902
---------------------------------------------------------------------------------
---------------------------------------------------------------------------------
Start Renaming Generated Instances
---------------------------------------------------------------------------------
---------------------------------------------------------------------------------
Finished Renaming Generated Instances : Time (s): cpu = 00:00:18 ; elapsed = 00:00:20 . Memory (MB): peak = 1336.574 ; gain = 556.902
---------------------------------------------------------------------------------
---------------------------------------------------------------------------------
Start Rebuilding User Hierarchy
---------------------------------------------------------------------------------
---------------------------------------------------------------------------------
Finished Rebuilding User Hierarchy : Time (s): cpu = 00:00:18 ; elapsed = 00:00:20 . Memory (MB): peak = 1336.574 ; gain = 556.902
---------------------------------------------------------------------------------
---------------------------------------------------------------------------------
Start Renaming Generated Ports
---------------------------------------------------------------------------------
---------------------------------------------------------------------------------
Finished Renaming Generated Ports : Time (s): cpu = 00:00:18 ; elapsed = 00:00:20 . Memory (MB): peak = 1336.574 ; gain = 556.902
---------------------------------------------------------------------------------
---------------------------------------------------------------------------------
Start Handling Custom Attributes
---------------------------------------------------------------------------------
---------------------------------------------------------------------------------
Finished Handling Custom Attributes : Time (s): cpu = 00:00:18 ; elapsed = 00:00:20 . Memory (MB): peak = 1336.574 ; gain = 556.902
---------------------------------------------------------------------------------
---------------------------------------------------------------------------------
Start Renaming Generated Nets
---------------------------------------------------------------------------------
---------------------------------------------------------------------------------
Finished Renaming Generated Nets : Time (s): cpu = 00:00:18 ; elapsed = 00:00:20 . Memory (MB): peak = 1336.574 ; gain = 556.902
---------------------------------------------------------------------------------
---------------------------------------------------------------------------------
Start Writing Synthesis Report
---------------------------------------------------------------------------------

Report BlackBoxes: 
+------+--------------+----------+
|      |BlackBox name |Instances |
+------+--------------+----------+
|1     |clk_wiz_0     |         1|
|2     |hdmi_tx_0     |         1|
+------+--------------+----------+

Report Cell Usage: 
+------+--------+------+
|      |Cell    |Count |
+------+--------+------+
|1     |clk_wiz |     1|
|2     |hdmi_tx |     1|
|3     |BUFG    |     1|
|4     |LUT1    |     2|
|5     |LUT2    |     3|
|6     |LUT3    |     4|
|7     |LUT4    |    24|
|8     |LUT5    |    12|
|9     |LUT6    |    44|
|10    |FDCE    |    22|
|11    |FDRE    |   169|
|12    |FDSE    |     1|
|13    |IBUF    |    48|
|14    |OBUF    |    41|
+------+--------+------+
---------------------------------------------------------------------------------
Finished Writing Synthesis Report : Time (s): cpu = 00:00:18 ; elapsed = 00:00:20 . Memory (MB): peak = 1336.574 ; gain = 556.902
---------------------------------------------------------------------------------
Synthesis finished with 0 errors, 13 critical warnings and 7 warnings.
Synthesis Optimization Runtime : Time (s): cpu = 00:00:13 ; elapsed = 00:00:19 . Memory (MB): peak = 1336.574 ; gain = 501.523
Synthesis Optimization Complete : Time (s): cpu = 00:00:18 ; elapsed = 00:00:20 . Memory (MB): peak = 1336.574 ; gain = 556.902
INFO: [Project 1-571] Translating synthesized netlist
Netlist sorting complete. Time (s): cpu = 00:00:00 ; elapsed = 00:00:00.003 . Memory (MB): peak = 1336.574 ; gain = 0.000
INFO: [Project 1-570] Preparing netlist for logic optimization
INFO: [Opt 31-138] Pushed 0 inverter(s) to 0 load pin(s).
Netlist sorting complete. Time (s): cpu = 00:00:00 ; elapsed = 00:00:00 . Memory (MB): peak = 1336.574 ; gain = 0.000
INFO: [Project 1-111] Unisim Transformation Summary:
No Unisim elements were transformed.

Synth Design complete, checksum: dacdae31
INFO: [Common 17-83] Releasing license: Synthesis
32 Infos, 96 Warnings, 14 Critical Warnings and 0 Errors encountered.
synth_design completed successfully
synth_design: Time (s): cpu = 00:00:21 ; elapsed = 00:00:23 . Memory (MB): peak = 1336.574 ; gain = 932.406
INFO: [runtcl-6] Synthesis results are not added to the cache due to CRITICAL_WARNING
INFO: [Common 17-1381] The checkpoint 'C:/Users/curti/OneDrive/Documents/UIUC/ECE-385/Vivado_Projects/lab7_1/lab7_1.runs/synth_1/hdmi_text_controller_v1_0.dcp' has been generated.
INFO: [runtcl-4] Executing : report_utilization -file hdmi_text_controller_v1_0_utilization_synth.rpt -pb hdmi_text_controller_v1_0_utilization_synth.pb
INFO: [Common 17-206] Exiting Vivado at Wed Oct 30 16:57:22 2024...
