Copyright 1986-2022 Xilinx, Inc. All Rights Reserved.
---------------------------------------------------------------------------------------------------------------------------------------
| Tool Version : Vivado v.2022.2 (win64) Build 3671981 Fri Oct 14 05:00:03 MDT 2022
| Date         : Thu Oct 31 15:01:51 2024
| Host         : Curtis-Laptop running 64-bit major release  (build 9200)
| Command      : report_drc -file mb_usb_hdmi_top_drc_routed.rpt -pb mb_usb_hdmi_top_drc_routed.pb -rpx mb_usb_hdmi_top_drc_routed.rpx
| Design       : mb_usb_hdmi_top
| Device       : xc7s50csga324-1
| Speed File   : -1
| Design State : Fully Routed
---------------------------------------------------------------------------------------------------------------------------------------

Report DRC

Table of Contents
-----------------
1. REPORT SUMMARY
2. REPORT DETAILS

1. REPORT SUMMARY
-----------------
            Netlist: netlist
          Floorplan: design_1
      Design limits: <entire design considered>
           Ruledeck: default
             Max violations: <unlimited>
             Violations found: 9
+-------------+------------------+-----------------------------------------------------+------------+
| Rule        | Severity         | Description                                         | Violations |
+-------------+------------------+-----------------------------------------------------+------------+
| IOSTDTYPE-1 | Critical Warning | IOStandard Type                                     | 8          |
| CFGBVS-1    | Warning          | Missing CFGBVS and CONFIG_VOLTAGE Design Properties | 1          |
+-------------+------------------+-----------------------------------------------------+------------+

2. REPORT DETAILS
-----------------
IOSTDTYPE-1#1 Critical Warning
IOStandard Type  
I/O port hdmi_tmds_clk_n is Single-Ended but has an IOStandard of TMDS_33 which can only support Differential
Related violations: <none>

IOSTDTYPE-1#2 Critical Warning
IOStandard Type  
I/O port hdmi_tmds_clk_p is Single-Ended but has an IOStandard of TMDS_33 which can only support Differential
Related violations: <none>

IOSTDTYPE-1#3 Critical Warning
IOStandard Type  
I/O port hdmi_tmds_data_n[0] is Single-Ended but has an IOStandard of TMDS_33 which can only support Differential
Related violations: <none>

IOSTDTYPE-1#4 Critical Warning
IOStandard Type  
I/O port hdmi_tmds_data_n[1] is Single-Ended but has an IOStandard of TMDS_33 which can only support Differential
Related violations: <none>

IOSTDTYPE-1#5 Critical Warning
IOStandard Type  
I/O port hdmi_tmds_data_n[2] is Single-Ended but has an IOStandard of TMDS_33 which can only support Differential
Related violations: <none>

IOSTDTYPE-1#6 Critical Warning
IOStandard Type  
I/O port hdmi_tmds_data_p[0] is Single-Ended but has an IOStandard of TMDS_33 which can only support Differential
Related violations: <none>

IOSTDTYPE-1#7 Critical Warning
IOStandard Type  
I/O port hdmi_tmds_data_p[1] is Single-Ended but has an IOStandard of TMDS_33 which can only support Differential
Related violations: <none>

IOSTDTYPE-1#8 Critical Warning
IOStandard Type  
I/O port hdmi_tmds_data_p[2] is Single-Ended but has an IOStandard of TMDS_33 which can only support Differential
Related violations: <none>

CFGBVS-1#1 Warning
Missing CFGBVS and CONFIG_VOLTAGE Design Properties  
Neither the CFGBVS nor CONFIG_VOLTAGE voltage property is set in the current_design.  Configuration bank voltage select (CFGBVS) must be set to VCCO or GND, and CONFIG_VOLTAGE must be set to the correct configuration voltage, in order to determine the I/O voltage support for the pins in bank 0.  It is suggested to specify these either using the 'Edit Device Properties' function in the GUI or directly in the XDC file using the following syntax:

 set_property CFGBVS value1 [current_design]
 #where value1 is either VCCO or GND

 set_property CONFIG_VOLTAGE value2 [current_design]
 #where value2 is the voltage provided to configuration bank 0

Refer to the device configuration user guide for more information.
Related violations: <none>


